Archive member included to satisfy reference by file (symbol)

C:\Users\virskl\Documents\GitHub\Wordclock\Wordclock\Wordclock\ArduinoCore\Debug\libArduinoCore.a(main.o)
                              C:/Program Files (x86)/Atmel/Studio/7.0/Packs/atmel/ATmega_DFP/1.2.150/gcc/dev/atmega328p/avr5/crtatmega328p.o (main)
C:\Users\virskl\Documents\GitHub\Wordclock\Wordclock\Wordclock\ArduinoCore\Debug\libArduinoCore.a(wiring.o)
                              src/WS2812/WS2812.o (micros)
C:\Users\virskl\Documents\GitHub\Wordclock\Wordclock\Wordclock\ArduinoCore\Debug\libArduinoCore.a(wiring_digital.o)
                              src/WS2812/WS2812.o (pinMode)
C:\Users\virskl\Documents\GitHub\Wordclock\Wordclock\Wordclock\ArduinoCore\Debug\libArduinoCore.a(hooks.o)
                              C:\Users\virskl\Documents\GitHub\Wordclock\Wordclock\Wordclock\ArduinoCore\Debug\libArduinoCore.a(wiring.o) (yield)
c:/program files (x86)/atmel/studio/7.0/toolchain/avr8/avr8-gnu-toolchain/bin/../lib/gcc/avr/5.4.0/avr5\libgcc.a(_udivmodqi4.o)
                              src/Clock/Clock.o (__udivmodqi4)
c:/program files (x86)/atmel/studio/7.0/toolchain/avr8/avr8-gnu-toolchain/bin/../lib/gcc/avr/5.4.0/avr5\libgcc.a(_exit.o)
                              C:/Program Files (x86)/Atmel/Studio/7.0/Packs/atmel/ATmega_DFP/1.2.150/gcc/dev/atmega328p/avr5/crtatmega328p.o (exit)
c:/program files (x86)/atmel/studio/7.0/toolchain/avr8/avr8-gnu-toolchain/bin/../lib/gcc/avr/5.4.0/avr5\libgcc.a(_clear_bss.o)
                              Sketch.o (__do_clear_bss)
c:/program files (x86)/atmel/studio/7.0/toolchain/avr8/avr8-gnu-toolchain/bin/../lib/gcc/avr/5.4.0/avr5\libgcc.a(_ctors.o)
                              Sketch.o (__do_global_ctors)
c:/program files (x86)/atmel/studio/7.0/toolchain/avr8/avr8-gnu-toolchain/bin/../lib/gcc/avr/5.4.0/avr5\libgcc.a(_dtors.o)
                              Sketch.o (__do_global_dtors)
c:/program files (x86)/atmel/studio/7.0/toolchain/avr8/avr8-gnu-toolchain/bin/../lib/gcc/avr/5.4.0/avr5\libgcc.a(_ashldi3.o)
                              src/Display/Display.o (__ashldi3)
c:/program files (x86)/atmel/studio/7.0/toolchain/avr8/avr8-gnu-toolchain/bin/../lib/gcc/avr/5.4.0/avr5\libgcc.a(_ashrdi3.o)
                              src/Display/Display.o (__lshrdi3)
c:/program files (x86)/atmel/studio/7.0/toolchain/avr8/avr8-gnu-toolchain/bin/../lib/gcc/avr/5.4.0/avr5\libgcc.a(_cmpdi2_s8.o)
                              src/Display/Display.o (__cmpdi2_s8)
c:/program files (x86)/atmel/studio/7.0/toolchain/avr8/avr8-gnu-toolchain/bin/../lib/gcc/avr/5.4.0/avr5\libgcc.a(_tablejump2.o)
                              c:/program files (x86)/atmel/studio/7.0/toolchain/avr8/avr8-gnu-toolchain/bin/../lib/gcc/avr/5.4.0/avr5\libgcc.a(_ctors.o) (__tablejump2__)
c:/program files (x86)/atmel/studio/7.0/toolchain/avr8/avr8-gnu-toolchain/bin/../lib/gcc/avr/5.4.0/../../../../avr/lib/avr5\libc.a(memcpy_P.o)
                              src/Clock/Clock.o (memcpy_P)

Discarded input sections

 .data          0x00000000        0x0 C:/Program Files (x86)/Atmel/Studio/7.0/Packs/atmel/ATmega_DFP/1.2.150/gcc/dev/atmega328p/avr5/crtatmega328p.o
 .bss           0x00000000        0x0 C:/Program Files (x86)/Atmel/Studio/7.0/Packs/atmel/ATmega_DFP/1.2.150/gcc/dev/atmega328p/avr5/crtatmega328p.o
 .group         0x00000000        0x8 Sketch.o
 .group         0x00000000        0x8 Sketch.o
 .group         0x00000000        0x8 Sketch.o
 .group         0x00000000        0x8 Sketch.o
 .group         0x00000000        0x8 Sketch.o
 .group         0x00000000        0x8 Sketch.o
 .group         0x00000000        0x8 Sketch.o
 .group         0x00000000        0x8 Sketch.o
 .group         0x00000000        0x8 Sketch.o
 .group         0x00000000        0x8 Sketch.o
 .group         0x00000000        0x8 Sketch.o
 .group         0x00000000        0x8 Sketch.o
 .group         0x00000000        0x8 Sketch.o
 .group         0x00000000        0x8 Sketch.o
 .group         0x00000000        0x8 Sketch.o
 .group         0x00000000        0x8 Sketch.o
 .group         0x00000000        0x8 Sketch.o
 .group         0x00000000        0x8 Sketch.o
 .group         0x00000000        0x8 Sketch.o
 .group         0x00000000        0x8 Sketch.o
 .group         0x00000000        0x8 Sketch.o
 .group         0x00000000        0x8 Sketch.o
 .group         0x00000000        0x8 Sketch.o
 .group         0x00000000        0x8 Sketch.o
 .group         0x00000000        0x8 Sketch.o
 .group         0x00000000        0x8 Sketch.o
 .group         0x00000000        0x8 Sketch.o
 .group         0x00000000        0x8 Sketch.o
 .group         0x00000000        0x8 Sketch.o
 .group         0x00000000        0x8 Sketch.o
 .group         0x00000000        0x8 Sketch.o
 .group         0x00000000        0x8 Sketch.o
 .group         0x00000000        0x8 Sketch.o
 .group         0x00000000        0x8 Sketch.o
 .group         0x00000000        0x8 Sketch.o
 .group         0x00000000        0x8 Sketch.o
 .group         0x00000000        0x8 Sketch.o
 .group         0x00000000        0x8 Sketch.o
 .group         0x00000000        0x8 Sketch.o
 .text          0x00000000        0x0 Sketch.o
 .data          0x00000000        0x0 Sketch.o
 .bss           0x00000000        0x0 Sketch.o
 .bss.flag      0x00000000        0x2 Sketch.o
 .group         0x00000000        0x8 src/Animation/Animation.o
 .group         0x00000000        0x8 src/Animation/Animation.o
 .group         0x00000000        0x8 src/Animation/Animation.o
 .group         0x00000000        0x8 src/Animation/Animation.o
 .group         0x00000000        0x8 src/Animation/Animation.o
 .group         0x00000000        0x8 src/Animation/Animation.o
 .group         0x00000000        0x8 src/Animation/Animation.o
 .group         0x00000000        0x8 src/Animation/Animation.o
 .group         0x00000000        0x8 src/Animation/Animation.o
 .group         0x00000000        0x8 src/Animation/Animation.o
 .group         0x00000000        0x8 src/Animation/Animation.o
 .group         0x00000000        0x8 src/Animation/Animation.o
 .group         0x00000000        0x8 src/Animation/Animation.o
 .group         0x00000000        0x8 src/Animation/Animation.o
 .group         0x00000000        0x8 src/Animation/Animation.o
 .group         0x00000000        0x8 src/Animation/Animation.o
 .group         0x00000000        0x8 src/Animation/Animation.o
 .group         0x00000000        0x8 src/Animation/Animation.o
 .group         0x00000000        0x8 src/Animation/Animation.o
 .group         0x00000000        0x8 src/Animation/Animation.o
 .group         0x00000000        0x8 src/Animation/Animation.o
 .group         0x00000000        0x8 src/Animation/Animation.o
 .group         0x00000000        0x8 src/Animation/Animation.o
 .group         0x00000000        0x8 src/Animation/Animation.o
 .group         0x00000000        0x8 src/Animation/Animation.o
 .group         0x00000000        0x8 src/Animation/Animation.o
 .group         0x00000000        0x8 src/Animation/Animation.o
 .group         0x00000000        0x8 src/Animation/Animation.o
 .group         0x00000000        0x8 src/Animation/Animation.o
 .group         0x00000000        0x8 src/Animation/Animation.o
 .group         0x00000000        0x8 src/Animation/Animation.o
 .group         0x00000000        0x8 src/Animation/Animation.o
 .group         0x00000000        0x8 src/Animation/Animation.o
 .group         0x00000000        0x8 src/Animation/Animation.o
 .group         0x00000000        0x8 src/Animation/Animation.o
 .group         0x00000000        0x8 src/Animation/Animation.o
 .group         0x00000000        0x8 src/Animation/Animation.o
 .group         0x00000000        0x8 src/Animation/Animation.o
 .text          0x00000000        0x0 src/Animation/Animation.o
 .data          0x00000000        0x0 src/Animation/Animation.o
 .bss           0x00000000        0x0 src/Animation/Animation.o
 .text._ZN9AnimationC2EP7Display
                0x00000000        0x8 src/Animation/Animation.o
 .text._ZN9AnimationD2Ev
                0x00000000        0x2 src/Animation/Animation.o
 .text._ZN9Animation4initEv
                0x00000000        0x2 src/Animation/Animation.o
 .text._ZN9Animation21setCharFontHorizontalEhhhPKhhh
                0x00000000       0xb6 src/Animation/Animation.o
 .text._ZN9Animation19setCharFontVerticalEhhhPKhhh
                0x00000000       0xa4 src/Animation/Animation.o
 .text._ZN9Animation7setCharEhhhNS_8FontTypeE
                0x00000000       0x76 src/Animation/Animation.o
 .text._ZN9Animation22convertCharToFontIndexEhPh
                0x00000000        0x8 src/Animation/Animation.o
 .debug_info    0x00000000     0x1a68 src/Animation/Animation.o
 .debug_abbrev  0x00000000      0x302 src/Animation/Animation.o
 .debug_loc     0x00000000      0xae9 src/Animation/Animation.o
 .debug_aranges
                0x00000000       0x50 src/Animation/Animation.o
 .debug_ranges  0x00000000      0x100 src/Animation/Animation.o
 .debug_macro   0x00000000      0xe47 src/Animation/Animation.o
 .debug_macro   0x00000000       0x1c src/Animation/Animation.o
 .debug_macro   0x00000000      0x1c9 src/Animation/Animation.o
 .debug_macro   0x00000000       0x1c src/Animation/Animation.o
 .debug_macro   0x00000000      0x10e src/Animation/Animation.o
 .debug_macro   0x00000000       0x66 src/Animation/Animation.o
 .debug_macro   0x00000000       0x16 src/Animation/Animation.o
 .debug_macro   0x00000000       0x16 src/Animation/Animation.o
 .debug_macro   0x00000000       0x20 src/Animation/Animation.o
 .debug_macro   0x00000000      0x160 src/Animation/Animation.o
 .debug_macro   0x00000000       0x10 src/Animation/Animation.o
 .debug_macro   0x00000000      0x302 src/Animation/Animation.o
 .debug_macro   0x00000000       0x12 src/Animation/Animation.o
 .debug_macro   0x00000000       0xaa src/Animation/Animation.o
 .debug_macro   0x00000000     0x1410 src/Animation/Animation.o
 .debug_macro   0x00000000      0x13a src/Animation/Animation.o
 .debug_macro   0x00000000       0xbd src/Animation/Animation.o
 .debug_macro   0x00000000       0x34 src/Animation/Animation.o
 .debug_macro   0x00000000       0x18 src/Animation/Animation.o
 .debug_macro   0x00000000       0x6c src/Animation/Animation.o
 .debug_macro   0x00000000       0xe2 src/Animation/Animation.o
 .debug_macro   0x00000000       0x69 src/Animation/Animation.o
 .debug_macro   0x00000000      0xd93 src/Animation/Animation.o
 .debug_macro   0x00000000      0x1d8 src/Animation/Animation.o
 .debug_macro   0x00000000       0x10 src/Animation/Animation.o
 .debug_macro   0x00000000       0x58 src/Animation/Animation.o
 .debug_macro   0x00000000       0x10 src/Animation/Animation.o
 .debug_macro   0x00000000       0xf2 src/Animation/Animation.o
 .debug_macro   0x00000000       0x1c src/Animation/Animation.o
 .debug_macro   0x00000000       0x11 src/Animation/Animation.o
 .debug_macro   0x00000000       0xa7 src/Animation/Animation.o
 .debug_macro   0x00000000       0x94 src/Animation/Animation.o
 .debug_macro   0x00000000       0x33 src/Animation/Animation.o
 .debug_macro   0x00000000       0x10 src/Animation/Animation.o
 .debug_macro   0x00000000       0xa8 src/Animation/Animation.o
 .debug_macro   0x00000000       0x76 src/Animation/Animation.o
 .debug_macro   0x00000000       0x70 src/Animation/Animation.o
 .debug_macro   0x00000000       0x28 src/Animation/Animation.o
 .debug_macro   0x00000000       0x5e src/Animation/Animation.o
 .debug_line    0x00000000      0x659 src/Animation/Animation.o
 .debug_str     0x00000000     0xdae4 src/Animation/Animation.o
 .comment       0x00000000       0x31 src/Animation/Animation.o
 .debug_frame   0x00000000      0x130 src/Animation/Animation.o
 .group         0x00000000        0x8 src/Animation/Font.o
 .group         0x00000000        0x8 src/Animation/Font.o
 .group         0x00000000        0x8 src/Animation/Font.o
 .group         0x00000000        0x8 src/Animation/Font.o
 .group         0x00000000        0x8 src/Animation/Font.o
 .group         0x00000000        0x8 src/Animation/Font.o
 .group         0x00000000        0x8 src/Animation/Font.o
 .group         0x00000000        0x8 src/Animation/Font.o
 .group         0x00000000        0x8 src/Animation/Font.o
 .group         0x00000000        0x8 src/Animation/Font.o
 .group         0x00000000        0x8 src/Animation/Font.o
 .group         0x00000000        0x8 src/Animation/Font.o
 .group         0x00000000        0x8 src/Animation/Font.o
 .group         0x00000000        0x8 src/Animation/Font.o
 .group         0x00000000        0x8 src/Animation/Font.o
 .group         0x00000000        0x8 src/Animation/Font.o
 .group         0x00000000        0x8 src/Animation/Font.o
 .group         0x00000000        0x8 src/Animation/Font.o
 .group         0x00000000        0x8 src/Animation/Font.o
 .group         0x00000000        0x8 src/Animation/Font.o
 .group         0x00000000        0x8 src/Animation/Font.o
 .group         0x00000000        0x8 src/Animation/Font.o
 .group         0x00000000        0x8 src/Animation/Font.o
 .group         0x00000000        0x8 src/Animation/Font.o
 .group         0x00000000        0x8 src/Animation/Font.o
 .group         0x00000000        0x8 src/Animation/Font.o
 .group         0x00000000        0x8 src/Animation/Font.o
 .group         0x00000000        0x8 src/Animation/Font.o
 .group         0x00000000        0x8 src/Animation/Font.o
 .group         0x00000000        0x8 src/Animation/Font.o
 .group         0x00000000        0x8 src/Animation/Font.o
 .group         0x00000000        0x8 src/Animation/Font.o
 .group         0x00000000        0x8 src/Animation/Font.o
 .group         0x00000000        0x8 src/Animation/Font.o
 .group         0x00000000        0x8 src/Animation/Font.o
 .group         0x00000000        0x8 src/Animation/Font.o
 .group         0x00000000        0x8 src/Animation/Font.o
 .group         0x00000000        0x8 src/Animation/Font.o
 .text          0x00000000        0x0 src/Animation/Font.o
 .data          0x00000000        0x0 src/Animation/Font.o
 .bss           0x00000000        0x0 src/Animation/Font.o
 .progmem.data._ZN9Animation8Font_8x8E
                0x00000000      0x800 src/Animation/Font.o
 .progmem.data._ZN9Animation9Font_6x10E
                0x00000000      0xa00 src/Animation/Font.o
 .progmem.data._ZN9Animation8Font_6x8E
                0x00000000      0x600 src/Animation/Font.o
 .progmem.data._ZN9Animation8Font_5x8E
                0x00000000      0x500 src/Animation/Font.o
 .progmem.data._ZN9Animation8Font_4x6E
                0x00000000      0x400 src/Animation/Font.o
 .debug_info    0x00000000     0x15b9 src/Animation/Font.o
 .debug_abbrev  0x00000000      0x1bf src/Animation/Font.o
 .debug_aranges
                0x00000000       0x18 src/Animation/Font.o
 .debug_macro   0x00000000      0xe47 src/Animation/Font.o
 .debug_macro   0x00000000       0x1c src/Animation/Font.o
 .debug_macro   0x00000000      0x1c9 src/Animation/Font.o
 .debug_macro   0x00000000       0x1c src/Animation/Font.o
 .debug_macro   0x00000000      0x10e src/Animation/Font.o
 .debug_macro   0x00000000       0x66 src/Animation/Font.o
 .debug_macro   0x00000000       0x16 src/Animation/Font.o
 .debug_macro   0x00000000       0x16 src/Animation/Font.o
 .debug_macro   0x00000000       0x20 src/Animation/Font.o
 .debug_macro   0x00000000      0x160 src/Animation/Font.o
 .debug_macro   0x00000000       0x10 src/Animation/Font.o
 .debug_macro   0x00000000      0x302 src/Animation/Font.o
 .debug_macro   0x00000000       0x12 src/Animation/Font.o
 .debug_macro   0x00000000       0xaa src/Animation/Font.o
 .debug_macro   0x00000000     0x1410 src/Animation/Font.o
 .debug_macro   0x00000000      0x13a src/Animation/Font.o
 .debug_macro   0x00000000       0xbd src/Animation/Font.o
 .debug_macro   0x00000000       0x34 src/Animation/Font.o
 .debug_macro   0x00000000       0x18 src/Animation/Font.o
 .debug_macro   0x00000000       0x6c src/Animation/Font.o
 .debug_macro   0x00000000       0xe2 src/Animation/Font.o
 .debug_macro   0x00000000       0x69 src/Animation/Font.o
 .debug_macro   0x00000000      0xd93 src/Animation/Font.o
 .debug_macro   0x00000000      0x1d8 src/Animation/Font.o
 .debug_macro   0x00000000       0x10 src/Animation/Font.o
 .debug_macro   0x00000000       0x58 src/Animation/Font.o
 .debug_macro   0x00000000       0x10 src/Animation/Font.o
 .debug_macro   0x00000000       0xf2 src/Animation/Font.o
 .debug_macro   0x00000000       0x1c src/Animation/Font.o
 .debug_macro   0x00000000       0x11 src/Animation/Font.o
 .debug_macro   0x00000000       0xa7 src/Animation/Font.o
 .debug_macro   0x00000000       0x94 src/Animation/Font.o
 .debug_macro   0x00000000       0x33 src/Animation/Font.o
 .debug_macro   0x00000000       0x10 src/Animation/Font.o
 .debug_macro   0x00000000       0xa8 src/Animation/Font.o
 .debug_macro   0x00000000       0x76 src/Animation/Font.o
 .debug_macro   0x00000000       0x70 src/Animation/Font.o
 .debug_macro   0x00000000       0x28 src/Animation/Font.o
 .debug_macro   0x00000000       0x5e src/Animation/Font.o
 .debug_line    0x00000000      0x4a1 src/Animation/Font.o
 .debug_str     0x00000000     0xda88 src/Animation/Font.o
 .comment       0x00000000       0x31 src/Animation/Font.o
 .group         0x00000000        0x8 src/Clock/Clock.o
 .group         0x00000000        0x8 src/Clock/Clock.o
 .group         0x00000000        0x8 src/Clock/Clock.o
 .group         0x00000000        0x8 src/Clock/Clock.o
 .group         0x00000000        0x8 src/Clock/Clock.o
 .group         0x00000000        0x8 src/Clock/Clock.o
 .group         0x00000000        0x8 src/Clock/Clock.o
 .group         0x00000000        0x8 src/Clock/Clock.o
 .group         0x00000000        0x8 src/Clock/Clock.o
 .group         0x00000000        0x8 src/Clock/Clock.o
 .group         0x00000000        0x8 src/Clock/Clock.o
 .group         0x00000000        0x8 src/Clock/Clock.o
 .group         0x00000000        0x8 src/Clock/Clock.o
 .group         0x00000000        0x8 src/Clock/Clock.o
 .group         0x00000000        0x8 src/Clock/Clock.o
 .group         0x00000000        0x8 src/Clock/Clock.o
 .group         0x00000000        0x8 src/Clock/Clock.o
 .group         0x00000000        0x8 src/Clock/Clock.o
 .group         0x00000000        0x8 src/Clock/Clock.o
 .group         0x00000000        0x8 src/Clock/Clock.o
 .group         0x00000000        0x8 src/Clock/Clock.o
 .group         0x00000000        0x8 src/Clock/Clock.o
 .group         0x00000000        0x8 src/Clock/Clock.o
 .group         0x00000000        0x8 src/Clock/Clock.o
 .group         0x00000000        0x8 src/Clock/Clock.o
 .group         0x00000000        0x8 src/Clock/Clock.o
 .group         0x00000000        0x8 src/Clock/Clock.o
 .group         0x00000000        0x8 src/Clock/Clock.o
 .group         0x00000000        0x8 src/Clock/Clock.o
 .group         0x00000000        0x8 src/Clock/Clock.o
 .group         0x00000000        0x8 src/Clock/Clock.o
 .group         0x00000000        0x8 src/Clock/Clock.o
 .group         0x00000000        0x8 src/Clock/Clock.o
 .group         0x00000000        0x8 src/Clock/Clock.o
 .group         0x00000000        0x8 src/Clock/Clock.o
 .group         0x00000000        0x8 src/Clock/Clock.o
 .group         0x00000000        0x8 src/Clock/Clock.o
 .group         0x00000000        0x8 src/Clock/Clock.o
 .text          0x00000000        0x0 src/Clock/Clock.o
 .data          0x00000000        0x0 src/Clock/Clock.o
 .bss           0x00000000        0x0 src/Clock/Clock.o
 .text._ZNK5Clock17compareClockWordsEPNS_14ClockWordsTypeES1_
                0x00000000       0x42 src/Clock/Clock.o
 .debug_macro   0x00000000       0x1c src/Clock/Clock.o
 .debug_macro   0x00000000      0x1c9 src/Clock/Clock.o
 .debug_macro   0x00000000       0x1c src/Clock/Clock.o
 .debug_macro   0x00000000      0x10e src/Clock/Clock.o
 .debug_macro   0x00000000       0x66 src/Clock/Clock.o
 .debug_macro   0x00000000       0x16 src/Clock/Clock.o
 .debug_macro   0x00000000       0x16 src/Clock/Clock.o
 .debug_macro   0x00000000       0x20 src/Clock/Clock.o
 .debug_macro   0x00000000      0x160 src/Clock/Clock.o
 .debug_macro   0x00000000       0x10 src/Clock/Clock.o
 .debug_macro   0x00000000      0x302 src/Clock/Clock.o
 .debug_macro   0x00000000       0x12 src/Clock/Clock.o
 .debug_macro   0x00000000       0xaa src/Clock/Clock.o
 .debug_macro   0x00000000     0x1410 src/Clock/Clock.o
 .debug_macro   0x00000000      0x13a src/Clock/Clock.o
 .debug_macro   0x00000000       0xbd src/Clock/Clock.o
 .debug_macro   0x00000000       0x34 src/Clock/Clock.o
 .debug_macro   0x00000000       0x18 src/Clock/Clock.o
 .debug_macro   0x00000000       0x6c src/Clock/Clock.o
 .debug_macro   0x00000000       0xe2 src/Clock/Clock.o
 .debug_macro   0x00000000       0x69 src/Clock/Clock.o
 .debug_macro   0x00000000      0xd93 src/Clock/Clock.o
 .debug_macro   0x00000000      0x1d8 src/Clock/Clock.o
 .debug_macro   0x00000000       0x10 src/Clock/Clock.o
 .debug_macro   0x00000000       0x58 src/Clock/Clock.o
 .debug_macro   0x00000000       0x10 src/Clock/Clock.o
 .debug_macro   0x00000000       0xf2 src/Clock/Clock.o
 .debug_macro   0x00000000       0x1c src/Clock/Clock.o
 .debug_macro   0x00000000       0x11 src/Clock/Clock.o
 .debug_macro   0x00000000       0xa7 src/Clock/Clock.o
 .debug_macro   0x00000000       0x94 src/Clock/Clock.o
 .debug_macro   0x00000000       0x33 src/Clock/Clock.o
 .debug_macro   0x00000000       0x10 src/Clock/Clock.o
 .debug_macro   0x00000000       0xa8 src/Clock/Clock.o
 .debug_macro   0x00000000       0x76 src/Clock/Clock.o
 .debug_macro   0x00000000       0x70 src/Clock/Clock.o
 .debug_macro   0x00000000       0x28 src/Clock/Clock.o
 .group         0x00000000        0x8 src/Display/Display.o
 .group         0x00000000        0x8 src/Display/Display.o
 .group         0x00000000        0x8 src/Display/Display.o
 .group         0x00000000        0x8 src/Display/Display.o
 .group         0x00000000        0x8 src/Display/Display.o
 .group         0x00000000        0x8 src/Display/Display.o
 .group         0x00000000        0x8 src/Display/Display.o
 .group         0x00000000        0x8 src/Display/Display.o
 .group         0x00000000        0x8 src/Display/Display.o
 .group         0x00000000        0x8 src/Display/Display.o
 .group         0x00000000        0x8 src/Display/Display.o
 .group         0x00000000        0x8 src/Display/Display.o
 .group         0x00000000        0x8 src/Display/Display.o
 .group         0x00000000        0x8 src/Display/Display.o
 .group         0x00000000        0x8 src/Display/Display.o
 .group         0x00000000        0x8 src/Display/Display.o
 .group         0x00000000        0x8 src/Display/Display.o
 .group         0x00000000        0x8 src/Display/Display.o
 .group         0x00000000        0x8 src/Display/Display.o
 .group         0x00000000        0x8 src/Display/Display.o
 .group         0x00000000        0x8 src/Display/Display.o
 .group         0x00000000        0x8 src/Display/Display.o
 .group         0x00000000        0x8 src/Display/Display.o
 .group         0x00000000        0x8 src/Display/Display.o
 .group         0x00000000        0x8 src/Display/Display.o
 .group         0x00000000        0x8 src/Display/Display.o
 .group         0x00000000        0x8 src/Display/Display.o
 .group         0x00000000        0x8 src/Display/Display.o
 .group         0x00000000        0x8 src/Display/Display.o
 .group         0x00000000        0x8 src/Display/Display.o
 .group         0x00000000        0x8 src/Display/Display.o
 .group         0x00000000        0x8 src/Display/Display.o
 .group         0x00000000        0x8 src/Display/Display.o
 .group         0x00000000        0x8 src/Display/Display.o
 .group         0x00000000        0x8 src/Display/Display.o
 .group         0x00000000        0x8 src/Display/Display.o
 .group         0x00000000        0x8 src/Display/Display.o
 .text          0x00000000        0x0 src/Display/Display.o
 .data          0x00000000        0x0 src/Display/Display.o
 .bss           0x00000000        0x0 src/Display/Display.o
 .text._ZN7DisplayC2E15WS2812PixelType
                0x00000000       0x34 src/Display/Display.o
 .text._ZN7Display4initEv
                0x00000000       0x1c src/Display/Display.o
 .text._ZNK7Display12getCharacterEhhPc
                0x00000000       0x28 src/Display/Display.o
 .text._ZNK7Display12getCharacterEhPc
                0x00000000       0x2c src/Display/Display.o
 .text._ZNK7Display19getWordIlluminationENS_8WordTypeEPNS_20WordIlluminationTypeE
                0x00000000       0x22 src/Display/Display.o
 .text._ZNK7Display8getPixelEhhPb
                0x00000000       0x62 src/Display/Display.o
 .text._ZNK7Display8getPixelEhPb
                0x00000000       0x16 src/Display/Display.o
 .text._ZNK7Display11getPixelRowEhPj
                0x00000000       0xc4 src/Display/Display.o
 .text._ZNK7Display14getPixelColumnEhPj
                0x00000000       0xc4 src/Display/Display.o
 .text._ZNK7Display12getPixelFastEhh
                0x00000000       0x2c src/Display/Display.o
 .text._ZNK7Display12getPixelFastEh
                0x00000000       0x14 src/Display/Display.o
 .text._ZNK7Display15getPixelRowFastEh
                0x00000000       0x96 src/Display/Display.o
 .text._ZNK7Display18getPixelColumnFastEh
                0x00000000       0x96 src/Display/Display.o
 .text._ZN7Display8setPixelEh
                0x00000000       0x14 src/Display/Display.o
 .text._ZN7Display12setPixelFastEhh
                0x00000000       0x24 src/Display/Display.o
 .text._ZN7Display11setWordFastENS_8WordTypeEh
                0x00000000       0x44 src/Display/Display.o
 .text._ZN7Display12setPixelFastEh
                0x00000000       0x14 src/Display/Display.o
 .text._ZN7Display10clearPixelEh
                0x00000000       0x14 src/Display/Display.o
 .text._ZN7Display14setPixelColumnEhj
                0x00000000       0xa2 src/Display/Display.o
 .text._ZN7Display11setPixelRowEhj
                0x00000000       0xa2 src/Display/Display.o
 .text._ZN7Display14clearPixelFastEhh
                0x00000000       0x24 src/Display/Display.o
 .text._ZN7Display13clearWordFastENS_8WordTypeE
                0x00000000       0x3e src/Display/Display.o
 .text._ZN7Display17clearAllWordsFastEv
                0x00000000       0x20 src/Display/Display.o
 .text._ZN7Display14clearPixelFastEh
                0x00000000       0x14 src/Display/Display.o
 .text._ZN7Display18setPixelColumnFastEhj
                0x00000000       0x94 src/Display/Display.o
 .text._ZN7Display15setPixelRowFastEhj
                0x00000000       0x94 src/Display/Display.o
 .progmem.data._ZN7Display17DisplayCharactersE
                0x00000000       0x78 src/Display/Display.o
 .debug_macro   0x00000000       0x1c src/Display/Display.o
 .debug_macro   0x00000000      0x1c9 src/Display/Display.o
 .debug_macro   0x00000000       0x1c src/Display/Display.o
 .debug_macro   0x00000000      0x10e src/Display/Display.o
 .debug_macro   0x00000000       0x66 src/Display/Display.o
 .debug_macro   0x00000000       0x16 src/Display/Display.o
 .debug_macro   0x00000000       0x16 src/Display/Display.o
 .debug_macro   0x00000000       0x20 src/Display/Display.o
 .debug_macro   0x00000000      0x160 src/Display/Display.o
 .debug_macro   0x00000000       0x10 src/Display/Display.o
 .debug_macro   0x00000000      0x302 src/Display/Display.o
 .debug_macro   0x00000000       0x12 src/Display/Display.o
 .debug_macro   0x00000000       0xaa src/Display/Display.o
 .debug_macro   0x00000000     0x1410 src/Display/Display.o
 .debug_macro   0x00000000      0x13a src/Display/Display.o
 .debug_macro   0x00000000       0xbd src/Display/Display.o
 .debug_macro   0x00000000       0x34 src/Display/Display.o
 .debug_macro   0x00000000       0x18 src/Display/Display.o
 .debug_macro   0x00000000       0x6c src/Display/Display.o
 .debug_macro   0x00000000       0xe2 src/Display/Display.o
 .debug_macro   0x00000000       0x69 src/Display/Display.o
 .debug_macro   0x00000000      0xd93 src/Display/Display.o
 .debug_macro   0x00000000      0x1d8 src/Display/Display.o
 .debug_macro   0x00000000       0x10 src/Display/Display.o
 .debug_macro   0x00000000       0x58 src/Display/Display.o
 .debug_macro   0x00000000       0x10 src/Display/Display.o
 .debug_macro   0x00000000       0xf2 src/Display/Display.o
 .debug_macro   0x00000000       0x1c src/Display/Display.o
 .debug_macro   0x00000000       0x11 src/Display/Display.o
 .debug_macro   0x00000000       0xa7 src/Display/Display.o
 .debug_macro   0x00000000       0x94 src/Display/Display.o
 .debug_macro   0x00000000       0x33 src/Display/Display.o
 .debug_macro   0x00000000       0x10 src/Display/Display.o
 .debug_macro   0x00000000       0xa8 src/Display/Display.o
 .debug_macro   0x00000000       0x76 src/Display/Display.o
 .debug_macro   0x00000000       0x70 src/Display/Display.o
 .debug_macro   0x00000000       0x28 src/Display/Display.o
 .group         0x00000000        0x8 src/Transformation/Transformation.o
 .group         0x00000000        0x8 src/Transformation/Transformation.o
 .group         0x00000000        0x8 src/Transformation/Transformation.o
 .group         0x00000000        0x8 src/Transformation/Transformation.o
 .group         0x00000000        0x8 src/Transformation/Transformation.o
 .group         0x00000000        0x8 src/Transformation/Transformation.o
 .group         0x00000000        0x8 src/Transformation/Transformation.o
 .group         0x00000000        0x8 src/Transformation/Transformation.o
 .group         0x00000000        0x8 src/Transformation/Transformation.o
 .group         0x00000000        0x8 src/Transformation/Transformation.o
 .group         0x00000000        0x8 src/Transformation/Transformation.o
 .group         0x00000000        0x8 src/Transformation/Transformation.o
 .group         0x00000000        0x8 src/Transformation/Transformation.o
 .group         0x00000000        0x8 src/Transformation/Transformation.o
 .group         0x00000000        0x8 src/Transformation/Transformation.o
 .group         0x00000000        0x8 src/Transformation/Transformation.o
 .group         0x00000000        0x8 src/Transformation/Transformation.o
 .group         0x00000000        0x8 src/Transformation/Transformation.o
 .group         0x00000000        0x8 src/Transformation/Transformation.o
 .group         0x00000000        0x8 src/Transformation/Transformation.o
 .group         0x00000000        0x8 src/Transformation/Transformation.o
 .group         0x00000000        0x8 src/Transformation/Transformation.o
 .group         0x00000000        0x8 src/Transformation/Transformation.o
 .group         0x00000000        0x8 src/Transformation/Transformation.o
 .group         0x00000000        0x8 src/Transformation/Transformation.o
 .group         0x00000000        0x8 src/Transformation/Transformation.o
 .group         0x00000000        0x8 src/Transformation/Transformation.o
 .group         0x00000000        0x8 src/Transformation/Transformation.o
 .group         0x00000000        0x8 src/Transformation/Transformation.o
 .group         0x00000000        0x8 src/Transformation/Transformation.o
 .group         0x00000000        0x8 src/Transformation/Transformation.o
 .group         0x00000000        0x8 src/Transformation/Transformation.o
 .group         0x00000000        0x8 src/Transformation/Transformation.o
 .group         0x00000000        0x8 src/Transformation/Transformation.o
 .group         0x00000000        0x8 src/Transformation/Transformation.o
 .group         0x00000000        0x8 src/Transformation/Transformation.o
 .group         0x00000000        0x8 src/Transformation/Transformation.o
 .group         0x00000000        0x8 src/Transformation/Transformation.o
 .group         0x00000000        0x8 src/Transformation/Transformation.o
 .text          0x00000000        0x0 src/Transformation/Transformation.o
 .data          0x00000000        0x0 src/Transformation/Transformation.o
 .bss           0x00000000        0x0 src/Transformation/Transformation.o
 .text._ZN7Display10writePixelEhhb
                0x00000000        0xa src/Transformation/Transformation.o
 .text._ZN7Display14writePixelFastEhhb
                0x00000000        0xa src/Transformation/Transformation.o
 .text._ZN14TransformationC2EP7Display
                0x00000000        0x8 src/Transformation/Transformation.o
 .text._ZN14TransformationD2Ev
                0x00000000        0x2 src/Transformation/Transformation.o
 .text._ZN14Transformation13shiftLeftFastEb
                0x00000000       0x82 src/Transformation/Transformation.o
 .text._ZN14Transformation9shiftLeftEb
                0x00000000       0xc6 src/Transformation/Transformation.o
 .text._ZN14Transformation14shiftRightFastEb
                0x00000000       0x82 src/Transformation/Transformation.o
 .text._ZN14Transformation10shiftRightEb
                0x00000000       0xc2 src/Transformation/Transformation.o
 .text._ZN14Transformation11shiftUpFastEb
                0x00000000       0x82 src/Transformation/Transformation.o
 .text._ZN14Transformation7shiftUpEb
                0x00000000       0xc6 src/Transformation/Transformation.o
 .text._ZN14Transformation13shiftDownFastEb
                0x00000000       0x82 src/Transformation/Transformation.o
 .text._ZN14Transformation9shiftDownEb
                0x00000000       0xc2 src/Transformation/Transformation.o
 .debug_info    0x00000000     0x1db9 src/Transformation/Transformation.o
 .debug_abbrev  0x00000000      0x32a src/Transformation/Transformation.o
 .debug_loc     0x00000000      0xd90 src/Transformation/Transformation.o
 .debug_aranges
                0x00000000       0x78 src/Transformation/Transformation.o
 .debug_ranges  0x00000000       0x68 src/Transformation/Transformation.o
 .debug_macro   0x00000000      0xe42 src/Transformation/Transformation.o
 .debug_macro   0x00000000       0x1c src/Transformation/Transformation.o
 .debug_macro   0x00000000      0x1c9 src/Transformation/Transformation.o
 .debug_macro   0x00000000       0x1c src/Transformation/Transformation.o
 .debug_macro   0x00000000      0x10e src/Transformation/Transformation.o
 .debug_macro   0x00000000       0x66 src/Transformation/Transformation.o
 .debug_macro   0x00000000       0x16 src/Transformation/Transformation.o
 .debug_macro   0x00000000       0x16 src/Transformation/Transformation.o
 .debug_macro   0x00000000       0x20 src/Transformation/Transformation.o
 .debug_macro   0x00000000      0x160 src/Transformation/Transformation.o
 .debug_macro   0x00000000       0x10 src/Transformation/Transformation.o
 .debug_macro   0x00000000      0x302 src/Transformation/Transformation.o
 .debug_macro   0x00000000       0x12 src/Transformation/Transformation.o
 .debug_macro   0x00000000       0xaa src/Transformation/Transformation.o
 .debug_macro   0x00000000     0x1410 src/Transformation/Transformation.o
 .debug_macro   0x00000000      0x13a src/Transformation/Transformation.o
 .debug_macro   0x00000000       0xbd src/Transformation/Transformation.o
 .debug_macro   0x00000000       0x34 src/Transformation/Transformation.o
 .debug_macro   0x00000000       0x18 src/Transformation/Transformation.o
 .debug_macro   0x00000000       0x6c src/Transformation/Transformation.o
 .debug_macro   0x00000000       0xe2 src/Transformation/Transformation.o
 .debug_macro   0x00000000       0x69 src/Transformation/Transformation.o
 .debug_macro   0x00000000      0xd93 src/Transformation/Transformation.o
 .debug_macro   0x00000000      0x1d8 src/Transformation/Transformation.o
 .debug_macro   0x00000000       0x10 src/Transformation/Transformation.o
 .debug_macro   0x00000000       0x58 src/Transformation/Transformation.o
 .debug_macro   0x00000000       0x10 src/Transformation/Transformation.o
 .debug_macro   0x00000000       0xf2 src/Transformation/Transformation.o
 .debug_macro   0x00000000       0x1c src/Transformation/Transformation.o
 .debug_macro   0x00000000       0x11 src/Transformation/Transformation.o
 .debug_macro   0x00000000       0xa7 src/Transformation/Transformation.o
 .debug_macro   0x00000000       0x94 src/Transformation/Transformation.o
 .debug_macro   0x00000000       0x33 src/Transformation/Transformation.o
 .debug_macro   0x00000000       0x10 src/Transformation/Transformation.o
 .debug_macro   0x00000000       0xa8 src/Transformation/Transformation.o
 .debug_macro   0x00000000       0x76 src/Transformation/Transformation.o
 .debug_macro   0x00000000       0x70 src/Transformation/Transformation.o
 .debug_macro   0x00000000       0x28 src/Transformation/Transformation.o
 .debug_line    0x00000000      0x93e src/Transformation/Transformation.o
 .debug_str     0x00000000     0xd8a0 src/Transformation/Transformation.o
 .comment       0x00000000       0x31 src/Transformation/Transformation.o
 .debug_frame   0x00000000      0x244 src/Transformation/Transformation.o
 .group         0x00000000        0x8 src/WS2812/WS2812.o
 .group         0x00000000        0x8 src/WS2812/WS2812.o
 .group         0x00000000        0x8 src/WS2812/WS2812.o
 .group         0x00000000        0x8 src/WS2812/WS2812.o
 .group         0x00000000        0x8 src/WS2812/WS2812.o
 .group         0x00000000        0x8 src/WS2812/WS2812.o
 .group         0x00000000        0x8 src/WS2812/WS2812.o
 .group         0x00000000        0x8 src/WS2812/WS2812.o
 .group         0x00000000        0x8 src/WS2812/WS2812.o
 .group         0x00000000        0x8 src/WS2812/WS2812.o
 .group         0x00000000        0x8 src/WS2812/WS2812.o
 .group         0x00000000        0x8 src/WS2812/WS2812.o
 .group         0x00000000        0x8 src/WS2812/WS2812.o
 .group         0x00000000        0x8 src/WS2812/WS2812.o
 .group         0x00000000        0x8 src/WS2812/WS2812.o
 .group         0x00000000        0x8 src/WS2812/WS2812.o
 .group         0x00000000        0x8 src/WS2812/WS2812.o
 .group         0x00000000        0x8 src/WS2812/WS2812.o
 .group         0x00000000        0x8 src/WS2812/WS2812.o
 .group         0x00000000        0x8 src/WS2812/WS2812.o
 .group         0x00000000        0x8 src/WS2812/WS2812.o
 .group         0x00000000        0x8 src/WS2812/WS2812.o
 .group         0x00000000        0x8 src/WS2812/WS2812.o
 .group         0x00000000        0x8 src/WS2812/WS2812.o
 .group         0x00000000        0x8 src/WS2812/WS2812.o
 .group         0x00000000        0x8 src/WS2812/WS2812.o
 .group         0x00000000        0x8 src/WS2812/WS2812.o
 .group         0x00000000        0x8 src/WS2812/WS2812.o
 .group         0x00000000        0x8 src/WS2812/WS2812.o
 .group         0x00000000        0x8 src/WS2812/WS2812.o
 .group         0x00000000        0x8 src/WS2812/WS2812.o
 .group         0x00000000        0x8 src/WS2812/WS2812.o
 .group         0x00000000        0x8 src/WS2812/WS2812.o
 .group         0x00000000        0x8 src/WS2812/WS2812.o
 .group         0x00000000        0x8 src/WS2812/WS2812.o
 .group         0x00000000        0x8 src/WS2812/WS2812.o
 .group         0x00000000        0x8 src/WS2812/WS2812.o
 .text          0x00000000        0x0 src/WS2812/WS2812.o
 .data          0x00000000        0x0 src/WS2812/WS2812.o
 .bss           0x00000000        0x0 src/WS2812/WS2812.o
 .text._ZNK6WS28128getPixelEhP15WS2812PixelType
                0x00000000       0x50 src/WS2812/WS2812.o
 .text._ZNK6WS281212getPixelFastEh
                0x00000000       0x3a src/WS2812/WS2812.o
 .text._ZNK6WS281214getPixelDimmedEhP15WS2812PixelType
                0x00000000       0x7c src/WS2812/WS2812.o
 .text._ZNK6WS281218getPixelDimmedFastEh
                0x00000000       0x62 src/WS2812/WS2812.o
 .text._ZN6WS281212setPixelFastEh15WS2812PixelType
                0x00000000       0x38 src/WS2812/WS2812.o
 .text._ZN6WS281212setPixelFastEhhhh
                0x00000000       0x3c src/WS2812/WS2812.o
 .text._ZN6WS281213setColorOrderE20WS2812ColorOrderType
                0x00000000       0x44 src/WS2812/WS2812.o
 .text._ZN6WS281225calcGamma7CorrectionValueEh
                0x00000000       0x26 src/WS2812/WS2812.o
 .text._ZN6WS281213setBrightnessEhb
                0x00000000       0x20 src/WS2812/WS2812.o
 .text._ZN6WS28124initEv
                0x00000000        0x4 src/WS2812/WS2812.o
 .debug_macro   0x00000000       0x1c src/WS2812/WS2812.o
 .debug_macro   0x00000000      0x1c9 src/WS2812/WS2812.o
 .debug_macro   0x00000000       0x1c src/WS2812/WS2812.o
 .debug_macro   0x00000000      0x10e src/WS2812/WS2812.o
 .debug_macro   0x00000000       0x66 src/WS2812/WS2812.o
 .debug_macro   0x00000000       0x16 src/WS2812/WS2812.o
 .debug_macro   0x00000000       0x16 src/WS2812/WS2812.o
 .debug_macro   0x00000000       0x20 src/WS2812/WS2812.o
 .debug_macro   0x00000000      0x160 src/WS2812/WS2812.o
 .debug_macro   0x00000000       0x10 src/WS2812/WS2812.o
 .debug_macro   0x00000000      0x302 src/WS2812/WS2812.o
 .debug_macro   0x00000000       0x12 src/WS2812/WS2812.o
 .debug_macro   0x00000000       0xaa src/WS2812/WS2812.o
 .debug_macro   0x00000000     0x1410 src/WS2812/WS2812.o
 .debug_macro   0x00000000      0x13a src/WS2812/WS2812.o
 .debug_macro   0x00000000       0xbd src/WS2812/WS2812.o
 .debug_macro   0x00000000       0x34 src/WS2812/WS2812.o
 .debug_macro   0x00000000       0x18 src/WS2812/WS2812.o
 .debug_macro   0x00000000       0x6c src/WS2812/WS2812.o
 .debug_macro   0x00000000       0xe2 src/WS2812/WS2812.o
 .debug_macro   0x00000000       0x69 src/WS2812/WS2812.o
 .debug_macro   0x00000000      0xd93 src/WS2812/WS2812.o
 .debug_macro   0x00000000      0x1d8 src/WS2812/WS2812.o
 .debug_macro   0x00000000       0x10 src/WS2812/WS2812.o
 .debug_macro   0x00000000       0x58 src/WS2812/WS2812.o
 .debug_macro   0x00000000       0x10 src/WS2812/WS2812.o
 .debug_macro   0x00000000       0xf2 src/WS2812/WS2812.o
 .debug_macro   0x00000000       0x1c src/WS2812/WS2812.o
 .debug_macro   0x00000000       0x11 src/WS2812/WS2812.o
 .debug_macro   0x00000000       0xa7 src/WS2812/WS2812.o
 .debug_macro   0x00000000       0x94 src/WS2812/WS2812.o
 .debug_macro   0x00000000       0x33 src/WS2812/WS2812.o
 .debug_macro   0x00000000       0x10 src/WS2812/WS2812.o
 .debug_macro   0x00000000       0xa8 src/WS2812/WS2812.o
 .debug_macro   0x00000000       0x76 src/WS2812/WS2812.o
 .text          0x00000000        0x0 C:\Users\virskl\Documents\GitHub\Wordclock\Wordclock\Wordclock\ArduinoCore\Debug\libArduinoCore.a(main.o)
 .data          0x00000000        0x0 C:\Users\virskl\Documents\GitHub\Wordclock\Wordclock\Wordclock\ArduinoCore\Debug\libArduinoCore.a(main.o)
 .bss           0x00000000        0x0 C:\Users\virskl\Documents\GitHub\Wordclock\Wordclock\Wordclock\ArduinoCore\Debug\libArduinoCore.a(main.o)
 .text.atexit   0x00000000        0x6 C:\Users\virskl\Documents\GitHub\Wordclock\Wordclock\Wordclock\ArduinoCore\Debug\libArduinoCore.a(main.o)
 .text._Z8setupUSBv
                0x00000000        0x2 C:\Users\virskl\Documents\GitHub\Wordclock\Wordclock\Wordclock\ArduinoCore\Debug\libArduinoCore.a(main.o)
 .text          0x00000000        0x0 C:\Users\virskl\Documents\GitHub\Wordclock\Wordclock\Wordclock\ArduinoCore\Debug\libArduinoCore.a(wiring.o)
 .data          0x00000000        0x0 C:\Users\virskl\Documents\GitHub\Wordclock\Wordclock\Wordclock\ArduinoCore\Debug\libArduinoCore.a(wiring.o)
 .bss           0x00000000        0x0 C:\Users\virskl\Documents\GitHub\Wordclock\Wordclock\Wordclock\ArduinoCore\Debug\libArduinoCore.a(wiring.o)
 .text.millis   0x00000000       0x18 C:\Users\virskl\Documents\GitHub\Wordclock\Wordclock\Wordclock\ArduinoCore\Debug\libArduinoCore.a(wiring.o)
 .text.delay    0x00000000       0x78 C:\Users\virskl\Documents\GitHub\Wordclock\Wordclock\Wordclock\ArduinoCore\Debug\libArduinoCore.a(wiring.o)
 .text.delayMicroseconds
                0x00000000       0x16 C:\Users\virskl\Documents\GitHub\Wordclock\Wordclock\Wordclock\ArduinoCore\Debug\libArduinoCore.a(wiring.o)
 .text          0x00000000        0x0 C:\Users\virskl\Documents\GitHub\Wordclock\Wordclock\Wordclock\ArduinoCore\Debug\libArduinoCore.a(wiring_digital.o)
 .data          0x00000000        0x0 C:\Users\virskl\Documents\GitHub\Wordclock\Wordclock\Wordclock\ArduinoCore\Debug\libArduinoCore.a(wiring_digital.o)
 .bss           0x00000000        0x0 C:\Users\virskl\Documents\GitHub\Wordclock\Wordclock\Wordclock\ArduinoCore\Debug\libArduinoCore.a(wiring_digital.o)
 .text.turnOffPWM
                0x00000000       0x52 C:\Users\virskl\Documents\GitHub\Wordclock\Wordclock\Wordclock\ArduinoCore\Debug\libArduinoCore.a(wiring_digital.o)
 .text.digitalWrite
                0x00000000       0x5e C:\Users\virskl\Documents\GitHub\Wordclock\Wordclock\Wordclock\ArduinoCore\Debug\libArduinoCore.a(wiring_digital.o)
 .text.digitalRead
                0x00000000       0x52 C:\Users\virskl\Documents\GitHub\Wordclock\Wordclock\Wordclock\ArduinoCore\Debug\libArduinoCore.a(wiring_digital.o)
 .progmem.data.digital_pin_to_timer_PGM
                0x00000000       0x14 C:\Users\virskl\Documents\GitHub\Wordclock\Wordclock\Wordclock\ArduinoCore\Debug\libArduinoCore.a(wiring_digital.o)
 .progmem.data.port_to_input_PGM
                0x00000000        0xa C:\Users\virskl\Documents\GitHub\Wordclock\Wordclock\Wordclock\ArduinoCore\Debug\libArduinoCore.a(wiring_digital.o)
 .text          0x00000000        0x0 C:\Users\virskl\Documents\GitHub\Wordclock\Wordclock\Wordclock\ArduinoCore\Debug\libArduinoCore.a(hooks.o)
 .data          0x00000000        0x0 C:\Users\virskl\Documents\GitHub\Wordclock\Wordclock\Wordclock\ArduinoCore\Debug\libArduinoCore.a(hooks.o)
 .bss           0x00000000        0x0 C:\Users\virskl\Documents\GitHub\Wordclock\Wordclock\Wordclock\ArduinoCore\Debug\libArduinoCore.a(hooks.o)
 .text.__empty  0x00000000        0x2 C:\Users\virskl\Documents\GitHub\Wordclock\Wordclock\Wordclock\ArduinoCore\Debug\libArduinoCore.a(hooks.o)
 .debug_info    0x00000000       0x3e C:\Users\virskl\Documents\GitHub\Wordclock\Wordclock\Wordclock\ArduinoCore\Debug\libArduinoCore.a(hooks.o)
 .debug_abbrev  0x00000000       0x2a C:\Users\virskl\Documents\GitHub\Wordclock\Wordclock\Wordclock\ArduinoCore\Debug\libArduinoCore.a(hooks.o)
 .debug_aranges
                0x00000000       0x20 C:\Users\virskl\Documents\GitHub\Wordclock\Wordclock\Wordclock\ArduinoCore\Debug\libArduinoCore.a(hooks.o)
 .debug_ranges  0x00000000       0x10 C:\Users\virskl\Documents\GitHub\Wordclock\Wordclock\Wordclock\ArduinoCore\Debug\libArduinoCore.a(hooks.o)
 .debug_line    0x00000000       0x41 C:\Users\virskl\Documents\GitHub\Wordclock\Wordclock\Wordclock\ArduinoCore\Debug\libArduinoCore.a(hooks.o)
 .debug_str     0x00000000      0x13b C:\Users\virskl\Documents\GitHub\Wordclock\Wordclock\Wordclock\ArduinoCore\Debug\libArduinoCore.a(hooks.o)
 .comment       0x00000000       0x31 C:\Users\virskl\Documents\GitHub\Wordclock\Wordclock\Wordclock\ArduinoCore\Debug\libArduinoCore.a(hooks.o)
 .debug_frame   0x00000000       0x24 C:\Users\virskl\Documents\GitHub\Wordclock\Wordclock\Wordclock\ArduinoCore\Debug\libArduinoCore.a(hooks.o)
 .text          0x00000000        0x0 c:/program files (x86)/atmel/studio/7.0/toolchain/avr8/avr8-gnu-toolchain/bin/../lib/gcc/avr/5.4.0/avr5\libgcc.a(_udivmodqi4.o)
 .data          0x00000000        0x0 c:/program files (x86)/atmel/studio/7.0/toolchain/avr8/avr8-gnu-toolchain/bin/../lib/gcc/avr/5.4.0/avr5\libgcc.a(_udivmodqi4.o)
 .bss           0x00000000        0x0 c:/program files (x86)/atmel/studio/7.0/toolchain/avr8/avr8-gnu-toolchain/bin/../lib/gcc/avr/5.4.0/avr5\libgcc.a(_udivmodqi4.o)
 .text.libgcc.mul
                0x00000000        0x0 c:/program files (x86)/atmel/studio/7.0/toolchain/avr8/avr8-gnu-toolchain/bin/../lib/gcc/avr/5.4.0/avr5\libgcc.a(_udivmodqi4.o)
 .text.libgcc   0x00000000        0x0 c:/program files (x86)/atmel/studio/7.0/toolchain/avr8/avr8-gnu-toolchain/bin/../lib/gcc/avr/5.4.0/avr5\libgcc.a(_udivmodqi4.o)
 .text.libgcc.prologue
                0x00000000        0x0 c:/program files (x86)/atmel/studio/7.0/toolchain/avr8/avr8-gnu-toolchain/bin/../lib/gcc/avr/5.4.0/avr5\libgcc.a(_udivmodqi4.o)
 .text.libgcc.builtins
                0x00000000        0x0 c:/program files (x86)/atmel/studio/7.0/toolchain/avr8/avr8-gnu-toolchain/bin/../lib/gcc/avr/5.4.0/avr5\libgcc.a(_udivmodqi4.o)
 .text.libgcc.fmul
                0x00000000        0x0 c:/program files (x86)/atmel/studio/7.0/toolchain/avr8/avr8-gnu-toolchain/bin/../lib/gcc/avr/5.4.0/avr5\libgcc.a(_udivmodqi4.o)
 .text.libgcc.fixed
                0x00000000        0x0 c:/program files (x86)/atmel/studio/7.0/toolchain/avr8/avr8-gnu-toolchain/bin/../lib/gcc/avr/5.4.0/avr5\libgcc.a(_udivmodqi4.o)
 .text          0x00000000        0x0 c:/program files (x86)/atmel/studio/7.0/toolchain/avr8/avr8-gnu-toolchain/bin/../lib/gcc/avr/5.4.0/avr5\libgcc.a(_exit.o)
 .data          0x00000000        0x0 c:/program files (x86)/atmel/studio/7.0/toolchain/avr8/avr8-gnu-toolchain/bin/../lib/gcc/avr/5.4.0/avr5\libgcc.a(_exit.o)
 .bss           0x00000000        0x0 c:/program files (x86)/atmel/studio/7.0/toolchain/avr8/avr8-gnu-toolchain/bin/../lib/gcc/avr/5.4.0/avr5\libgcc.a(_exit.o)
 .text.libgcc.mul
                0x00000000        0x0 c:/program files (x86)/atmel/studio/7.0/toolchain/avr8/avr8-gnu-toolchain/bin/../lib/gcc/avr/5.4.0/avr5\libgcc.a(_exit.o)
 .text.libgcc.div
                0x00000000        0x0 c:/program files (x86)/atmel/studio/7.0/toolchain/avr8/avr8-gnu-toolchain/bin/../lib/gcc/avr/5.4.0/avr5\libgcc.a(_exit.o)
 .text.libgcc   0x00000000        0x0 c:/program files (x86)/atmel/studio/7.0/toolchain/avr8/avr8-gnu-toolchain/bin/../lib/gcc/avr/5.4.0/avr5\libgcc.a(_exit.o)
 .text.libgcc.prologue
                0x00000000        0x0 c:/program files (x86)/atmel/studio/7.0/toolchain/avr8/avr8-gnu-toolchain/bin/../lib/gcc/avr/5.4.0/avr5\libgcc.a(_exit.o)
 .text.libgcc.builtins
                0x00000000        0x0 c:/program files (x86)/atmel/studio/7.0/toolchain/avr8/avr8-gnu-toolchain/bin/../lib/gcc/avr/5.4.0/avr5\libgcc.a(_exit.o)
 .text.libgcc.fmul
                0x00000000        0x0 c:/program files (x86)/atmel/studio/7.0/toolchain/avr8/avr8-gnu-toolchain/bin/../lib/gcc/avr/5.4.0/avr5\libgcc.a(_exit.o)
 .text.libgcc.fixed
                0x00000000        0x0 c:/program files (x86)/atmel/studio/7.0/toolchain/avr8/avr8-gnu-toolchain/bin/../lib/gcc/avr/5.4.0/avr5\libgcc.a(_exit.o)
 .text          0x00000000        0x0 c:/program files (x86)/atmel/studio/7.0/toolchain/avr8/avr8-gnu-toolchain/bin/../lib/gcc/avr/5.4.0/avr5\libgcc.a(_clear_bss.o)
 .data          0x00000000        0x0 c:/program files (x86)/atmel/studio/7.0/toolchain/avr8/avr8-gnu-toolchain/bin/../lib/gcc/avr/5.4.0/avr5\libgcc.a(_clear_bss.o)
 .bss           0x00000000        0x0 c:/program files (x86)/atmel/studio/7.0/toolchain/avr8/avr8-gnu-toolchain/bin/../lib/gcc/avr/5.4.0/avr5\libgcc.a(_clear_bss.o)
 .text.libgcc.mul
                0x00000000        0x0 c:/program files (x86)/atmel/studio/7.0/toolchain/avr8/avr8-gnu-toolchain/bin/../lib/gcc/avr/5.4.0/avr5\libgcc.a(_clear_bss.o)
 .text.libgcc.div
                0x00000000        0x0 c:/program files (x86)/atmel/studio/7.0/toolchain/avr8/avr8-gnu-toolchain/bin/../lib/gcc/avr/5.4.0/avr5\libgcc.a(_clear_bss.o)
 .text.libgcc   0x00000000        0x0 c:/program files (x86)/atmel/studio/7.0/toolchain/avr8/avr8-gnu-toolchain/bin/../lib/gcc/avr/5.4.0/avr5\libgcc.a(_clear_bss.o)
 .text.libgcc.prologue
                0x00000000        0x0 c:/program files (x86)/atmel/studio/7.0/toolchain/avr8/avr8-gnu-toolchain/bin/../lib/gcc/avr/5.4.0/avr5\libgcc.a(_clear_bss.o)
 .text.libgcc.builtins
                0x00000000        0x0 c:/program files (x86)/atmel/studio/7.0/toolchain/avr8/avr8-gnu-toolchain/bin/../lib/gcc/avr/5.4.0/avr5\libgcc.a(_clear_bss.o)
 .text.libgcc.fmul
                0x00000000        0x0 c:/program files (x86)/atmel/studio/7.0/toolchain/avr8/avr8-gnu-toolchain/bin/../lib/gcc/avr/5.4.0/avr5\libgcc.a(_clear_bss.o)
 .text.libgcc.fixed
                0x00000000        0x0 c:/program files (x86)/atmel/studio/7.0/toolchain/avr8/avr8-gnu-toolchain/bin/../lib/gcc/avr/5.4.0/avr5\libgcc.a(_clear_bss.o)
 .text          0x00000000        0x0 c:/program files (x86)/atmel/studio/7.0/toolchain/avr8/avr8-gnu-toolchain/bin/../lib/gcc/avr/5.4.0/avr5\libgcc.a(_ctors.o)
 .data          0x00000000        0x0 c:/program files (x86)/atmel/studio/7.0/toolchain/avr8/avr8-gnu-toolchain/bin/../lib/gcc/avr/5.4.0/avr5\libgcc.a(_ctors.o)
 .bss           0x00000000        0x0 c:/program files (x86)/atmel/studio/7.0/toolchain/avr8/avr8-gnu-toolchain/bin/../lib/gcc/avr/5.4.0/avr5\libgcc.a(_ctors.o)
 .text.libgcc.mul
                0x00000000        0x0 c:/program files (x86)/atmel/studio/7.0/toolchain/avr8/avr8-gnu-toolchain/bin/../lib/gcc/avr/5.4.0/avr5\libgcc.a(_ctors.o)
 .text.libgcc.div
                0x00000000        0x0 c:/program files (x86)/atmel/studio/7.0/toolchain/avr8/avr8-gnu-toolchain/bin/../lib/gcc/avr/5.4.0/avr5\libgcc.a(_ctors.o)
 .text.libgcc   0x00000000        0x0 c:/program files (x86)/atmel/studio/7.0/toolchain/avr8/avr8-gnu-toolchain/bin/../lib/gcc/avr/5.4.0/avr5\libgcc.a(_ctors.o)
 .text.libgcc.prologue
                0x00000000        0x0 c:/program files (x86)/atmel/studio/7.0/toolchain/avr8/avr8-gnu-toolchain/bin/../lib/gcc/avr/5.4.0/avr5\libgcc.a(_ctors.o)
 .text.libgcc.builtins
                0x00000000        0x0 c:/program files (x86)/atmel/studio/7.0/toolchain/avr8/avr8-gnu-toolchain/bin/../lib/gcc/avr/5.4.0/avr5\libgcc.a(_ctors.o)
 .text.libgcc.fmul
                0x00000000        0x0 c:/program files (x86)/atmel/studio/7.0/toolchain/avr8/avr8-gnu-toolchain/bin/../lib/gcc/avr/5.4.0/avr5\libgcc.a(_ctors.o)
 .text.libgcc.fixed
                0x00000000        0x0 c:/program files (x86)/atmel/studio/7.0/toolchain/avr8/avr8-gnu-toolchain/bin/../lib/gcc/avr/5.4.0/avr5\libgcc.a(_ctors.o)
 .text          0x00000000        0x0 c:/program files (x86)/atmel/studio/7.0/toolchain/avr8/avr8-gnu-toolchain/bin/../lib/gcc/avr/5.4.0/avr5\libgcc.a(_dtors.o)
 .data          0x00000000        0x0 c:/program files (x86)/atmel/studio/7.0/toolchain/avr8/avr8-gnu-toolchain/bin/../lib/gcc/avr/5.4.0/avr5\libgcc.a(_dtors.o)
 .bss           0x00000000        0x0 c:/program files (x86)/atmel/studio/7.0/toolchain/avr8/avr8-gnu-toolchain/bin/../lib/gcc/avr/5.4.0/avr5\libgcc.a(_dtors.o)
 .text.libgcc.mul
                0x00000000        0x0 c:/program files (x86)/atmel/studio/7.0/toolchain/avr8/avr8-gnu-toolchain/bin/../lib/gcc/avr/5.4.0/avr5\libgcc.a(_dtors.o)
 .text.libgcc.div
                0x00000000        0x0 c:/program files (x86)/atmel/studio/7.0/toolchain/avr8/avr8-gnu-toolchain/bin/../lib/gcc/avr/5.4.0/avr5\libgcc.a(_dtors.o)
 .text.libgcc   0x00000000        0x0 c:/program files (x86)/atmel/studio/7.0/toolchain/avr8/avr8-gnu-toolchain/bin/../lib/gcc/avr/5.4.0/avr5\libgcc.a(_dtors.o)
 .text.libgcc.prologue
                0x00000000        0x0 c:/program files (x86)/atmel/studio/7.0/toolchain/avr8/avr8-gnu-toolchain/bin/../lib/gcc/avr/5.4.0/avr5\libgcc.a(_dtors.o)
 .text.libgcc.builtins
                0x00000000        0x0 c:/program files (x86)/atmel/studio/7.0/toolchain/avr8/avr8-gnu-toolchain/bin/../lib/gcc/avr/5.4.0/avr5\libgcc.a(_dtors.o)
 .text.libgcc.fmul
                0x00000000        0x0 c:/program files (x86)/atmel/studio/7.0/toolchain/avr8/avr8-gnu-toolchain/bin/../lib/gcc/avr/5.4.0/avr5\libgcc.a(_dtors.o)
 .text.libgcc.fixed
                0x00000000        0x0 c:/program files (x86)/atmel/studio/7.0/toolchain/avr8/avr8-gnu-toolchain/bin/../lib/gcc/avr/5.4.0/avr5\libgcc.a(_dtors.o)
 .text          0x00000000        0x0 c:/program files (x86)/atmel/studio/7.0/toolchain/avr8/avr8-gnu-toolchain/bin/../lib/gcc/avr/5.4.0/avr5\libgcc.a(_ashldi3.o)
 .data          0x00000000        0x0 c:/program files (x86)/atmel/studio/7.0/toolchain/avr8/avr8-gnu-toolchain/bin/../lib/gcc/avr/5.4.0/avr5\libgcc.a(_ashldi3.o)
 .bss           0x00000000        0x0 c:/program files (x86)/atmel/studio/7.0/toolchain/avr8/avr8-gnu-toolchain/bin/../lib/gcc/avr/5.4.0/avr5\libgcc.a(_ashldi3.o)
 .text.libgcc.mul
                0x00000000        0x0 c:/program files (x86)/atmel/studio/7.0/toolchain/avr8/avr8-gnu-toolchain/bin/../lib/gcc/avr/5.4.0/avr5\libgcc.a(_ashldi3.o)
 .text.libgcc.div
                0x00000000        0x0 c:/program files (x86)/atmel/studio/7.0/toolchain/avr8/avr8-gnu-toolchain/bin/../lib/gcc/avr/5.4.0/avr5\libgcc.a(_ashldi3.o)
 .text.libgcc   0x00000000        0x0 c:/program files (x86)/atmel/studio/7.0/toolchain/avr8/avr8-gnu-toolchain/bin/../lib/gcc/avr/5.4.0/avr5\libgcc.a(_ashldi3.o)
 .text.libgcc.prologue
                0x00000000        0x0 c:/program files (x86)/atmel/studio/7.0/toolchain/avr8/avr8-gnu-toolchain/bin/../lib/gcc/avr/5.4.0/avr5\libgcc.a(_ashldi3.o)
 .text.libgcc.builtins
                0x00000000       0x32 c:/program files (x86)/atmel/studio/7.0/toolchain/avr8/avr8-gnu-toolchain/bin/../lib/gcc/avr/5.4.0/avr5\libgcc.a(_ashldi3.o)
 .text.libgcc.fmul
                0x00000000        0x0 c:/program files (x86)/atmel/studio/7.0/toolchain/avr8/avr8-gnu-toolchain/bin/../lib/gcc/avr/5.4.0/avr5\libgcc.a(_ashldi3.o)
 .text.libgcc.fixed
                0x00000000        0x0 c:/program files (x86)/atmel/studio/7.0/toolchain/avr8/avr8-gnu-toolchain/bin/../lib/gcc/avr/5.4.0/avr5\libgcc.a(_ashldi3.o)
 .text          0x00000000        0x0 c:/program files (x86)/atmel/studio/7.0/toolchain/avr8/avr8-gnu-toolchain/bin/../lib/gcc/avr/5.4.0/avr5\libgcc.a(_ashrdi3.o)
 .data          0x00000000        0x0 c:/program files (x86)/atmel/studio/7.0/toolchain/avr8/avr8-gnu-toolchain/bin/../lib/gcc/avr/5.4.0/avr5\libgcc.a(_ashrdi3.o)
 .bss           0x00000000        0x0 c:/program files (x86)/atmel/studio/7.0/toolchain/avr8/avr8-gnu-toolchain/bin/../lib/gcc/avr/5.4.0/avr5\libgcc.a(_ashrdi3.o)
 .text.libgcc.mul
                0x00000000        0x0 c:/program files (x86)/atmel/studio/7.0/toolchain/avr8/avr8-gnu-toolchain/bin/../lib/gcc/avr/5.4.0/avr5\libgcc.a(_ashrdi3.o)
 .text.libgcc.div
                0x00000000        0x0 c:/program files (x86)/atmel/studio/7.0/toolchain/avr8/avr8-gnu-toolchain/bin/../lib/gcc/avr/5.4.0/avr5\libgcc.a(_ashrdi3.o)
 .text.libgcc   0x00000000        0x0 c:/program files (x86)/atmel/studio/7.0/toolchain/avr8/avr8-gnu-toolchain/bin/../lib/gcc/avr/5.4.0/avr5\libgcc.a(_ashrdi3.o)
 .text.libgcc.prologue
                0x00000000        0x0 c:/program files (x86)/atmel/studio/7.0/toolchain/avr8/avr8-gnu-toolchain/bin/../lib/gcc/avr/5.4.0/avr5\libgcc.a(_ashrdi3.o)
 .text.libgcc.builtins
                0x00000000       0x3c c:/program files (x86)/atmel/studio/7.0/toolchain/avr8/avr8-gnu-toolchain/bin/../lib/gcc/avr/5.4.0/avr5\libgcc.a(_ashrdi3.o)
 .text.libgcc.fmul
                0x00000000        0x0 c:/program files (x86)/atmel/studio/7.0/toolchain/avr8/avr8-gnu-toolchain/bin/../lib/gcc/avr/5.4.0/avr5\libgcc.a(_ashrdi3.o)
 .text.libgcc.fixed
                0x00000000        0x0 c:/program files (x86)/atmel/studio/7.0/toolchain/avr8/avr8-gnu-toolchain/bin/../lib/gcc/avr/5.4.0/avr5\libgcc.a(_ashrdi3.o)
 .text          0x00000000        0x0 c:/program files (x86)/atmel/studio/7.0/toolchain/avr8/avr8-gnu-toolchain/bin/../lib/gcc/avr/5.4.0/avr5\libgcc.a(_cmpdi2_s8.o)
 .data          0x00000000        0x0 c:/program files (x86)/atmel/studio/7.0/toolchain/avr8/avr8-gnu-toolchain/bin/../lib/gcc/avr/5.4.0/avr5\libgcc.a(_cmpdi2_s8.o)
 .bss           0x00000000        0x0 c:/program files (x86)/atmel/studio/7.0/toolchain/avr8/avr8-gnu-toolchain/bin/../lib/gcc/avr/5.4.0/avr5\libgcc.a(_cmpdi2_s8.o)
 .text.libgcc.mul
                0x00000000        0x0 c:/program files (x86)/atmel/studio/7.0/toolchain/avr8/avr8-gnu-toolchain/bin/../lib/gcc/avr/5.4.0/avr5\libgcc.a(_cmpdi2_s8.o)
 .text.libgcc.div
                0x00000000        0x0 c:/program files (x86)/atmel/studio/7.0/toolchain/avr8/avr8-gnu-toolchain/bin/../lib/gcc/avr/5.4.0/avr5\libgcc.a(_cmpdi2_s8.o)
 .text.libgcc   0x00000000       0x18 c:/program files (x86)/atmel/studio/7.0/toolchain/avr8/avr8-gnu-toolchain/bin/../lib/gcc/avr/5.4.0/avr5\libgcc.a(_cmpdi2_s8.o)
 .text.libgcc.prologue
                0x00000000        0x0 c:/program files (x86)/atmel/studio/7.0/toolchain/avr8/avr8-gnu-toolchain/bin/../lib/gcc/avr/5.4.0/avr5\libgcc.a(_cmpdi2_s8.o)
 .text.libgcc.builtins
                0x00000000        0x0 c:/program files (x86)/atmel/studio/7.0/toolchain/avr8/avr8-gnu-toolchain/bin/../lib/gcc/avr/5.4.0/avr5\libgcc.a(_cmpdi2_s8.o)
 .text.libgcc.fmul
                0x00000000        0x0 c:/program files (x86)/atmel/studio/7.0/toolchain/avr8/avr8-gnu-toolchain/bin/../lib/gcc/avr/5.4.0/avr5\libgcc.a(_cmpdi2_s8.o)
 .text.libgcc.fixed
                0x00000000        0x0 c:/program files (x86)/atmel/studio/7.0/toolchain/avr8/avr8-gnu-toolchain/bin/../lib/gcc/avr/5.4.0/avr5\libgcc.a(_cmpdi2_s8.o)
 .text          0x00000000        0x0 c:/program files (x86)/atmel/studio/7.0/toolchain/avr8/avr8-gnu-toolchain/bin/../lib/gcc/avr/5.4.0/avr5\libgcc.a(_tablejump2.o)
 .data          0x00000000        0x0 c:/program files (x86)/atmel/studio/7.0/toolchain/avr8/avr8-gnu-toolchain/bin/../lib/gcc/avr/5.4.0/avr5\libgcc.a(_tablejump2.o)
 .bss           0x00000000        0x0 c:/program files (x86)/atmel/studio/7.0/toolchain/avr8/avr8-gnu-toolchain/bin/../lib/gcc/avr/5.4.0/avr5\libgcc.a(_tablejump2.o)
 .text.libgcc.mul
                0x00000000        0x0 c:/program files (x86)/atmel/studio/7.0/toolchain/avr8/avr8-gnu-toolchain/bin/../lib/gcc/avr/5.4.0/avr5\libgcc.a(_tablejump2.o)
 .text.libgcc.div
                0x00000000        0x0 c:/program files (x86)/atmel/studio/7.0/toolchain/avr8/avr8-gnu-toolchain/bin/../lib/gcc/avr/5.4.0/avr5\libgcc.a(_tablejump2.o)
 .text.libgcc.prologue
                0x00000000        0x0 c:/program files (x86)/atmel/studio/7.0/toolchain/avr8/avr8-gnu-toolchain/bin/../lib/gcc/avr/5.4.0/avr5\libgcc.a(_tablejump2.o)
 .text.libgcc.builtins
                0x00000000        0x0 c:/program files (x86)/atmel/studio/7.0/toolchain/avr8/avr8-gnu-toolchain/bin/../lib/gcc/avr/5.4.0/avr5\libgcc.a(_tablejump2.o)
 .text.libgcc.fmul
                0x00000000        0x0 c:/program files (x86)/atmel/studio/7.0/toolchain/avr8/avr8-gnu-toolchain/bin/../lib/gcc/avr/5.4.0/avr5\libgcc.a(_tablejump2.o)
 .text.libgcc.fixed
                0x00000000        0x0 c:/program files (x86)/atmel/studio/7.0/toolchain/avr8/avr8-gnu-toolchain/bin/../lib/gcc/avr/5.4.0/avr5\libgcc.a(_tablejump2.o)
 .text          0x00000000        0x0 c:/program files (x86)/atmel/studio/7.0/toolchain/avr8/avr8-gnu-toolchain/bin/../lib/gcc/avr/5.4.0/../../../../avr/lib/avr5\libc.a(memcpy_P.o)
 .data          0x00000000        0x0 c:/program files (x86)/atmel/studio/7.0/toolchain/avr8/avr8-gnu-toolchain/bin/../lib/gcc/avr/5.4.0/../../../../avr/lib/avr5\libc.a(memcpy_P.o)
 .bss           0x00000000        0x0 c:/program files (x86)/atmel/studio/7.0/toolchain/avr8/avr8-gnu-toolchain/bin/../lib/gcc/avr/5.4.0/../../../../avr/lib/avr5\libc.a(memcpy_P.o)

Memory Configuration

Name             Origin             Length             Attributes
text             0x00000000         0x00020000         xr
data             0x00800060         0x0000ffa0         rw !x
eeprom           0x00810000         0x00010000         rw !x
fuse             0x00820000         0x00000003         rw !x
lock             0x00830000         0x00000400         rw !x
signature        0x00840000         0x00000400         rw !x
user_signatures  0x00850000         0x00000400         rw !x
*default*        0x00000000         0xffffffff

Linker script and memory map

Address of section .data set to 0x800100
LOAD C:/Program Files (x86)/Atmel/Studio/7.0/Packs/atmel/ATmega_DFP/1.2.150/gcc/dev/atmega328p/avr5/crtatmega328p.o
LOAD Sketch.o
LOAD src/Animation/Animation.o
LOAD src/Animation/Font.o
LOAD src/Clock/Clock.o
LOAD src/Display/Display.o
LOAD src/Transformation/Transformation.o
LOAD src/WS2812/WS2812.o
START GROUP
LOAD c:/program files (x86)/atmel/studio/7.0/toolchain/avr8/avr8-gnu-toolchain/bin/../lib/gcc/avr/5.4.0/../../../../avr/lib/avr5\libm.a
LOAD C:\Users\virskl\Documents\GitHub\Wordclock\Wordclock\Wordclock\ArduinoCore\Debug\libArduinoCore.a
END GROUP
LOAD c:/program files (x86)/atmel/studio/7.0/toolchain/avr8/avr8-gnu-toolchain/bin/../lib/gcc/avr/5.4.0/avr5\libgcc.a
LOAD c:/program files (x86)/atmel/studio/7.0/toolchain/avr8/avr8-gnu-toolchain/bin/../lib/gcc/avr/5.4.0/../../../../avr/lib/avr5\libm.a
START GROUP
LOAD c:/program files (x86)/atmel/studio/7.0/toolchain/avr8/avr8-gnu-toolchain/bin/../lib/gcc/avr/5.4.0/avr5\libgcc.a
LOAD c:/program files (x86)/atmel/studio/7.0/toolchain/avr8/avr8-gnu-toolchain/bin/../lib/gcc/avr/5.4.0/../../../../avr/lib/avr5\libm.a
LOAD c:/program files (x86)/atmel/studio/7.0/toolchain/avr8/avr8-gnu-toolchain/bin/../lib/gcc/avr/5.4.0/../../../../avr/lib/avr5\libc.a
LOAD C:/Program Files (x86)/Atmel/Studio/7.0/Packs/atmel/ATmega_DFP/1.2.150/gcc/dev/atmega328p/avr5\libatmega328p.a
END GROUP
                0x00020000                __TEXT_REGION_LENGTH__ = DEFINED (__TEXT_REGION_LENGTH__)?__TEXT_REGION_LENGTH__:0x20000
                0x0000ffa0                __DATA_REGION_LENGTH__ = DEFINED (__DATA_REGION_LENGTH__)?__DATA_REGION_LENGTH__:0xffa0
                0x00010000                __EEPROM_REGION_LENGTH__ = DEFINED (__EEPROM_REGION_LENGTH__)?__EEPROM_REGION_LENGTH__:0x10000
                [0x00000003]                __FUSE_REGION_LENGTH__ = DEFINED (__FUSE_REGION_LENGTH__)?__FUSE_REGION_LENGTH__:0x400
                0x00000400                __LOCK_REGION_LENGTH__ = DEFINED (__LOCK_REGION_LENGTH__)?__LOCK_REGION_LENGTH__:0x400
                0x00000400                __SIGNATURE_REGION_LENGTH__ = DEFINED (__SIGNATURE_REGION_LENGTH__)?__SIGNATURE_REGION_LENGTH__:0x400
                0x00000400                __USER_SIGNATURE_REGION_LENGTH__ = DEFINED (__USER_SIGNATURE_REGION_LENGTH__)?__USER_SIGNATURE_REGION_LENGTH__:0x400

.hash
 *(.hash)

.dynsym
 *(.dynsym)

.dynstr
 *(.dynstr)

.gnu.version
 *(.gnu.version)

.gnu.version_d
 *(.gnu.version_d)

.gnu.version_r
 *(.gnu.version_r)

.rel.init
 *(.rel.init)

.rela.init
 *(.rela.init)

.rel.text
 *(.rel.text)
 *(.rel.text.*)
 *(.rel.gnu.linkonce.t*)

.rela.text
 *(.rela.text)
 *(.rela.text.*)
 *(.rela.gnu.linkonce.t*)

.rel.fini
 *(.rel.fini)

.rela.fini
 *(.rela.fini)

.rel.rodata
 *(.rel.rodata)
 *(.rel.rodata.*)
 *(.rel.gnu.linkonce.r*)

.rela.rodata
 *(.rela.rodata)
 *(.rela.rodata.*)
 *(.rela.gnu.linkonce.r*)

.rel.data
 *(.rel.data)
 *(.rel.data.*)
 *(.rel.gnu.linkonce.d*)

.rela.data
 *(.rela.data)
 *(.rela.data.*)
 *(.rela.gnu.linkonce.d*)

.rel.ctors
 *(.rel.ctors)

.rela.ctors
 *(.rela.ctors)

.rel.dtors
 *(.rel.dtors)

.rela.dtors
 *(.rela.dtors)

.rel.got
 *(.rel.got)

.rela.got
 *(.rela.got)

.rel.bss
 *(.rel.bss)

.rela.bss
 *(.rela.bss)

.rel.plt
 *(.rel.plt)

.rela.plt
 *(.rela.plt)

.text           0x00000000      0xb28
 *(.vectors)
 .vectors       0x00000000       0x68 C:/Program Files (x86)/Atmel/Studio/7.0/Packs/atmel/ATmega_DFP/1.2.150/gcc/dev/atmega328p/avr5/crtatmega328p.o
                0x00000000                __vector_default
                0x00000000                __vectors
 *(.vectors)
 *(.progmem.gcc*)
                0x00000068                . = ALIGN (0x2)
                0x00000068                __trampolines_start = .
 *(.trampolines)
 .trampolines   0x00000068        0x0 linker stubs
 *(.trampolines*)
                0x00000068                __trampolines_end = .
 *libprintf_flt.a:*(.progmem.data)
 *libc.a:*(.progmem.data)
 *(.progmem*)
 .progmem.data._ZN5Clock12MinutesTableE
                0x00000068       0xf0 src/Clock/Clock.o
                0x00000068                _ZN5Clock12MinutesTableE
 .progmem.data._ZN5Clock10HoursTableE
                0x00000158       0x30 src/Clock/Clock.o
                0x00000158                _ZN5Clock10HoursTableE
 .progmem.data._ZN7Display21WordIlluminationTableE
                0x00000188       0x51 src/Display/Display.o
                0x00000188                _ZN7Display21WordIlluminationTableE
 .progmem.data.digital_pin_to_bit_mask_PGM
                0x000001d9       0x14 C:\Users\virskl\Documents\GitHub\Wordclock\Wordclock\Wordclock\ArduinoCore\Debug\libArduinoCore.a(wiring_digital.o)
                0x000001d9                digital_pin_to_bit_mask_PGM
 .progmem.data.digital_pin_to_port_PGM
                0x000001ed       0x14 C:\Users\virskl\Documents\GitHub\Wordclock\Wordclock\Wordclock\ArduinoCore\Debug\libArduinoCore.a(wiring_digital.o)
                0x000001ed                digital_pin_to_port_PGM
 .progmem.data.port_to_output_PGM
                0x00000201        0xa C:\Users\virskl\Documents\GitHub\Wordclock\Wordclock\Wordclock\ArduinoCore\Debug\libArduinoCore.a(wiring_digital.o)
                0x00000201                port_to_output_PGM
 .progmem.data.port_to_mode_PGM
                0x0000020b        0xa C:\Users\virskl\Documents\GitHub\Wordclock\Wordclock\Wordclock\ArduinoCore\Debug\libArduinoCore.a(wiring_digital.o)
                0x0000020b                port_to_mode_PGM
                0x00000216                . = ALIGN (0x2)
 *fill*         0x00000215        0x1 
 *(.jumptables)
 *(.jumptables*)
 *(.lowtext)
 *(.lowtext*)
                0x00000216                __ctors_start = .
 *(.ctors)
 .ctors         0x00000216        0x2 Sketch.o
                0x00000218                __ctors_end = .
                0x00000218                __dtors_start = .
 *(.dtors)
 .dtors         0x00000218        0x2 Sketch.o
                0x0000021a                __dtors_end = .
 SORT(*)(.ctors)
 SORT(*)(.dtors)
 *(.init0)
 .init0         0x0000021a        0x0 C:/Program Files (x86)/Atmel/Studio/7.0/Packs/atmel/ATmega_DFP/1.2.150/gcc/dev/atmega328p/avr5/crtatmega328p.o
                0x0000021a                __init
 *(.init0)
 *(.init1)
 *(.init1)
 *(.init2)
 .init2         0x0000021a        0xc C:/Program Files (x86)/Atmel/Studio/7.0/Packs/atmel/ATmega_DFP/1.2.150/gcc/dev/atmega328p/avr5/crtatmega328p.o
 *(.init2)
 *(.init3)
 *(.init3)
 *(.init4)
 .init4         0x00000226       0x10 c:/program files (x86)/atmel/studio/7.0/toolchain/avr8/avr8-gnu-toolchain/bin/../lib/gcc/avr/5.4.0/avr5\libgcc.a(_clear_bss.o)
                0x00000226                __do_clear_bss
 *(.init4)
 *(.init5)
 *(.init5)
 *(.init6)
 .init6         0x00000236       0x16 c:/program files (x86)/atmel/studio/7.0/toolchain/avr8/avr8-gnu-toolchain/bin/../lib/gcc/avr/5.4.0/avr5\libgcc.a(_ctors.o)
                0x00000236                __do_global_ctors
 *(.init6)
 *(.init7)
 *(.init7)
 *(.init8)
 *(.init8)
 *(.init9)
 .init9         0x0000024c        0x8 C:/Program Files (x86)/Atmel/Studio/7.0/Packs/atmel/ATmega_DFP/1.2.150/gcc/dev/atmega328p/avr5/crtatmega328p.o
 *(.init9)
 *(.text)
 .text          0x00000254        0x4 C:/Program Files (x86)/Atmel/Studio/7.0/Packs/atmel/ATmega_DFP/1.2.150/gcc/dev/atmega328p/avr5/crtatmega328p.o
                0x00000254                __vector_22
                0x00000254                __vector_1
                0x00000254                __vector_24
                0x00000254                __vector_12
                0x00000254                __bad_interrupt
                0x00000254                __vector_6
                0x00000254                __vector_3
                0x00000254                __vector_23
                0x00000254                __vector_25
                0x00000254                __vector_11
                0x00000254                __vector_13
                0x00000254                __vector_17
                0x00000254                __vector_19
                0x00000254                __vector_7
                0x00000254                __vector_5
                0x00000254                __vector_4
                0x00000254                __vector_9
                0x00000254                __vector_2
                0x00000254                __vector_21
                0x00000254                __vector_15
                0x00000254                __vector_8
                0x00000254                __vector_14
                0x00000254                __vector_10
                0x00000254                __vector_18
                0x00000254                __vector_20
                0x00000258                . = ALIGN (0x2)
 *(.text.*)
 .text.setup    0x00000258        0x2 Sketch.o
                0x00000258                setup
 .text.loop     0x0000025a       0x1c Sketch.o
                0x0000025a                loop
 .text.startup._GLOBAL__sub_I_flag
                0x00000276       0x1c Sketch.o
 .text.exit._GLOBAL__sub_D_flag
                0x00000292       0x10 Sketch.o
 .text._ZN5ClockC2EP7DisplayNS_9ModesTypeE
                0x000002a2        0xa src/Clock/Clock.o
                0x000002a2                _ZN5ClockC2EP7DisplayNS_9ModesTypeE
                0x000002a2                _ZN5ClockC1EP7DisplayNS_9ModesTypeE
 .text._ZN5ClockD2Ev
                0x000002ac        0x2 src/Clock/Clock.o
                0x000002ac                _ZN5ClockD2Ev
                0x000002ac                _ZN5ClockD1Ev
 .text._ZN5Clock13getClockWordsEhhPNS_14ClockWordsTypeE
                0x000002ae       0xe2 src/Clock/Clock.o
                0x000002ae                _ZN5Clock13getClockWordsEhhPNS_14ClockWordsTypeE
 .text._ZN5Clock8setClockEhh
                0x00000390       0xe0 src/Clock/Clock.o
                0x00000390                _ZN5Clock8setClockEhh
 .text._ZNK7Display23getWordIlluminationFastENS_8WordTypeE.isra.1
                0x00000470       0x3c src/Display/Display.o
 .text._ZN7DisplayC2Ehhh
                0x000004ac       0x3a src/Display/Display.o
                0x000004ac                _ZN7DisplayC1Ehhh
                0x000004ac                _ZN7DisplayC2Ehhh
 .text._ZN7DisplayD2Ev
                0x000004e6        0x6 src/Display/Display.o
                0x000004e6                _ZN7DisplayD2Ev
                0x000004e6                _ZN7DisplayD1Ev
 .text._ZNK7Display21transformToSerpentineEhh
                0x000004ec       0x16 src/Display/Display.o
                0x000004ec                _ZNK7Display21transformToSerpentineEhh
 .text._ZN7Display8setPixelEhh
                0x00000502       0x24 src/Display/Display.o
                0x00000502                _ZN7Display8setPixelEhh
 .text._ZN7Display7setWordENS_8WordTypeEh
                0x00000526       0x58 src/Display/Display.o
                0x00000526                _ZN7Display7setWordENS_8WordTypeEh
 .text._ZN7Display10clearPixelEhh
                0x0000057e       0x24 src/Display/Display.o
                0x0000057e                _ZN7Display10clearPixelEhh
 .text._ZN7Display9clearWordENS_8WordTypeE
                0x000005a2       0x52 src/Display/Display.o
                0x000005a2                _ZN7Display9clearWordENS_8WordTypeE
 .text._ZN7Display13clearAllWordsEv
                0x000005f4       0x2e src/Display/Display.o
                0x000005f4                _ZN7Display13clearAllWordsEv
 .text._ZN6WS2812D2Ev
                0x00000622        0x2 src/WS2812/WS2812.o
                0x00000622                _ZN6WS2812D2Ev
                0x00000622                _ZN6WS2812D1Ev
 .text._ZN6WS28126setPinEh
                0x00000624       0x42 src/WS2812/WS2812.o
                0x00000624                _ZN6WS28126setPinEh
 .text._ZN6WS2812C2Eh
                0x00000666       0x4c src/WS2812/WS2812.o
                0x00000666                _ZN6WS2812C2Eh
                0x00000666                _ZN6WS2812C1Eh
 .text._ZN6WS28128setPixelEh15WS2812PixelType
                0x000006b2       0x42 src/WS2812/WS2812.o
                0x000006b2                _ZN6WS28128setPixelEh15WS2812PixelType
 .text._ZN6WS28128setPixelEhhhh
                0x000006f4       0x46 src/WS2812/WS2812.o
                0x000006f4                _ZN6WS28128setPixelEhhhh
 .text._ZN6WS28128sendDataEPKhj
                0x0000073a       0x48 src/WS2812/WS2812.o
                0x0000073a                _ZN6WS28128sendDataEPKhj
 .text._ZN6WS28124showEv.part.4
                0x00000782      0x118 src/WS2812/WS2812.o
 .text._ZN6WS28124showEv
                0x0000089a       0x52 src/WS2812/WS2812.o
                0x0000089a                _ZN6WS28124showEv
 .text.initVariant
                0x000008ec        0x2 C:\Users\virskl\Documents\GitHub\Wordclock\Wordclock\Wordclock\ArduinoCore\Debug\libArduinoCore.a(main.o)
                0x000008ec                initVariant
 .text.startup.main
                0x000008ee       0x1e C:\Users\virskl\Documents\GitHub\Wordclock\Wordclock\Wordclock\ArduinoCore\Debug\libArduinoCore.a(main.o)
                0x000008ee                main
 .text.__vector_16
                0x0000090c       0x94 C:\Users\virskl\Documents\GitHub\Wordclock\Wordclock\Wordclock\ArduinoCore\Debug\libArduinoCore.a(wiring.o)
                0x0000090c                __vector_16
 .text.micros   0x000009a0       0x4a C:\Users\virskl\Documents\GitHub\Wordclock\Wordclock\Wordclock\ArduinoCore\Debug\libArduinoCore.a(wiring.o)
                0x000009a0                micros
 .text.init     0x000009ea       0x76 C:\Users\virskl\Documents\GitHub\Wordclock\Wordclock\Wordclock\ArduinoCore\Debug\libArduinoCore.a(wiring.o)
                0x000009ea                init
 .text.pinMode  0x00000a60       0x78 C:\Users\virskl\Documents\GitHub\Wordclock\Wordclock\Wordclock\ArduinoCore\Debug\libArduinoCore.a(wiring_digital.o)
                0x00000a60                pinMode
 .text.libgcc.div
                0x00000ad8       0x18 c:/program files (x86)/atmel/studio/7.0/toolchain/avr8/avr8-gnu-toolchain/bin/../lib/gcc/avr/5.4.0/avr5\libgcc.a(_udivmodqi4.o)
                0x00000ad8                __udivmodqi4
 .text.libgcc   0x00000af0        0xc c:/program files (x86)/atmel/studio/7.0/toolchain/avr8/avr8-gnu-toolchain/bin/../lib/gcc/avr/5.4.0/avr5\libgcc.a(_tablejump2.o)
                0x00000af0                __tablejump2__
 .text.avr-libc
                0x00000afc       0x12 c:/program files (x86)/atmel/studio/7.0/toolchain/avr8/avr8-gnu-toolchain/bin/../lib/gcc/avr/5.4.0/../../../../avr/lib/avr5\libc.a(memcpy_P.o)
                0x00000afc                memcpy_P
                0x00000b0e                . = ALIGN (0x2)
 *(.fini9)
 .fini9         0x00000b0e        0x0 c:/program files (x86)/atmel/studio/7.0/toolchain/avr8/avr8-gnu-toolchain/bin/../lib/gcc/avr/5.4.0/avr5\libgcc.a(_exit.o)
                0x00000b0e                _exit
                0x00000b0e                exit
 *(.fini9)
 *(.fini8)
 *(.fini8)
 *(.fini7)
 *(.fini7)
 *(.fini6)
 .fini6         0x00000b0e       0x16 c:/program files (x86)/atmel/studio/7.0/toolchain/avr8/avr8-gnu-toolchain/bin/../lib/gcc/avr/5.4.0/avr5\libgcc.a(_dtors.o)
                0x00000b0e                __do_global_dtors
 *(.fini6)
 *(.fini5)
 *(.fini5)
 *(.fini4)
 *(.fini4)
 *(.fini3)
 *(.fini3)
 *(.fini2)
 *(.fini2)
 *(.fini1)
 *(.fini1)
 *(.fini0)
 .fini0         0x00000b24        0x4 c:/program files (x86)/atmel/studio/7.0/toolchain/avr8/avr8-gnu-toolchain/bin/../lib/gcc/avr/5.4.0/avr5\libgcc.a(_exit.o)
 *(.fini0)
                0x00000b28                _etext = .

.data           0x00800100        0x0 load address 0x00000b28
                [!provide]                PROVIDE (__data_start, .)
 *(.data)
 *(.data*)
 *(.gnu.linkonce.d*)
 *(.rodata)
 *(.rodata*)
 *(.gnu.linkonce.r*)
                0x00800100                . = ALIGN (0x2)
                0x00800100                _edata = .
                [!provide]                PROVIDE (__data_end, .)

.bss            0x00800100      0x165
                0x00800100                PROVIDE (__bss_start, .)
 *(.bss)
 *(.bss*)
 .bss.wcClock   0x00800100        0x3 Sketch.o
                0x00800100                wcClock
 .bss.WordClockDisplay
                0x00800103      0x159 Sketch.o
                0x00800103                WordClockDisplay
 .bss.timer0_fract
                0x0080025c        0x1 C:\Users\virskl\Documents\GitHub\Wordclock\Wordclock\Wordclock\ArduinoCore\Debug\libArduinoCore.a(wiring.o)
 .bss.timer0_millis
                0x0080025d        0x4 C:\Users\virskl\Documents\GitHub\Wordclock\Wordclock\Wordclock\ArduinoCore\Debug\libArduinoCore.a(wiring.o)
                0x0080025d                timer0_millis
 .bss.timer0_overflow_count
                0x00800261        0x4 C:\Users\virskl\Documents\GitHub\Wordclock\Wordclock\Wordclock\ArduinoCore\Debug\libArduinoCore.a(wiring.o)
                0x00800261                timer0_overflow_count
 *(COMMON)
                0x00800265                PROVIDE (__bss_end, .)
                0x00000b28                __data_load_start = LOADADDR (.data)
                0x00000b28                __data_load_end = (__data_load_start + SIZEOF (.data))

.noinit         0x00800265        0x0
                [!provide]                PROVIDE (__noinit_start, .)
 *(.noinit*)
                [!provide]                PROVIDE (__noinit_end, .)
                0x00800265                _end = .
                [!provide]                PROVIDE (__heap_start, .)

.eeprom         0x00810000        0x0
 *(.eeprom*)
                0x00810000                __eeprom_end = .

.fuse
 *(.fuse)
 *(.lfuse)
 *(.hfuse)
 *(.efuse)

.lock
 *(.lock*)

.signature
 *(.signature*)

.user_signatures
 *(.user_signatures*)

.stab
 *(.stab)

.stabstr
 *(.stabstr)

.stab.excl
 *(.stab.excl)

.stab.exclstr
 *(.stab.exclstr)

.stab.index
 *(.stab.index)

.stab.indexstr
 *(.stab.indexstr)

.comment        0x00000000       0x30
 *(.comment)
 .comment       0x00000000       0x30 Sketch.o
                                 0x31 (size before relaxing)
 .comment       0x00000030       0x31 src/Clock/Clock.o
 .comment       0x00000030       0x31 src/Display/Display.o
 .comment       0x00000030       0x31 src/WS2812/WS2812.o
 .comment       0x00000030       0x31 C:\Users\virskl\Documents\GitHub\Wordclock\Wordclock\Wordclock\ArduinoCore\Debug\libArduinoCore.a(main.o)
 .comment       0x00000030       0x31 C:\Users\virskl\Documents\GitHub\Wordclock\Wordclock\Wordclock\ArduinoCore\Debug\libArduinoCore.a(wiring.o)
 .comment       0x00000030       0x31 C:\Users\virskl\Documents\GitHub\Wordclock\Wordclock\Wordclock\ArduinoCore\Debug\libArduinoCore.a(wiring_digital.o)

.note.gnu.avr.deviceinfo
                0x00000000       0x40
 .note.gnu.avr.deviceinfo
                0x00000000       0x40 C:/Program Files (x86)/Atmel/Studio/7.0/Packs/atmel/ATmega_DFP/1.2.150/gcc/dev/atmega328p/avr5/crtatmega328p.o

.note.gnu.build-id
 *(.note.gnu.build-id)

.debug
 *(.debug)

.line
 *(.line)

.debug_srcinfo
 *(.debug_srcinfo)

.debug_sfnames
 *(.debug_sfnames)

.debug_aranges  0x00000000      0x300
 *(.debug_aranges)
 .debug_aranges
                0x00000000       0x38 Sketch.o
 .debug_aranges
                0x00000038       0x40 src/Clock/Clock.o
 .debug_aranges
                0x00000078      0x130 src/Display/Display.o
 .debug_aranges
                0x000001a8       0xa8 src/WS2812/WS2812.o
 .debug_aranges
                0x00000250       0x30 C:\Users\virskl\Documents\GitHub\Wordclock\Wordclock\Wordclock\ArduinoCore\Debug\libArduinoCore.a(main.o)
 .debug_aranges
                0x00000280       0x48 C:\Users\virskl\Documents\GitHub\Wordclock\Wordclock\Wordclock\ArduinoCore\Debug\libArduinoCore.a(wiring.o)
 .debug_aranges
                0x000002c8       0x38 C:\Users\virskl\Documents\GitHub\Wordclock\Wordclock\Wordclock\ArduinoCore\Debug\libArduinoCore.a(wiring_digital.o)

.debug_pubnames
 *(.debug_pubnames)

.debug_info     0x00000000     0x7f4c
 *(.debug_info .gnu.linkonce.wi.*)
 .debug_info    0x00000000      0x5f4 C:/Program Files (x86)/Atmel/Studio/7.0/Packs/atmel/ATmega_DFP/1.2.150/gcc/dev/atmega328p/avr5/crtatmega328p.o
 .debug_info    0x000005f4     0x1817 Sketch.o
 .debug_info    0x00001e0b     0x1af7 src/Clock/Clock.o
 .debug_info    0x00003902     0x29c6 src/Display/Display.o
 .debug_info    0x000062c8     0x1184 src/WS2812/WS2812.o
 .debug_info    0x0000744c      0x237 C:\Users\virskl\Documents\GitHub\Wordclock\Wordclock\Wordclock\ArduinoCore\Debug\libArduinoCore.a(main.o)
 .debug_info    0x00007683      0x2cb C:\Users\virskl\Documents\GitHub\Wordclock\Wordclock\Wordclock\ArduinoCore\Debug\libArduinoCore.a(wiring.o)
 .debug_info    0x0000794e      0x5fe C:\Users\virskl\Documents\GitHub\Wordclock\Wordclock\Wordclock\ArduinoCore\Debug\libArduinoCore.a(wiring_digital.o)

.debug_abbrev   0x00000000     0x182d
 *(.debug_abbrev)
 .debug_abbrev  0x00000000      0x5a2 C:/Program Files (x86)/Atmel/Studio/7.0/Packs/atmel/ATmega_DFP/1.2.150/gcc/dev/atmega328p/avr5/crtatmega328p.o
 .debug_abbrev  0x000005a2      0x2b5 Sketch.o
 .debug_abbrev  0x00000857      0x339 src/Clock/Clock.o
 .debug_abbrev  0x00000b90      0x46d src/Display/Display.o
 .debug_abbrev  0x00000ffd      0x462 src/WS2812/WS2812.o
 .debug_abbrev  0x0000145f      0x12d C:\Users\virskl\Documents\GitHub\Wordclock\Wordclock\Wordclock\ArduinoCore\Debug\libArduinoCore.a(main.o)
 .debug_abbrev  0x0000158c      0x146 C:\Users\virskl\Documents\GitHub\Wordclock\Wordclock\Wordclock\ArduinoCore\Debug\libArduinoCore.a(wiring.o)
 .debug_abbrev  0x000016d2      0x15b C:\Users\virskl\Documents\GitHub\Wordclock\Wordclock\Wordclock\ArduinoCore\Debug\libArduinoCore.a(wiring_digital.o)

.debug_line     0x00000000     0x267a
 *(.debug_line .debug_line.* .debug_line_end)
 .debug_line    0x00000000      0x133 C:/Program Files (x86)/Atmel/Studio/7.0/Packs/atmel/ATmega_DFP/1.2.150/gcc/dev/atmega328p/avr5/crtatmega328p.o
 .debug_line    0x00000133      0x51f Sketch.o
 .debug_line    0x00000652      0x5ed src/Clock/Clock.o
 .debug_line    0x00000c3f      0xb69 src/Display/Display.o
 .debug_line    0x000017a8      0x882 src/WS2812/WS2812.o
 .debug_line    0x0000202a      0x165 C:\Users\virskl\Documents\GitHub\Wordclock\Wordclock\Wordclock\ArduinoCore\Debug\libArduinoCore.a(main.o)
 .debug_line    0x0000218f      0x299 C:\Users\virskl\Documents\GitHub\Wordclock\Wordclock\Wordclock\ArduinoCore\Debug\libArduinoCore.a(wiring.o)
 .debug_line    0x00002428      0x252 C:\Users\virskl\Documents\GitHub\Wordclock\Wordclock\Wordclock\ArduinoCore\Debug\libArduinoCore.a(wiring_digital.o)

.debug_frame    0x00000000      0xa98
 *(.debug_frame)
 .debug_frame   0x00000000       0x54 Sketch.o
 .debug_frame   0x00000054       0xbc src/Clock/Clock.o
 .debug_frame   0x00000110      0x634 src/Display/Display.o
 .debug_frame   0x00000744      0x1c0 src/WS2812/WS2812.o
 .debug_frame   0x00000904       0x54 C:\Users\virskl\Documents\GitHub\Wordclock\Wordclock\Wordclock\ArduinoCore\Debug\libArduinoCore.a(main.o)
 .debug_frame   0x00000958       0xc4 C:\Users\virskl\Documents\GitHub\Wordclock\Wordclock\Wordclock\ArduinoCore\Debug\libArduinoCore.a(wiring.o)
 .debug_frame   0x00000a1c       0x7c C:\Users\virskl\Documents\GitHub\Wordclock\Wordclock\Wordclock\ArduinoCore\Debug\libArduinoCore.a(wiring_digital.o)

.debug_str      0x00000000     0xe7a5
 *(.debug_str)
 .debug_str     0x00000000      0x208 C:/Program Files (x86)/Atmel/Studio/7.0/Packs/atmel/ATmega_DFP/1.2.150/gcc/dev/atmega328p/avr5/crtatmega328p.o
 .debug_str     0x00000208     0xda02 Sketch.o
                               0xdc80 (size before relaxing)
 .debug_str     0x0000dc0a       0xd8 src/Clock/Clock.o
                               0xdb10 (size before relaxing)
 .debug_str     0x0000dce2       0xdf src/Display/Display.o
                               0xd730 (size before relaxing)
 .debug_str     0x0000ddc1      0x64e src/WS2812/WS2812.o
                               0xcae3 (size before relaxing)
 .debug_str     0x0000e40f      0x1ae C:\Users\virskl\Documents\GitHub\Wordclock\Wordclock\Wordclock\ArduinoCore\Debug\libArduinoCore.a(main.o)
                                0x2b0 (size before relaxing)
 .debug_str     0x0000e5bd      0x15b C:\Users\virskl\Documents\GitHub\Wordclock\Wordclock\Wordclock\ArduinoCore\Debug\libArduinoCore.a(wiring.o)
                                0x246 (size before relaxing)
 .debug_str     0x0000e718       0x8d C:\Users\virskl\Documents\GitHub\Wordclock\Wordclock\Wordclock\ArduinoCore\Debug\libArduinoCore.a(wiring_digital.o)
                                0x2ab (size before relaxing)

.debug_loc      0x00000000     0x478d
 *(.debug_loc)
 .debug_loc     0x00000000      0x5c7 src/Clock/Clock.o
 .debug_loc     0x000005c7     0x2a24 src/Display/Display.o
 .debug_loc     0x00002feb      0xf19 src/WS2812/WS2812.o
 .debug_loc     0x00003f04      0x28d C:\Users\virskl\Documents\GitHub\Wordclock\Wordclock\Wordclock\ArduinoCore\Debug\libArduinoCore.a(wiring.o)
 .debug_loc     0x00004191      0x5fc C:\Users\virskl\Documents\GitHub\Wordclock\Wordclock\Wordclock\ArduinoCore\Debug\libArduinoCore.a(wiring_digital.o)

.debug_macinfo
 *(.debug_macinfo)

.debug_weaknames
 *(.debug_weaknames)

.debug_funcnames
 *(.debug_funcnames)

.debug_typenames
 *(.debug_typenames)

.debug_varnames
 *(.debug_varnames)

.debug_pubtypes
 *(.debug_pubtypes)

.debug_ranges   0x00000000      0x2d8
 *(.debug_ranges)
 .debug_ranges  0x00000000       0x28 Sketch.o
 .debug_ranges  0x00000028       0x30 src/Clock/Clock.o
 .debug_ranges  0x00000058      0x168 src/Display/Display.o
 .debug_ranges  0x000001c0       0x98 src/WS2812/WS2812.o
 .debug_ranges  0x00000258       0x20 C:\Users\virskl\Documents\GitHub\Wordclock\Wordclock\Wordclock\ArduinoCore\Debug\libArduinoCore.a(main.o)
 .debug_ranges  0x00000278       0x38 C:\Users\virskl\Documents\GitHub\Wordclock\Wordclock\Wordclock\ArduinoCore\Debug\libArduinoCore.a(wiring.o)
 .debug_ranges  0x000002b0       0x28 C:\Users\virskl\Documents\GitHub\Wordclock\Wordclock\Wordclock\ArduinoCore\Debug\libArduinoCore.a(wiring_digital.o)

.debug_macro    0x00000000     0x6fe0
 *(.debug_macro)
 .debug_macro   0x00000000      0xe44 Sketch.o
 .debug_macro   0x00000e44       0x1c Sketch.o
 .debug_macro   0x00000e60      0x10e Sketch.o
 .debug_macro   0x00000f6e       0x66 Sketch.o
 .debug_macro   0x00000fd4       0x16 Sketch.o
 .debug_macro   0x00000fea       0x16 Sketch.o
 .debug_macro   0x00001000       0x20 Sketch.o
 .debug_macro   0x00001020      0x160 Sketch.o
 .debug_macro   0x00001180       0x10 Sketch.o
 .debug_macro   0x00001190       0x1c Sketch.o
 .debug_macro   0x000011ac      0x1c9 Sketch.o
 .debug_macro   0x00001375      0x2fc Sketch.o
 .debug_macro   0x00001671       0x12 Sketch.o
 .debug_macro   0x00001683       0xaa Sketch.o
 .debug_macro   0x0000172d     0x1410 Sketch.o
 .debug_macro   0x00002b3d      0x13a Sketch.o
 .debug_macro   0x00002c77       0xbd Sketch.o
 .debug_macro   0x00002d34       0x34 Sketch.o
 .debug_macro   0x00002d68       0x18 Sketch.o
 .debug_macro   0x00002d80       0x6c Sketch.o
 .debug_macro   0x00002dec       0xe2 Sketch.o
 .debug_macro   0x00002ece       0x69 Sketch.o
 .debug_macro   0x00002f37      0xd93 Sketch.o
 .debug_macro   0x00003cca      0x1d8 Sketch.o
 .debug_macro   0x00003ea2       0x10 Sketch.o
 .debug_macro   0x00003eb2       0x58 Sketch.o
 .debug_macro   0x00003f0a       0x10 Sketch.o
 .debug_macro   0x00003f1a       0xf2 Sketch.o
 .debug_macro   0x0000400c       0x1c Sketch.o
 .debug_macro   0x00004028       0x11 Sketch.o
 .debug_macro   0x00004039       0xa7 Sketch.o
 .debug_macro   0x000040e0       0x94 Sketch.o
 .debug_macro   0x00004174       0x33 Sketch.o
 .debug_macro   0x000041a7       0x10 Sketch.o
 .debug_macro   0x000041b7       0xa8 Sketch.o
 .debug_macro   0x0000425f       0x7c Sketch.o
 .debug_macro   0x000042db       0x70 Sketch.o
 .debug_macro   0x0000434b       0x28 Sketch.o
 .debug_macro   0x00004373       0x64 Sketch.o
 .debug_macro   0x000043d7       0x40 Sketch.o
 .debug_macro   0x00004417      0xe47 src/Clock/Clock.o
 .debug_macro   0x0000525e       0x3a src/Clock/Clock.o
 .debug_macro   0x00005298      0xe38 src/Display/Display.o
 .debug_macro   0x000060d0      0xe72 src/WS2812/WS2812.o
 .debug_macro   0x00006f42       0x6a src/WS2812/WS2812.o
 .debug_macro   0x00006fac       0x34 src/WS2812/WS2812.o
OUTPUT(Wordclock.elf elf32-avr)
LOAD linker stubs
