Archive member included to satisfy reference by file (symbol)

C:\Users\Andreas\Documents\GitHub\Wordclock\Wordclock\Wordclock\ArduinoCore\Debug\libArduinoCore.a(main.o)
                              C:/Program Files (x86)/Atmel/Studio/7.0/Packs/atmel/ATmega_DFP/1.0.106/gcc/dev/atmega328p/avr5/crtatmega328p.o (main)
C:\Users\Andreas\Documents\GitHub\Wordclock\Wordclock\Wordclock\ArduinoCore\Debug\libArduinoCore.a(wiring.o)
                              src/WS2812/WS2812.o (micros)
C:\Users\Andreas\Documents\GitHub\Wordclock\Wordclock\Wordclock\ArduinoCore\Debug\libArduinoCore.a(wiring_digital.o)
                              src/WS2812/WS2812.o (pinMode)
C:\Users\Andreas\Documents\GitHub\Wordclock\Wordclock\Wordclock\ArduinoCore\Debug\libArduinoCore.a(hooks.o)
                              C:\Users\Andreas\Documents\GitHub\Wordclock\Wordclock\Wordclock\ArduinoCore\Debug\libArduinoCore.a(wiring.o) (yield)
c:/program files (x86)/atmel/studio/7.0/toolchain/avr8/avr8-gnu-toolchain/bin/../lib/gcc/avr/5.4.0/avr5\libgcc.a(_udivmodqi4.o)
                              src/Display/Display.o (__udivmodqi4)
c:/program files (x86)/atmel/studio/7.0/toolchain/avr8/avr8-gnu-toolchain/bin/../lib/gcc/avr/5.4.0/avr5\libgcc.a(_exit.o)
                              C:/Program Files (x86)/Atmel/Studio/7.0/Packs/atmel/ATmega_DFP/1.0.106/gcc/dev/atmega328p/avr5/crtatmega328p.o (exit)
c:/program files (x86)/atmel/studio/7.0/toolchain/avr8/avr8-gnu-toolchain/bin/../lib/gcc/avr/5.4.0/avr5\libgcc.a(_clear_bss.o)
                              Sketch.o (__do_clear_bss)
c:/program files (x86)/atmel/studio/7.0/toolchain/avr8/avr8-gnu-toolchain/bin/../lib/gcc/avr/5.4.0/avr5\libgcc.a(_ctors.o)
                              Sketch.o (__do_global_ctors)
c:/program files (x86)/atmel/studio/7.0/toolchain/avr8/avr8-gnu-toolchain/bin/../lib/gcc/avr/5.4.0/avr5\libgcc.a(_dtors.o)
                              Sketch.o (__do_global_dtors)
c:/program files (x86)/atmel/studio/7.0/toolchain/avr8/avr8-gnu-toolchain/bin/../lib/gcc/avr/5.4.0/avr5\libgcc.a(_tablejump2.o)
                              c:/program files (x86)/atmel/studio/7.0/toolchain/avr8/avr8-gnu-toolchain/bin/../lib/gcc/avr/5.4.0/avr5\libgcc.a(_ctors.o) (__tablejump2__)
c:/program files (x86)/atmel/studio/7.0/toolchain/avr8/avr8-gnu-toolchain/bin/../lib/gcc/avr/5.4.0/../../../../avr/lib/avr5\libc.a(memcpy_P.o)
                              src/Display/Display_Clock.o (memcpy_P)

Discarded input sections

 .data          0x00000000        0x0 C:/Program Files (x86)/Atmel/Studio/7.0/Packs/atmel/ATmega_DFP/1.0.106/gcc/dev/atmega328p/avr5/crtatmega328p.o
 .bss           0x00000000        0x0 C:/Program Files (x86)/Atmel/Studio/7.0/Packs/atmel/ATmega_DFP/1.0.106/gcc/dev/atmega328p/avr5/crtatmega328p.o
 .text          0x00000000        0x0 Sketch.o
 .data          0x00000000        0x0 Sketch.o
 .bss           0x00000000        0x0 Sketch.o
 .bss.Char      0x00000000        0x1 Sketch.o
 .text          0x00000000        0x0 src/Display/Display.o
 .data          0x00000000        0x0 src/Display/Display.o
 .bss           0x00000000        0x0 src/Display/Display.o
 .text._ZN7Display4initEv
                0x00000000        0x2 src/Display/Display.o
 .text._ZN7Display6setLedEh
                0x00000000       0x14 src/Display/Display.o
 .text          0x00000000        0x0 src/Display/Display_Character.o
 .data          0x00000000        0x0 src/Display/Display_Character.o
 .bss           0x00000000        0x0 src/Display/Display_Character.o
 .text._ZN16DisplayCharacter12setCharacterE30DisplayCharacterCharactersType
                0x00000000        0xa src/Display/Display_Character.o
 .text._ZN16DisplayCharacter7getCharEhhPc
                0x00000000       0x28 src/Display/Display_Character.o
 .text._ZN16DisplayCharacter7getCharEhPc
                0x00000000       0x2c src/Display/Display_Character.o
 .progmem.data._ZN16DisplayCharacter17DisplayCharactersE
                0x00000000       0x78 src/Display/Display_Character.o
 .debug_info    0x00000000      0xc10 src/Display/Display_Character.o
 .debug_abbrev  0x00000000      0x26e src/Display/Display_Character.o
 .debug_loc     0x00000000      0x2aa src/Display/Display_Character.o
 .debug_aranges
                0x00000000       0x30 src/Display/Display_Character.o
 .debug_ranges  0x00000000       0x20 src/Display/Display_Character.o
 .debug_line    0x00000000      0x212 src/Display/Display_Character.o
 .debug_str     0x00000000     0x12f1 src/Display/Display_Character.o
 .comment       0x00000000       0x31 src/Display/Display_Character.o
 .debug_frame   0x00000000       0x44 src/Display/Display_Character.o
 .text          0x00000000        0x0 src/Display/Display_Clock.o
 .data          0x00000000        0x0 src/Display/Display_Clock.o
 .bss           0x00000000        0x0 src/Display/Display_Clock.o
 .text          0x00000000        0x0 src/Display/Display_Font.o
 .data          0x00000000        0x0 src/Display/Display_Font.o
 .bss           0x00000000        0x0 src/Display/Display_Font.o
 .debug_info    0x00000000      0x157 src/Display/Display_Font.o
 .debug_abbrev  0x00000000       0x79 src/Display/Display_Font.o
 .debug_aranges
                0x00000000       0x18 src/Display/Display_Font.o
 .debug_line    0x00000000       0xe7 src/Display/Display_Font.o
 .debug_str     0x00000000      0x265 src/Display/Display_Font.o
 .comment       0x00000000       0x31 src/Display/Display_Font.o
 .text          0x00000000        0x0 src/Display/Display_Word.o
 .data          0x00000000        0x0 src/Display/Display_Word.o
 .bss           0x00000000        0x0 src/Display/Display_Word.o
 .text          0x00000000        0x0 src/WS2812/WS2812.o
 .data          0x00000000        0x0 src/WS2812/WS2812.o
 .bss           0x00000000        0x0 src/WS2812/WS2812.o
 .text._ZN6WS28124initEv
                0x00000000        0x2 src/WS2812/WS2812.o
 .text._ZN6WS28128getPixelEhP15WS2812PixelType
                0x00000000       0x50 src/WS2812/WS2812.o
 .text._ZN6WS281214getPixelDimmedEhP15WS2812PixelType
                0x00000000       0x7c src/WS2812/WS2812.o
 .text._ZN6WS28128setPixelEhhhh
                0x00000000       0x46 src/WS2812/WS2812.o
 .text._ZN6WS281210clearPixelEh
                0x00000000       0x1a src/WS2812/WS2812.o
 .text._ZN6WS281213setBrightnessEh
                0x00000000        0xc src/WS2812/WS2812.o
 .text._ZN6WS281213setColorOrderE20WS2812ColorOrderType
                0x00000000       0x44 src/WS2812/WS2812.o
 .text          0x00000000        0x0 C:\Users\Andreas\Documents\GitHub\Wordclock\Wordclock\Wordclock\ArduinoCore\Debug\libArduinoCore.a(main.o)
 .data          0x00000000        0x0 C:\Users\Andreas\Documents\GitHub\Wordclock\Wordclock\Wordclock\ArduinoCore\Debug\libArduinoCore.a(main.o)
 .bss           0x00000000        0x0 C:\Users\Andreas\Documents\GitHub\Wordclock\Wordclock\Wordclock\ArduinoCore\Debug\libArduinoCore.a(main.o)
 .text.atexit   0x00000000        0x6 C:\Users\Andreas\Documents\GitHub\Wordclock\Wordclock\Wordclock\ArduinoCore\Debug\libArduinoCore.a(main.o)
 .text._Z8setupUSBv
                0x00000000        0x2 C:\Users\Andreas\Documents\GitHub\Wordclock\Wordclock\Wordclock\ArduinoCore\Debug\libArduinoCore.a(main.o)
 .text          0x00000000        0x0 C:\Users\Andreas\Documents\GitHub\Wordclock\Wordclock\Wordclock\ArduinoCore\Debug\libArduinoCore.a(wiring.o)
 .data          0x00000000        0x0 C:\Users\Andreas\Documents\GitHub\Wordclock\Wordclock\Wordclock\ArduinoCore\Debug\libArduinoCore.a(wiring.o)
 .bss           0x00000000        0x0 C:\Users\Andreas\Documents\GitHub\Wordclock\Wordclock\Wordclock\ArduinoCore\Debug\libArduinoCore.a(wiring.o)
 .text.millis   0x00000000       0x18 C:\Users\Andreas\Documents\GitHub\Wordclock\Wordclock\Wordclock\ArduinoCore\Debug\libArduinoCore.a(wiring.o)
 .text.delay    0x00000000       0x78 C:\Users\Andreas\Documents\GitHub\Wordclock\Wordclock\Wordclock\ArduinoCore\Debug\libArduinoCore.a(wiring.o)
 .text.delayMicroseconds
                0x00000000       0x16 C:\Users\Andreas\Documents\GitHub\Wordclock\Wordclock\Wordclock\ArduinoCore\Debug\libArduinoCore.a(wiring.o)
 .text          0x00000000        0x0 C:\Users\Andreas\Documents\GitHub\Wordclock\Wordclock\Wordclock\ArduinoCore\Debug\libArduinoCore.a(wiring_digital.o)
 .data          0x00000000        0x0 C:\Users\Andreas\Documents\GitHub\Wordclock\Wordclock\Wordclock\ArduinoCore\Debug\libArduinoCore.a(wiring_digital.o)
 .bss           0x00000000        0x0 C:\Users\Andreas\Documents\GitHub\Wordclock\Wordclock\Wordclock\ArduinoCore\Debug\libArduinoCore.a(wiring_digital.o)
 .text.turnOffPWM
                0x00000000       0x52 C:\Users\Andreas\Documents\GitHub\Wordclock\Wordclock\Wordclock\ArduinoCore\Debug\libArduinoCore.a(wiring_digital.o)
 .text.digitalWrite
                0x00000000       0x5e C:\Users\Andreas\Documents\GitHub\Wordclock\Wordclock\Wordclock\ArduinoCore\Debug\libArduinoCore.a(wiring_digital.o)
 .text.digitalRead
                0x00000000       0x52 C:\Users\Andreas\Documents\GitHub\Wordclock\Wordclock\Wordclock\ArduinoCore\Debug\libArduinoCore.a(wiring_digital.o)
 .progmem.data.digital_pin_to_timer_PGM
                0x00000000       0x14 C:\Users\Andreas\Documents\GitHub\Wordclock\Wordclock\Wordclock\ArduinoCore\Debug\libArduinoCore.a(wiring_digital.o)
 .progmem.data.port_to_input_PGM
                0x00000000        0xa C:\Users\Andreas\Documents\GitHub\Wordclock\Wordclock\Wordclock\ArduinoCore\Debug\libArduinoCore.a(wiring_digital.o)
 .text          0x00000000        0x0 C:\Users\Andreas\Documents\GitHub\Wordclock\Wordclock\Wordclock\ArduinoCore\Debug\libArduinoCore.a(hooks.o)
 .data          0x00000000        0x0 C:\Users\Andreas\Documents\GitHub\Wordclock\Wordclock\Wordclock\ArduinoCore\Debug\libArduinoCore.a(hooks.o)
 .bss           0x00000000        0x0 C:\Users\Andreas\Documents\GitHub\Wordclock\Wordclock\Wordclock\ArduinoCore\Debug\libArduinoCore.a(hooks.o)
 .text.__empty  0x00000000        0x2 C:\Users\Andreas\Documents\GitHub\Wordclock\Wordclock\Wordclock\ArduinoCore\Debug\libArduinoCore.a(hooks.o)
 .debug_info    0x00000000       0x3e C:\Users\Andreas\Documents\GitHub\Wordclock\Wordclock\Wordclock\ArduinoCore\Debug\libArduinoCore.a(hooks.o)
 .debug_abbrev  0x00000000       0x2a C:\Users\Andreas\Documents\GitHub\Wordclock\Wordclock\Wordclock\ArduinoCore\Debug\libArduinoCore.a(hooks.o)
 .debug_aranges
                0x00000000       0x20 C:\Users\Andreas\Documents\GitHub\Wordclock\Wordclock\Wordclock\ArduinoCore\Debug\libArduinoCore.a(hooks.o)
 .debug_ranges  0x00000000       0x10 C:\Users\Andreas\Documents\GitHub\Wordclock\Wordclock\Wordclock\ArduinoCore\Debug\libArduinoCore.a(hooks.o)
 .debug_line    0x00000000       0x41 C:\Users\Andreas\Documents\GitHub\Wordclock\Wordclock\Wordclock\ArduinoCore\Debug\libArduinoCore.a(hooks.o)
 .debug_str     0x00000000      0x139 C:\Users\Andreas\Documents\GitHub\Wordclock\Wordclock\Wordclock\ArduinoCore\Debug\libArduinoCore.a(hooks.o)
 .comment       0x00000000       0x31 C:\Users\Andreas\Documents\GitHub\Wordclock\Wordclock\Wordclock\ArduinoCore\Debug\libArduinoCore.a(hooks.o)
 .debug_frame   0x00000000       0x24 C:\Users\Andreas\Documents\GitHub\Wordclock\Wordclock\Wordclock\ArduinoCore\Debug\libArduinoCore.a(hooks.o)
 .text          0x00000000        0x0 c:/program files (x86)/atmel/studio/7.0/toolchain/avr8/avr8-gnu-toolchain/bin/../lib/gcc/avr/5.4.0/avr5\libgcc.a(_udivmodqi4.o)
 .data          0x00000000        0x0 c:/program files (x86)/atmel/studio/7.0/toolchain/avr8/avr8-gnu-toolchain/bin/../lib/gcc/avr/5.4.0/avr5\libgcc.a(_udivmodqi4.o)
 .bss           0x00000000        0x0 c:/program files (x86)/atmel/studio/7.0/toolchain/avr8/avr8-gnu-toolchain/bin/../lib/gcc/avr/5.4.0/avr5\libgcc.a(_udivmodqi4.o)
 .text.libgcc.mul
                0x00000000        0x0 c:/program files (x86)/atmel/studio/7.0/toolchain/avr8/avr8-gnu-toolchain/bin/../lib/gcc/avr/5.4.0/avr5\libgcc.a(_udivmodqi4.o)
 .text.libgcc   0x00000000        0x0 c:/program files (x86)/atmel/studio/7.0/toolchain/avr8/avr8-gnu-toolchain/bin/../lib/gcc/avr/5.4.0/avr5\libgcc.a(_udivmodqi4.o)
 .text.libgcc.prologue
                0x00000000        0x0 c:/program files (x86)/atmel/studio/7.0/toolchain/avr8/avr8-gnu-toolchain/bin/../lib/gcc/avr/5.4.0/avr5\libgcc.a(_udivmodqi4.o)
 .text.libgcc.builtins
                0x00000000        0x0 c:/program files (x86)/atmel/studio/7.0/toolchain/avr8/avr8-gnu-toolchain/bin/../lib/gcc/avr/5.4.0/avr5\libgcc.a(_udivmodqi4.o)
 .text.libgcc.fmul
                0x00000000        0x0 c:/program files (x86)/atmel/studio/7.0/toolchain/avr8/avr8-gnu-toolchain/bin/../lib/gcc/avr/5.4.0/avr5\libgcc.a(_udivmodqi4.o)
 .text.libgcc.fixed
                0x00000000        0x0 c:/program files (x86)/atmel/studio/7.0/toolchain/avr8/avr8-gnu-toolchain/bin/../lib/gcc/avr/5.4.0/avr5\libgcc.a(_udivmodqi4.o)
 .text          0x00000000        0x0 c:/program files (x86)/atmel/studio/7.0/toolchain/avr8/avr8-gnu-toolchain/bin/../lib/gcc/avr/5.4.0/avr5\libgcc.a(_exit.o)
 .data          0x00000000        0x0 c:/program files (x86)/atmel/studio/7.0/toolchain/avr8/avr8-gnu-toolchain/bin/../lib/gcc/avr/5.4.0/avr5\libgcc.a(_exit.o)
 .bss           0x00000000        0x0 c:/program files (x86)/atmel/studio/7.0/toolchain/avr8/avr8-gnu-toolchain/bin/../lib/gcc/avr/5.4.0/avr5\libgcc.a(_exit.o)
 .text.libgcc.mul
                0x00000000        0x0 c:/program files (x86)/atmel/studio/7.0/toolchain/avr8/avr8-gnu-toolchain/bin/../lib/gcc/avr/5.4.0/avr5\libgcc.a(_exit.o)
 .text.libgcc.div
                0x00000000        0x0 c:/program files (x86)/atmel/studio/7.0/toolchain/avr8/avr8-gnu-toolchain/bin/../lib/gcc/avr/5.4.0/avr5\libgcc.a(_exit.o)
 .text.libgcc   0x00000000        0x0 c:/program files (x86)/atmel/studio/7.0/toolchain/avr8/avr8-gnu-toolchain/bin/../lib/gcc/avr/5.4.0/avr5\libgcc.a(_exit.o)
 .text.libgcc.prologue
                0x00000000        0x0 c:/program files (x86)/atmel/studio/7.0/toolchain/avr8/avr8-gnu-toolchain/bin/../lib/gcc/avr/5.4.0/avr5\libgcc.a(_exit.o)
 .text.libgcc.builtins
                0x00000000        0x0 c:/program files (x86)/atmel/studio/7.0/toolchain/avr8/avr8-gnu-toolchain/bin/../lib/gcc/avr/5.4.0/avr5\libgcc.a(_exit.o)
 .text.libgcc.fmul
                0x00000000        0x0 c:/program files (x86)/atmel/studio/7.0/toolchain/avr8/avr8-gnu-toolchain/bin/../lib/gcc/avr/5.4.0/avr5\libgcc.a(_exit.o)
 .text.libgcc.fixed
                0x00000000        0x0 c:/program files (x86)/atmel/studio/7.0/toolchain/avr8/avr8-gnu-toolchain/bin/../lib/gcc/avr/5.4.0/avr5\libgcc.a(_exit.o)
 .text          0x00000000        0x0 c:/program files (x86)/atmel/studio/7.0/toolchain/avr8/avr8-gnu-toolchain/bin/../lib/gcc/avr/5.4.0/avr5\libgcc.a(_clear_bss.o)
 .data          0x00000000        0x0 c:/program files (x86)/atmel/studio/7.0/toolchain/avr8/avr8-gnu-toolchain/bin/../lib/gcc/avr/5.4.0/avr5\libgcc.a(_clear_bss.o)
 .bss           0x00000000        0x0 c:/program files (x86)/atmel/studio/7.0/toolchain/avr8/avr8-gnu-toolchain/bin/../lib/gcc/avr/5.4.0/avr5\libgcc.a(_clear_bss.o)
 .text.libgcc.mul
                0x00000000        0x0 c:/program files (x86)/atmel/studio/7.0/toolchain/avr8/avr8-gnu-toolchain/bin/../lib/gcc/avr/5.4.0/avr5\libgcc.a(_clear_bss.o)
 .text.libgcc.div
                0x00000000        0x0 c:/program files (x86)/atmel/studio/7.0/toolchain/avr8/avr8-gnu-toolchain/bin/../lib/gcc/avr/5.4.0/avr5\libgcc.a(_clear_bss.o)
 .text.libgcc   0x00000000        0x0 c:/program files (x86)/atmel/studio/7.0/toolchain/avr8/avr8-gnu-toolchain/bin/../lib/gcc/avr/5.4.0/avr5\libgcc.a(_clear_bss.o)
 .text.libgcc.prologue
                0x00000000        0x0 c:/program files (x86)/atmel/studio/7.0/toolchain/avr8/avr8-gnu-toolchain/bin/../lib/gcc/avr/5.4.0/avr5\libgcc.a(_clear_bss.o)
 .text.libgcc.builtins
                0x00000000        0x0 c:/program files (x86)/atmel/studio/7.0/toolchain/avr8/avr8-gnu-toolchain/bin/../lib/gcc/avr/5.4.0/avr5\libgcc.a(_clear_bss.o)
 .text.libgcc.fmul
                0x00000000        0x0 c:/program files (x86)/atmel/studio/7.0/toolchain/avr8/avr8-gnu-toolchain/bin/../lib/gcc/avr/5.4.0/avr5\libgcc.a(_clear_bss.o)
 .text.libgcc.fixed
                0x00000000        0x0 c:/program files (x86)/atmel/studio/7.0/toolchain/avr8/avr8-gnu-toolchain/bin/../lib/gcc/avr/5.4.0/avr5\libgcc.a(_clear_bss.o)
 .text          0x00000000        0x0 c:/program files (x86)/atmel/studio/7.0/toolchain/avr8/avr8-gnu-toolchain/bin/../lib/gcc/avr/5.4.0/avr5\libgcc.a(_ctors.o)
 .data          0x00000000        0x0 c:/program files (x86)/atmel/studio/7.0/toolchain/avr8/avr8-gnu-toolchain/bin/../lib/gcc/avr/5.4.0/avr5\libgcc.a(_ctors.o)
 .bss           0x00000000        0x0 c:/program files (x86)/atmel/studio/7.0/toolchain/avr8/avr8-gnu-toolchain/bin/../lib/gcc/avr/5.4.0/avr5\libgcc.a(_ctors.o)
 .text.libgcc.mul
                0x00000000        0x0 c:/program files (x86)/atmel/studio/7.0/toolchain/avr8/avr8-gnu-toolchain/bin/../lib/gcc/avr/5.4.0/avr5\libgcc.a(_ctors.o)
 .text.libgcc.div
                0x00000000        0x0 c:/program files (x86)/atmel/studio/7.0/toolchain/avr8/avr8-gnu-toolchain/bin/../lib/gcc/avr/5.4.0/avr5\libgcc.a(_ctors.o)
 .text.libgcc   0x00000000        0x0 c:/program files (x86)/atmel/studio/7.0/toolchain/avr8/avr8-gnu-toolchain/bin/../lib/gcc/avr/5.4.0/avr5\libgcc.a(_ctors.o)
 .text.libgcc.prologue
                0x00000000        0x0 c:/program files (x86)/atmel/studio/7.0/toolchain/avr8/avr8-gnu-toolchain/bin/../lib/gcc/avr/5.4.0/avr5\libgcc.a(_ctors.o)
 .text.libgcc.builtins
                0x00000000        0x0 c:/program files (x86)/atmel/studio/7.0/toolchain/avr8/avr8-gnu-toolchain/bin/../lib/gcc/avr/5.4.0/avr5\libgcc.a(_ctors.o)
 .text.libgcc.fmul
                0x00000000        0x0 c:/program files (x86)/atmel/studio/7.0/toolchain/avr8/avr8-gnu-toolchain/bin/../lib/gcc/avr/5.4.0/avr5\libgcc.a(_ctors.o)
 .text.libgcc.fixed
                0x00000000        0x0 c:/program files (x86)/atmel/studio/7.0/toolchain/avr8/avr8-gnu-toolchain/bin/../lib/gcc/avr/5.4.0/avr5\libgcc.a(_ctors.o)
 .text          0x00000000        0x0 c:/program files (x86)/atmel/studio/7.0/toolchain/avr8/avr8-gnu-toolchain/bin/../lib/gcc/avr/5.4.0/avr5\libgcc.a(_dtors.o)
 .data          0x00000000        0x0 c:/program files (x86)/atmel/studio/7.0/toolchain/avr8/avr8-gnu-toolchain/bin/../lib/gcc/avr/5.4.0/avr5\libgcc.a(_dtors.o)
 .bss           0x00000000        0x0 c:/program files (x86)/atmel/studio/7.0/toolchain/avr8/avr8-gnu-toolchain/bin/../lib/gcc/avr/5.4.0/avr5\libgcc.a(_dtors.o)
 .text.libgcc.mul
                0x00000000        0x0 c:/program files (x86)/atmel/studio/7.0/toolchain/avr8/avr8-gnu-toolchain/bin/../lib/gcc/avr/5.4.0/avr5\libgcc.a(_dtors.o)
 .text.libgcc.div
                0x00000000        0x0 c:/program files (x86)/atmel/studio/7.0/toolchain/avr8/avr8-gnu-toolchain/bin/../lib/gcc/avr/5.4.0/avr5\libgcc.a(_dtors.o)
 .text.libgcc   0x00000000        0x0 c:/program files (x86)/atmel/studio/7.0/toolchain/avr8/avr8-gnu-toolchain/bin/../lib/gcc/avr/5.4.0/avr5\libgcc.a(_dtors.o)
 .text.libgcc.prologue
                0x00000000        0x0 c:/program files (x86)/atmel/studio/7.0/toolchain/avr8/avr8-gnu-toolchain/bin/../lib/gcc/avr/5.4.0/avr5\libgcc.a(_dtors.o)
 .text.libgcc.builtins
                0x00000000        0x0 c:/program files (x86)/atmel/studio/7.0/toolchain/avr8/avr8-gnu-toolchain/bin/../lib/gcc/avr/5.4.0/avr5\libgcc.a(_dtors.o)
 .text.libgcc.fmul
                0x00000000        0x0 c:/program files (x86)/atmel/studio/7.0/toolchain/avr8/avr8-gnu-toolchain/bin/../lib/gcc/avr/5.4.0/avr5\libgcc.a(_dtors.o)
 .text.libgcc.fixed
                0x00000000        0x0 c:/program files (x86)/atmel/studio/7.0/toolchain/avr8/avr8-gnu-toolchain/bin/../lib/gcc/avr/5.4.0/avr5\libgcc.a(_dtors.o)
 .text          0x00000000        0x0 c:/program files (x86)/atmel/studio/7.0/toolchain/avr8/avr8-gnu-toolchain/bin/../lib/gcc/avr/5.4.0/avr5\libgcc.a(_tablejump2.o)
 .data          0x00000000        0x0 c:/program files (x86)/atmel/studio/7.0/toolchain/avr8/avr8-gnu-toolchain/bin/../lib/gcc/avr/5.4.0/avr5\libgcc.a(_tablejump2.o)
 .bss           0x00000000        0x0 c:/program files (x86)/atmel/studio/7.0/toolchain/avr8/avr8-gnu-toolchain/bin/../lib/gcc/avr/5.4.0/avr5\libgcc.a(_tablejump2.o)
 .text.libgcc.mul
                0x00000000        0x0 c:/program files (x86)/atmel/studio/7.0/toolchain/avr8/avr8-gnu-toolchain/bin/../lib/gcc/avr/5.4.0/avr5\libgcc.a(_tablejump2.o)
 .text.libgcc.div
                0x00000000        0x0 c:/program files (x86)/atmel/studio/7.0/toolchain/avr8/avr8-gnu-toolchain/bin/../lib/gcc/avr/5.4.0/avr5\libgcc.a(_tablejump2.o)
 .text.libgcc.prologue
                0x00000000        0x0 c:/program files (x86)/atmel/studio/7.0/toolchain/avr8/avr8-gnu-toolchain/bin/../lib/gcc/avr/5.4.0/avr5\libgcc.a(_tablejump2.o)
 .text.libgcc.builtins
                0x00000000        0x0 c:/program files (x86)/atmel/studio/7.0/toolchain/avr8/avr8-gnu-toolchain/bin/../lib/gcc/avr/5.4.0/avr5\libgcc.a(_tablejump2.o)
 .text.libgcc.fmul
                0x00000000        0x0 c:/program files (x86)/atmel/studio/7.0/toolchain/avr8/avr8-gnu-toolchain/bin/../lib/gcc/avr/5.4.0/avr5\libgcc.a(_tablejump2.o)
 .text.libgcc.fixed
                0x00000000        0x0 c:/program files (x86)/atmel/studio/7.0/toolchain/avr8/avr8-gnu-toolchain/bin/../lib/gcc/avr/5.4.0/avr5\libgcc.a(_tablejump2.o)
 .text          0x00000000        0x0 c:/program files (x86)/atmel/studio/7.0/toolchain/avr8/avr8-gnu-toolchain/bin/../lib/gcc/avr/5.4.0/../../../../avr/lib/avr5\libc.a(memcpy_P.o)
 .data          0x00000000        0x0 c:/program files (x86)/atmel/studio/7.0/toolchain/avr8/avr8-gnu-toolchain/bin/../lib/gcc/avr/5.4.0/../../../../avr/lib/avr5\libc.a(memcpy_P.o)
 .bss           0x00000000        0x0 c:/program files (x86)/atmel/studio/7.0/toolchain/avr8/avr8-gnu-toolchain/bin/../lib/gcc/avr/5.4.0/../../../../avr/lib/avr5\libc.a(memcpy_P.o)

Memory Configuration

Name             Origin             Length             Attributes
text             0x00000000         0x00020000         xr
data             0x00800060         0x0000ffa0         rw !x
eeprom           0x00810000         0x00010000         rw !x
fuse             0x00820000         0x00000400         rw !x
lock             0x00830000         0x00000400         rw !x
signature        0x00840000         0x00000400         rw !x
user_signatures  0x00850000         0x00000400         rw !x
*default*        0x00000000         0xffffffff

Linker script and memory map

Address of section .data set to 0x800100
LOAD C:/Program Files (x86)/Atmel/Studio/7.0/Packs/atmel/ATmega_DFP/1.0.106/gcc/dev/atmega328p/avr5/crtatmega328p.o
LOAD Sketch.o
LOAD src/Display/Display.o
LOAD src/Display/Display_Character.o
LOAD src/Display/Display_Clock.o
LOAD src/Display/Display_Font.o
LOAD src/Display/Display_Word.o
LOAD src/WS2812/WS2812.o
START GROUP
LOAD c:/program files (x86)/atmel/studio/7.0/toolchain/avr8/avr8-gnu-toolchain/bin/../lib/gcc/avr/5.4.0/../../../../avr/lib/avr5\libm.a
LOAD C:\Users\Andreas\Documents\GitHub\Wordclock\Wordclock\Wordclock\ArduinoCore\Debug\libArduinoCore.a
END GROUP
LOAD c:/program files (x86)/atmel/studio/7.0/toolchain/avr8/avr8-gnu-toolchain/bin/../lib/gcc/avr/5.4.0/avr5\libgcc.a
LOAD c:/program files (x86)/atmel/studio/7.0/toolchain/avr8/avr8-gnu-toolchain/bin/../lib/gcc/avr/5.4.0/../../../../avr/lib/avr5\libm.a
START GROUP
LOAD c:/program files (x86)/atmel/studio/7.0/toolchain/avr8/avr8-gnu-toolchain/bin/../lib/gcc/avr/5.4.0/avr5\libgcc.a
LOAD c:/program files (x86)/atmel/studio/7.0/toolchain/avr8/avr8-gnu-toolchain/bin/../lib/gcc/avr/5.4.0/../../../../avr/lib/avr5\libm.a
LOAD c:/program files (x86)/atmel/studio/7.0/toolchain/avr8/avr8-gnu-toolchain/bin/../lib/gcc/avr/5.4.0/../../../../avr/lib/avr5\libc.a
LOAD C:/Program Files (x86)/Atmel/Studio/7.0/Packs/atmel/ATmega_DFP/1.0.106/gcc/dev/atmega328p/avr5\libatmega328p.a
END GROUP
                0x00020000                __TEXT_REGION_LENGTH__ = DEFINED (__TEXT_REGION_LENGTH__)?__TEXT_REGION_LENGTH__:0x20000
                0x0000ffa0                __DATA_REGION_LENGTH__ = DEFINED (__DATA_REGION_LENGTH__)?__DATA_REGION_LENGTH__:0xffa0
                0x00010000                __EEPROM_REGION_LENGTH__ = DEFINED (__EEPROM_REGION_LENGTH__)?__EEPROM_REGION_LENGTH__:0x10000
                0x00000400                __FUSE_REGION_LENGTH__ = DEFINED (__FUSE_REGION_LENGTH__)?__FUSE_REGION_LENGTH__:0x400
                0x00000400                __LOCK_REGION_LENGTH__ = DEFINED (__LOCK_REGION_LENGTH__)?__LOCK_REGION_LENGTH__:0x400
                0x00000400                __SIGNATURE_REGION_LENGTH__ = DEFINED (__SIGNATURE_REGION_LENGTH__)?__SIGNATURE_REGION_LENGTH__:0x400
                0x00000400                __USER_SIGNATURE_REGION_LENGTH__ = DEFINED (__USER_SIGNATURE_REGION_LENGTH__)?__USER_SIGNATURE_REGION_LENGTH__:0x400

.hash
 *(.hash)

.dynsym
 *(.dynsym)

.dynstr
 *(.dynstr)

.gnu.version
 *(.gnu.version)

.gnu.version_d
 *(.gnu.version_d)

.gnu.version_r
 *(.gnu.version_r)

.rel.init
 *(.rel.init)

.rela.init
 *(.rela.init)

.rel.text
 *(.rel.text)
 *(.rel.text.*)
 *(.rel.gnu.linkonce.t*)

.rela.text
 *(.rela.text)
 *(.rela.text.*)
 *(.rela.gnu.linkonce.t*)

.rel.fini
 *(.rel.fini)

.rela.fini
 *(.rela.fini)

.rel.rodata
 *(.rel.rodata)
 *(.rel.rodata.*)
 *(.rel.gnu.linkonce.r*)

.rela.rodata
 *(.rela.rodata)
 *(.rela.rodata.*)
 *(.rela.gnu.linkonce.r*)

.rel.data
 *(.rel.data)
 *(.rel.data.*)
 *(.rel.gnu.linkonce.d*)

.rela.data
 *(.rela.data)
 *(.rela.data.*)
 *(.rela.gnu.linkonce.d*)

.rel.ctors
 *(.rel.ctors)

.rela.ctors
 *(.rela.ctors)

.rel.dtors
 *(.rel.dtors)

.rela.dtors
 *(.rela.dtors)

.rel.got
 *(.rel.got)

.rela.got
 *(.rela.got)

.rel.bss
 *(.rel.bss)

.rela.bss
 *(.rela.bss)

.rel.plt
 *(.rel.plt)

.rela.plt
 *(.rela.plt)

.text           0x00000000      0x910
 *(.vectors)
 .vectors       0x00000000       0x68 C:/Program Files (x86)/Atmel/Studio/7.0/Packs/atmel/ATmega_DFP/1.0.106/gcc/dev/atmega328p/avr5/crtatmega328p.o
                0x00000000                __vector_default
                0x00000000                __vectors
 *(.vectors)
 *(.progmem.gcc*)
                0x00000068                . = ALIGN (0x2)
                0x00000068                __trampolines_start = .
 *(.trampolines)
 .trampolines   0x00000068        0x0 linker stubs
 *(.trampolines*)
                0x00000068                __trampolines_end = .
 *libprintf_flt.a:*(.progmem.data)
 *libc.a:*(.progmem.data)
 *(.progmem*)
 .progmem.data._ZN12DisplayClock17ClockMinutesTableE
                0x00000068       0xf0 src/Display/Display_Clock.o
                0x00000068                _ZN12DisplayClock17ClockMinutesTableE
 .progmem.data._ZN12DisplayClock15ClockHoursTableE
                0x00000158       0x30 src/Display/Display_Clock.o
                0x00000158                _ZN12DisplayClock15ClockHoursTableE
 .progmem.data._ZN11DisplayWord21WordIlluminationTableE
                0x00000188       0x51 src/Display/Display_Word.o
                0x00000188                _ZN11DisplayWord21WordIlluminationTableE
 .progmem.data.digital_pin_to_bit_mask_PGM
                0x000001d9       0x14 C:\Users\Andreas\Documents\GitHub\Wordclock\Wordclock\Wordclock\ArduinoCore\Debug\libArduinoCore.a(wiring_digital.o)
                0x000001d9                digital_pin_to_bit_mask_PGM
 .progmem.data.digital_pin_to_port_PGM
                0x000001ed       0x14 C:\Users\Andreas\Documents\GitHub\Wordclock\Wordclock\Wordclock\ArduinoCore\Debug\libArduinoCore.a(wiring_digital.o)
                0x000001ed                digital_pin_to_port_PGM
 .progmem.data.port_to_output_PGM
                0x00000201        0xa C:\Users\Andreas\Documents\GitHub\Wordclock\Wordclock\Wordclock\ArduinoCore\Debug\libArduinoCore.a(wiring_digital.o)
                0x00000201                port_to_output_PGM
 .progmem.data.port_to_mode_PGM
                0x0000020b        0xa C:\Users\Andreas\Documents\GitHub\Wordclock\Wordclock\Wordclock\ArduinoCore\Debug\libArduinoCore.a(wiring_digital.o)
                0x0000020b                port_to_mode_PGM
                0x00000216                . = ALIGN (0x2)
 *fill*         0x00000215        0x1 
 *(.jumptables)
 *(.jumptables*)
 *(.lowtext)
 *(.lowtext*)
                0x00000216                __ctors_start = .
 *(.ctors)
 .ctors         0x00000216        0x2 Sketch.o
                0x00000218                __ctors_end = .
                0x00000218                __dtors_start = .
 *(.dtors)
 .dtors         0x00000218        0x2 Sketch.o
                0x0000021a                __dtors_end = .
 SORT(*)(.ctors)
 SORT(*)(.dtors)
 *(.init0)
 .init0         0x0000021a        0x0 C:/Program Files (x86)/Atmel/Studio/7.0/Packs/atmel/ATmega_DFP/1.0.106/gcc/dev/atmega328p/avr5/crtatmega328p.o
                0x0000021a                __init
 *(.init0)
 *(.init1)
 *(.init1)
 *(.init2)
 .init2         0x0000021a        0xc C:/Program Files (x86)/Atmel/Studio/7.0/Packs/atmel/ATmega_DFP/1.0.106/gcc/dev/atmega328p/avr5/crtatmega328p.o
 *(.init2)
 *(.init3)
 *(.init3)
 *(.init4)
 .init4         0x00000226       0x10 c:/program files (x86)/atmel/studio/7.0/toolchain/avr8/avr8-gnu-toolchain/bin/../lib/gcc/avr/5.4.0/avr5\libgcc.a(_clear_bss.o)
                0x00000226                __do_clear_bss
 *(.init4)
 *(.init5)
 *(.init5)
 *(.init6)
 .init6         0x00000236       0x16 c:/program files (x86)/atmel/studio/7.0/toolchain/avr8/avr8-gnu-toolchain/bin/../lib/gcc/avr/5.4.0/avr5\libgcc.a(_ctors.o)
                0x00000236                __do_global_ctors
 *(.init6)
 *(.init7)
 *(.init7)
 *(.init8)
 *(.init8)
 *(.init9)
 .init9         0x0000024c        0x8 C:/Program Files (x86)/Atmel/Studio/7.0/Packs/atmel/ATmega_DFP/1.0.106/gcc/dev/atmega328p/avr5/crtatmega328p.o
 *(.init9)
 *(.text)
 .text          0x00000254        0x4 C:/Program Files (x86)/Atmel/Studio/7.0/Packs/atmel/ATmega_DFP/1.0.106/gcc/dev/atmega328p/avr5/crtatmega328p.o
                0x00000254                __vector_22
                0x00000254                __vector_1
                0x00000254                __vector_24
                0x00000254                __vector_12
                0x00000254                __bad_interrupt
                0x00000254                __vector_6
                0x00000254                __vector_3
                0x00000254                __vector_23
                0x00000254                __vector_25
                0x00000254                __vector_11
                0x00000254                __vector_13
                0x00000254                __vector_17
                0x00000254                __vector_19
                0x00000254                __vector_7
                0x00000254                __vector_5
                0x00000254                __vector_4
                0x00000254                __vector_9
                0x00000254                __vector_2
                0x00000254                __vector_21
                0x00000254                __vector_15
                0x00000254                __vector_8
                0x00000254                __vector_14
                0x00000254                __vector_10
                0x00000254                __vector_18
                0x00000254                __vector_20
                0x00000258                . = ALIGN (0x2)
 *(.text.*)
 .text.setup    0x00000258        0x2 Sketch.o
                0x00000258                setup
 .text.loop     0x0000025a       0x28 Sketch.o
                0x0000025a                loop
 .text.startup._GLOBAL__sub_I_Char
                0x00000282        0x8 Sketch.o
 .text.exit._GLOBAL__sub_D_Char
                0x0000028a        0x8 Sketch.o
 .text._ZN7DisplayC2Ev
                0x00000292        0x6 src/Display/Display.o
                0x00000292                _ZN7DisplayC2Ev
                0x00000292                _ZN7DisplayC1Ev
 .text._ZN7DisplayD2Ev
                0x00000298        0x4 src/Display/Display.o
                0x00000298                _ZN7DisplayD2Ev
                0x00000298                _ZN7DisplayD1Ev
 .text._ZN7Display21transformToSerpentineEhh
                0x0000029c       0x16 src/Display/Display.o
                0x0000029c                _ZN7Display21transformToSerpentineEhh
 .text._ZN7Display6setLedEhh
                0x000002b2       0x32 src/Display/Display.o
                0x000002b2                _ZN7Display6setLedEhh
 .text._ZN12DisplayClock9showClockEhh
                0x000002e4       0xfa src/Display/Display_Clock.o
                0x000002e4                _ZN12DisplayClock9showClockEhh
 .text._ZN11DisplayWord7setWordE20DisplayWordWordsType
                0x000003de       0x5a src/Display/Display_Word.o
                0x000003de                _ZN11DisplayWord7setWordE20DisplayWordWordsType
 .text._ZN6WS2812D2Ev
                0x00000438        0x2 src/WS2812/WS2812.o
                0x00000438                _ZN6WS2812D2Ev
                0x00000438                _ZN6WS2812D1Ev
 .text._ZN6WS28126setPinEh
                0x0000043a       0x60 src/WS2812/WS2812.o
                0x0000043a                _ZN6WS28126setPinEh
 .text._ZN6WS2812C2Eh
                0x0000049a       0x4c src/WS2812/WS2812.o
                0x0000049a                _ZN6WS2812C2Eh
                0x0000049a                _ZN6WS2812C1Eh
 .text._ZN6WS28128setPixelEh15WS2812PixelType
                0x000004e6       0x42 src/WS2812/WS2812.o
                0x000004e6                _ZN6WS28128setPixelEh15WS2812PixelType
 .text._ZN6WS28128sendDataEPhj
                0x00000528       0x48 src/WS2812/WS2812.o
                0x00000528                _ZN6WS28128sendDataEPhj
 .text._ZN6WS28124showEv
                0x00000570      0x164 src/WS2812/WS2812.o
                0x00000570                _ZN6WS28124showEv
 .text.initVariant
                0x000006d4        0x2 C:\Users\Andreas\Documents\GitHub\Wordclock\Wordclock\Wordclock\ArduinoCore\Debug\libArduinoCore.a(main.o)
                0x000006d4                initVariant
 .text.startup.main
                0x000006d6       0x1e C:\Users\Andreas\Documents\GitHub\Wordclock\Wordclock\Wordclock\ArduinoCore\Debug\libArduinoCore.a(main.o)
                0x000006d6                main
 .text.__vector_16
                0x000006f4       0x94 C:\Users\Andreas\Documents\GitHub\Wordclock\Wordclock\Wordclock\ArduinoCore\Debug\libArduinoCore.a(wiring.o)
                0x000006f4                __vector_16
 .text.micros   0x00000788       0x4a C:\Users\Andreas\Documents\GitHub\Wordclock\Wordclock\Wordclock\ArduinoCore\Debug\libArduinoCore.a(wiring.o)
                0x00000788                micros
 .text.init     0x000007d2       0x76 C:\Users\Andreas\Documents\GitHub\Wordclock\Wordclock\Wordclock\ArduinoCore\Debug\libArduinoCore.a(wiring.o)
                0x000007d2                init
 .text.pinMode  0x00000848       0x78 C:\Users\Andreas\Documents\GitHub\Wordclock\Wordclock\Wordclock\ArduinoCore\Debug\libArduinoCore.a(wiring_digital.o)
                0x00000848                pinMode
 .text.libgcc.div
                0x000008c0       0x18 c:/program files (x86)/atmel/studio/7.0/toolchain/avr8/avr8-gnu-toolchain/bin/../lib/gcc/avr/5.4.0/avr5\libgcc.a(_udivmodqi4.o)
                0x000008c0                __udivmodqi4
 .text.libgcc   0x000008d8        0xc c:/program files (x86)/atmel/studio/7.0/toolchain/avr8/avr8-gnu-toolchain/bin/../lib/gcc/avr/5.4.0/avr5\libgcc.a(_tablejump2.o)
                0x000008d8                __tablejump2__
 .text.avr-libc
                0x000008e4       0x12 c:/program files (x86)/atmel/studio/7.0/toolchain/avr8/avr8-gnu-toolchain/bin/../lib/gcc/avr/5.4.0/../../../../avr/lib/avr5\libc.a(memcpy_P.o)
                0x000008e4                memcpy_P
                0x000008f6                . = ALIGN (0x2)
 *(.fini9)
 .fini9         0x000008f6        0x0 c:/program files (x86)/atmel/studio/7.0/toolchain/avr8/avr8-gnu-toolchain/bin/../lib/gcc/avr/5.4.0/avr5\libgcc.a(_exit.o)
                0x000008f6                _exit
                0x000008f6                exit
 *(.fini9)
 *(.fini8)
 *(.fini8)
 *(.fini7)
 *(.fini7)
 *(.fini6)
 .fini6         0x000008f6       0x16 c:/program files (x86)/atmel/studio/7.0/toolchain/avr8/avr8-gnu-toolchain/bin/../lib/gcc/avr/5.4.0/avr5\libgcc.a(_dtors.o)
                0x000008f6                __do_global_dtors
 *(.fini6)
 *(.fini5)
 *(.fini5)
 *(.fini4)
 *(.fini4)
 *(.fini3)
 *(.fini3)
 *(.fini2)
 *(.fini2)
 *(.fini1)
 *(.fini1)
 *(.fini0)
 .fini0         0x0000090c        0x4 c:/program files (x86)/atmel/studio/7.0/toolchain/avr8/avr8-gnu-toolchain/bin/../lib/gcc/avr/5.4.0/avr5\libgcc.a(_exit.o)
 *(.fini0)
                0x00000910                _etext = .

.data           0x00800100        0x0 load address 0x00000910
                [!provide]                PROVIDE (__data_start, .)
 *(.data)
 *(.data*)
 *(.rodata)
 *(.rodata*)
 *(.gnu.linkonce.d*)
                0x00800100                . = ALIGN (0x2)
                0x00800100                _edata = .
                [!provide]                PROVIDE (__data_end, .)

.bss            0x00800100      0x168
                0x00800100                PROVIDE (__bss_start, .)
 *(.bss)
 *(.bss*)
 .bss.I         0x00800100        0x2 Sketch.o
                0x00800100                I
 .bss.WcDisplayClock
                0x00800102        0x3 Sketch.o
                0x00800102                WcDisplayClock
 .bss.WcDisplay
                0x00800105      0x15a Sketch.o
                0x00800105                WcDisplay
 .bss.timer0_fract
                0x0080025f        0x1 C:\Users\Andreas\Documents\GitHub\Wordclock\Wordclock\Wordclock\ArduinoCore\Debug\libArduinoCore.a(wiring.o)
 .bss.timer0_millis
                0x00800260        0x4 C:\Users\Andreas\Documents\GitHub\Wordclock\Wordclock\Wordclock\ArduinoCore\Debug\libArduinoCore.a(wiring.o)
                0x00800260                timer0_millis
 .bss.timer0_overflow_count
                0x00800264        0x4 C:\Users\Andreas\Documents\GitHub\Wordclock\Wordclock\Wordclock\ArduinoCore\Debug\libArduinoCore.a(wiring.o)
                0x00800264                timer0_overflow_count
 *(COMMON)
                0x00800268                PROVIDE (__bss_end, .)
                0x00000910                __data_load_start = LOADADDR (.data)
                0x00000910                __data_load_end = (__data_load_start + SIZEOF (.data))

.noinit         0x00800268        0x0
                [!provide]                PROVIDE (__noinit_start, .)
 *(.noinit*)
                [!provide]                PROVIDE (__noinit_end, .)
                0x00800268                _end = .
                [!provide]                PROVIDE (__heap_start, .)

.eeprom         0x00810000        0x0
 *(.eeprom*)
                0x00810000                __eeprom_end = .

.fuse
 *(.fuse)
 *(.lfuse)
 *(.hfuse)
 *(.efuse)

.lock
 *(.lock*)

.signature
 *(.signature*)

.user_signatures
 *(.user_signatures*)

.stab
 *(.stab)

.stabstr
 *(.stabstr)

.stab.excl
 *(.stab.excl)

.stab.exclstr
 *(.stab.exclstr)

.stab.index
 *(.stab.index)

.stab.indexstr
 *(.stab.indexstr)

.comment        0x00000000       0x30
 *(.comment)
 .comment       0x00000000       0x30 Sketch.o
                                 0x31 (size before relaxing)
 .comment       0x00000030       0x31 src/Display/Display.o
 .comment       0x00000030       0x31 src/Display/Display_Clock.o
 .comment       0x00000030       0x31 src/Display/Display_Word.o
 .comment       0x00000030       0x31 src/WS2812/WS2812.o
 .comment       0x00000030       0x31 C:\Users\Andreas\Documents\GitHub\Wordclock\Wordclock\Wordclock\ArduinoCore\Debug\libArduinoCore.a(main.o)
 .comment       0x00000030       0x31 C:\Users\Andreas\Documents\GitHub\Wordclock\Wordclock\Wordclock\ArduinoCore\Debug\libArduinoCore.a(wiring.o)
 .comment       0x00000030       0x31 C:\Users\Andreas\Documents\GitHub\Wordclock\Wordclock\Wordclock\ArduinoCore\Debug\libArduinoCore.a(wiring_digital.o)

.note.gnu.avr.deviceinfo
                0x00000000       0x40
 .note.gnu.avr.deviceinfo
                0x00000000       0x40 C:/Program Files (x86)/Atmel/Studio/7.0/Packs/atmel/ATmega_DFP/1.0.106/gcc/dev/atmega328p/avr5/crtatmega328p.o

.note.gnu.build-id
 *(.note.gnu.build-id)

.debug
 *(.debug)

.line
 *(.line)

.debug_srcinfo
 *(.debug_srcinfo)

.debug_sfnames
 *(.debug_sfnames)

.debug_aranges  0x00000000      0x1f0
 *(.debug_aranges)
 .debug_aranges
                0x00000000       0x38 Sketch.o
 .debug_aranges
                0x00000038       0x48 src/Display/Display.o
 .debug_aranges
                0x00000080       0x20 src/Display/Display_Clock.o
 .debug_aranges
                0x000000a0       0x20 src/Display/Display_Word.o
 .debug_aranges
                0x000000c0       0x80 src/WS2812/WS2812.o
 .debug_aranges
                0x00000140       0x30 C:\Users\Andreas\Documents\GitHub\Wordclock\Wordclock\Wordclock\ArduinoCore\Debug\libArduinoCore.a(main.o)
 .debug_aranges
                0x00000170       0x48 C:\Users\Andreas\Documents\GitHub\Wordclock\Wordclock\Wordclock\ArduinoCore\Debug\libArduinoCore.a(wiring.o)
 .debug_aranges
                0x000001b8       0x38 C:\Users\Andreas\Documents\GitHub\Wordclock\Wordclock\Wordclock\ArduinoCore\Debug\libArduinoCore.a(wiring_digital.o)

.debug_pubnames
 *(.debug_pubnames)

.debug_info     0x00000000     0x4686
 *(.debug_info .gnu.linkonce.wi.*)
 .debug_info    0x00000000      0xcbb Sketch.o
 .debug_info    0x00000cbb      0x979 src/Display/Display.o
 .debug_info    0x00001634      0xc19 src/Display/Display_Clock.o
 .debug_info    0x0000224d      0xa3e src/Display/Display_Word.o
 .debug_info    0x00002c8b      0xefb src/WS2812/WS2812.o
 .debug_info    0x00003b86      0x237 C:\Users\Andreas\Documents\GitHub\Wordclock\Wordclock\Wordclock\ArduinoCore\Debug\libArduinoCore.a(main.o)
 .debug_info    0x00003dbd      0x2cb C:\Users\Andreas\Documents\GitHub\Wordclock\Wordclock\Wordclock\ArduinoCore\Debug\libArduinoCore.a(wiring.o)
 .debug_info    0x00004088      0x5fe C:\Users\Andreas\Documents\GitHub\Wordclock\Wordclock\Wordclock\ArduinoCore\Debug\libArduinoCore.a(wiring_digital.o)

.debug_abbrev   0x00000000     0x1228
 *(.debug_abbrev)
 .debug_abbrev  0x00000000      0x2d6 Sketch.o
 .debug_abbrev  0x000002d6      0x2db src/Display/Display.o
 .debug_abbrev  0x000005b1      0x26c src/Display/Display_Clock.o
 .debug_abbrev  0x0000081d      0x25c src/Display/Display_Word.o
 .debug_abbrev  0x00000a79      0x3e1 src/WS2812/WS2812.o
 .debug_abbrev  0x00000e5a      0x12d C:\Users\Andreas\Documents\GitHub\Wordclock\Wordclock\Wordclock\ArduinoCore\Debug\libArduinoCore.a(main.o)
 .debug_abbrev  0x00000f87      0x146 C:\Users\Andreas\Documents\GitHub\Wordclock\Wordclock\Wordclock\ArduinoCore\Debug\libArduinoCore.a(wiring.o)
 .debug_abbrev  0x000010cd      0x15b C:\Users\Andreas\Documents\GitHub\Wordclock\Wordclock\Wordclock\ArduinoCore\Debug\libArduinoCore.a(wiring_digital.o)

.debug_line     0x00000000     0x13cf
 *(.debug_line .debug_line.* .debug_line_end)
 .debug_line    0x00000000      0x1ea Sketch.o
 .debug_line    0x000001ea      0x228 src/Display/Display.o
 .debug_line    0x00000412      0x286 src/Display/Display_Clock.o
 .debug_line    0x00000698      0x1cc src/Display/Display_Word.o
 .debug_line    0x00000864      0x51b src/WS2812/WS2812.o
 .debug_line    0x00000d7f      0x165 C:\Users\Andreas\Documents\GitHub\Wordclock\Wordclock\Wordclock\ArduinoCore\Debug\libArduinoCore.a(main.o)
 .debug_line    0x00000ee4      0x299 C:\Users\Andreas\Documents\GitHub\Wordclock\Wordclock\Wordclock\ArduinoCore\Debug\libArduinoCore.a(wiring.o)
 .debug_line    0x0000117d      0x252 C:\Users\Andreas\Documents\GitHub\Wordclock\Wordclock\Wordclock\ArduinoCore\Debug\libArduinoCore.a(wiring_digital.o)

.debug_frame    0x00000000      0x454
 *(.debug_frame)
 .debug_frame   0x00000000       0x54 Sketch.o
 .debug_frame   0x00000054       0x80 src/Display/Display.o
 .debug_frame   0x000000d4       0x54 src/Display/Display_Clock.o
 .debug_frame   0x00000128       0x44 src/Display/Display_Word.o
 .debug_frame   0x0000016c      0x154 src/WS2812/WS2812.o
 .debug_frame   0x000002c0       0x54 C:\Users\Andreas\Documents\GitHub\Wordclock\Wordclock\Wordclock\ArduinoCore\Debug\libArduinoCore.a(main.o)
 .debug_frame   0x00000314       0xc4 C:\Users\Andreas\Documents\GitHub\Wordclock\Wordclock\Wordclock\ArduinoCore\Debug\libArduinoCore.a(wiring.o)
 .debug_frame   0x000003d8       0x7c C:\Users\Andreas\Documents\GitHub\Wordclock\Wordclock\Wordclock\ArduinoCore\Debug\libArduinoCore.a(wiring_digital.o)

.debug_str      0x00000000     0x1100
 *(.debug_str)
 .debug_str     0x00000000      0xc18 Sketch.o
                                0xd7b (size before relaxing)
 .debug_str     0x00000c18       0x41 src/Display/Display.o
                                0x7ba (size before relaxing)
 .debug_str     0x00000c59       0xa2 src/Display/Display_Clock.o
                                0xd74 (size before relaxing)
 .debug_str     0x00000cfb       0x5b src/Display/Display_Word.o
                                0xba3 (size before relaxing)
 .debug_str     0x00000d56      0x127 src/WS2812/WS2812.o
                                0x7d5 (size before relaxing)
 .debug_str     0x00000e7d       0xac C:\Users\Andreas\Documents\GitHub\Wordclock\Wordclock\Wordclock\ArduinoCore\Debug\libArduinoCore.a(main.o)
                                0x2b1 (size before relaxing)
 .debug_str     0x00000f29      0x15b C:\Users\Andreas\Documents\GitHub\Wordclock\Wordclock\Wordclock\ArduinoCore\Debug\libArduinoCore.a(wiring.o)
                                0x247 (size before relaxing)
 .debug_str     0x00001084       0x7c C:\Users\Andreas\Documents\GitHub\Wordclock\Wordclock\Wordclock\ArduinoCore\Debug\libArduinoCore.a(wiring_digital.o)
                                0x2ac (size before relaxing)

.debug_loc      0x00000000     0x1a0a
 *(.debug_loc)
 .debug_loc     0x00000000      0x2e4 src/Display/Display.o
 .debug_loc     0x000002e4      0x199 src/Display/Display_Clock.o
 .debug_loc     0x0000047d      0x12f src/Display/Display_Word.o
 .debug_loc     0x000005ac      0xbd5 src/WS2812/WS2812.o
 .debug_loc     0x00001181      0x28d C:\Users\Andreas\Documents\GitHub\Wordclock\Wordclock\Wordclock\ArduinoCore\Debug\libArduinoCore.a(wiring.o)
 .debug_loc     0x0000140e      0x5fc C:\Users\Andreas\Documents\GitHub\Wordclock\Wordclock\Wordclock\ArduinoCore\Debug\libArduinoCore.a(wiring_digital.o)

.debug_macinfo
 *(.debug_macinfo)

.debug_weaknames
 *(.debug_weaknames)

.debug_funcnames
 *(.debug_funcnames)

.debug_typenames
 *(.debug_typenames)

.debug_varnames
 *(.debug_varnames)

.debug_pubtypes
 *(.debug_pubtypes)

.debug_ranges   0x00000000      0x1a0
 *(.debug_ranges)
 .debug_ranges  0x00000000       0x28 Sketch.o
 .debug_ranges  0x00000028       0x38 src/Display/Display.o
 .debug_ranges  0x00000060       0x40 src/Display/Display_Clock.o
 .debug_ranges  0x000000a0       0x10 src/Display/Display_Word.o
 .debug_ranges  0x000000b0       0x70 src/WS2812/WS2812.o
 .debug_ranges  0x00000120       0x20 C:\Users\Andreas\Documents\GitHub\Wordclock\Wordclock\Wordclock\ArduinoCore\Debug\libArduinoCore.a(main.o)
 .debug_ranges  0x00000140       0x38 C:\Users\Andreas\Documents\GitHub\Wordclock\Wordclock\Wordclock\ArduinoCore\Debug\libArduinoCore.a(wiring.o)
 .debug_ranges  0x00000178       0x28 C:\Users\Andreas\Documents\GitHub\Wordclock\Wordclock\Wordclock\ArduinoCore\Debug\libArduinoCore.a(wiring_digital.o)

.debug_macro
 *(.debug_macro)
OUTPUT(Wordclock.elf elf32-avr)
LOAD linker stubs
