Archive member included to satisfy reference by file (symbol)

C:\Users\virskl\Documents\GitHub\Wordclock\Wordclock\Wordclock\ArduinoCore\Debug\libArduinoCore.a(main.o)
                              C:/Program Files (x86)/Atmel/Studio/7.0/Packs/atmel/ATmega_DFP/1.2.150/gcc/dev/atmega328p/avr5/crtatmega328p.o (main)
C:\Users\virskl\Documents\GitHub\Wordclock\Wordclock\Wordclock\ArduinoCore\Debug\libArduinoCore.a(wiring.o)
                              src/WS2812/WS2812.o (micros)
C:\Users\virskl\Documents\GitHub\Wordclock\Wordclock\Wordclock\ArduinoCore\Debug\libArduinoCore.a(wiring_digital.o)
                              src/WS2812/WS2812.o (pinMode)
C:\Users\virskl\Documents\GitHub\Wordclock\Wordclock\Wordclock\ArduinoCore\Debug\libArduinoCore.a(hooks.o)
                              C:\Users\virskl\Documents\GitHub\Wordclock\Wordclock\Wordclock\ArduinoCore\Debug\libArduinoCore.a(wiring.o) (yield)
c:/program files (x86)/atmel/studio/7.0/toolchain/avr8/avr8-gnu-toolchain/bin/../lib/gcc/avr/5.4.0/avr5\libgcc.a(_udivmodqi4.o)
                              src/Clock/Clock.o (__udivmodqi4)
c:/program files (x86)/atmel/studio/7.0/toolchain/avr8/avr8-gnu-toolchain/bin/../lib/gcc/avr/5.4.0/avr5\libgcc.a(_exit.o)
                              C:/Program Files (x86)/Atmel/Studio/7.0/Packs/atmel/ATmega_DFP/1.2.150/gcc/dev/atmega328p/avr5/crtatmega328p.o (exit)
c:/program files (x86)/atmel/studio/7.0/toolchain/avr8/avr8-gnu-toolchain/bin/../lib/gcc/avr/5.4.0/avr5\libgcc.a(_clear_bss.o)
                              Sketch.o (__do_clear_bss)
c:/program files (x86)/atmel/studio/7.0/toolchain/avr8/avr8-gnu-toolchain/bin/../lib/gcc/avr/5.4.0/avr5\libgcc.a(_ctors.o)
                              Sketch.o (__do_global_ctors)
c:/program files (x86)/atmel/studio/7.0/toolchain/avr8/avr8-gnu-toolchain/bin/../lib/gcc/avr/5.4.0/avr5\libgcc.a(_dtors.o)
                              Sketch.o (__do_global_dtors)
c:/program files (x86)/atmel/studio/7.0/toolchain/avr8/avr8-gnu-toolchain/bin/../lib/gcc/avr/5.4.0/avr5\libgcc.a(_ashldi3.o)
                              src/Display/Display.o (__ashldi3)
c:/program files (x86)/atmel/studio/7.0/toolchain/avr8/avr8-gnu-toolchain/bin/../lib/gcc/avr/5.4.0/avr5\libgcc.a(_ashrdi3.o)
                              src/Display/Display.o (__lshrdi3)
c:/program files (x86)/atmel/studio/7.0/toolchain/avr8/avr8-gnu-toolchain/bin/../lib/gcc/avr/5.4.0/avr5\libgcc.a(_cmpdi2_s8.o)
                              src/Display/Display.o (__cmpdi2_s8)
c:/program files (x86)/atmel/studio/7.0/toolchain/avr8/avr8-gnu-toolchain/bin/../lib/gcc/avr/5.4.0/avr5\libgcc.a(_tablejump2.o)
                              c:/program files (x86)/atmel/studio/7.0/toolchain/avr8/avr8-gnu-toolchain/bin/../lib/gcc/avr/5.4.0/avr5\libgcc.a(_ctors.o) (__tablejump2__)
c:/program files (x86)/atmel/studio/7.0/toolchain/avr8/avr8-gnu-toolchain/bin/../lib/gcc/avr/5.4.0/../../../../avr/lib/avr5\libc.a(memcpy_P.o)
                              src/Animation/AnimationTeletype.o (memcpy_P)

Discarded input sections

 .data          0x00000000        0x0 C:/Program Files (x86)/Atmel/Studio/7.0/Packs/atmel/ATmega_DFP/1.2.150/gcc/dev/atmega328p/avr5/crtatmega328p.o
 .bss           0x00000000        0x0 C:/Program Files (x86)/Atmel/Studio/7.0/Packs/atmel/ATmega_DFP/1.2.150/gcc/dev/atmega328p/avr5/crtatmega328p.o
 .group         0x00000000        0x8 Sketch.o
 .group         0x00000000        0x8 Sketch.o
 .group         0x00000000        0x8 Sketch.o
 .group         0x00000000        0x8 Sketch.o
 .group         0x00000000        0x8 Sketch.o
 .group         0x00000000        0x8 Sketch.o
 .group         0x00000000        0x8 Sketch.o
 .group         0x00000000        0x8 Sketch.o
 .group         0x00000000        0x8 Sketch.o
 .group         0x00000000        0x8 Sketch.o
 .group         0x00000000        0x8 Sketch.o
 .group         0x00000000        0x8 Sketch.o
 .group         0x00000000        0x8 Sketch.o
 .group         0x00000000        0x8 Sketch.o
 .group         0x00000000        0x8 Sketch.o
 .group         0x00000000        0x8 Sketch.o
 .group         0x00000000        0x8 Sketch.o
 .group         0x00000000        0x8 Sketch.o
 .group         0x00000000        0x8 Sketch.o
 .group         0x00000000        0x8 Sketch.o
 .group         0x00000000        0x8 Sketch.o
 .group         0x00000000        0x8 Sketch.o
 .group         0x00000000        0x8 Sketch.o
 .group         0x00000000        0x8 Sketch.o
 .group         0x00000000        0x8 Sketch.o
 .group         0x00000000        0x8 Sketch.o
 .group         0x00000000        0x8 Sketch.o
 .group         0x00000000        0x8 Sketch.o
 .group         0x00000000        0x8 Sketch.o
 .group         0x00000000        0x8 Sketch.o
 .group         0x00000000        0x8 Sketch.o
 .group         0x00000000        0x8 Sketch.o
 .group         0x00000000        0x8 Sketch.o
 .group         0x00000000        0x8 Sketch.o
 .group         0x00000000        0x8 Sketch.o
[...]
Memory Configuration

Name             Origin             Length             Attributes
text             0x00000000         0x00020000         xr
data             0x00800060         0x0000ffa0         rw !x
eeprom           0x00810000         0x00010000         rw !x
fuse             0x00820000         0x00000003         rw !x
lock             0x00830000         0x00000400         rw !x
signature        0x00840000         0x00000400         rw !x
user_signatures  0x00850000         0x00000400         rw !x
*default*        0x00000000         0xffffffff

Linker script and memory map

Address of section .data set to 0x800100
LOAD C:/Program Files (x86)/Atmel/Studio/7.0/Packs/atmel/ATmega_DFP/1.2.150/gcc/dev/atmega328p/avr5/crtatmega328p.o
LOAD Sketch.o
LOAD src/Animation/Animation.o
LOAD src/Animation/AnimationTeletype.o
LOAD src/Animation/Font.o
LOAD src/Clock/Clock.o
LOAD src/Display/Display.o
LOAD src/Transformation/Transformation.o
LOAD src/WS2812/WS2812.o
START GROUP
LOAD c:/program files (x86)/atmel/studio/7.0/toolchain/avr8/avr8-gnu-toolchain/bin/../lib/gcc/avr/5.4.0/../../../../avr/lib/avr5\libm.a
LOAD C:\Users\virskl\Documents\GitHub\Wordclock\Wordclock\Wordclock\ArduinoCore\Debug\libArduinoCore.a
END GROUP
LOAD c:/program files (x86)/atmel/studio/7.0/toolchain/avr8/avr8-gnu-toolchain/bin/../lib/gcc/avr/5.4.0/avr5\libgcc.a
LOAD c:/program files (x86)/atmel/studio/7.0/toolchain/avr8/avr8-gnu-toolchain/bin/../lib/gcc/avr/5.4.0/../../../../avr/lib/avr5\libm.a
START GROUP
LOAD c:/program files (x86)/atmel/studio/7.0/toolchain/avr8/avr8-gnu-toolchain/bin/../lib/gcc/avr/5.4.0/avr5\libgcc.a
LOAD c:/program files (x86)/atmel/studio/7.0/toolchain/avr8/avr8-gnu-toolchain/bin/../lib/gcc/avr/5.4.0/../../../../avr/lib/avr5\libm.a
LOAD c:/program files (x86)/atmel/studio/7.0/toolchain/avr8/avr8-gnu-toolchain/bin/../lib/gcc/avr/5.4.0/../../../../avr/lib/avr5\libc.a
LOAD C:/Program Files (x86)/Atmel/Studio/7.0/Packs/atmel/ATmega_DFP/1.2.150/gcc/dev/atmega328p/avr5\libatmega328p.a
END GROUP
                0x00020000                __TEXT_REGION_LENGTH__ = DEFINED (__TEXT_REGION_LENGTH__)?__TEXT_REGION_LENGTH__:0x20000
                0x0000ffa0                __DATA_REGION_LENGTH__ = DEFINED (__DATA_REGION_LENGTH__)?__DATA_REGION_LENGTH__:0xffa0
                0x00010000                __EEPROM_REGION_LENGTH__ = DEFINED (__EEPROM_REGION_LENGTH__)?__EEPROM_REGION_LENGTH__:0x10000
                [0x00000003]                __FUSE_REGION_LENGTH__ = DEFINED (__FUSE_REGION_LENGTH__)?__FUSE_REGION_LENGTH__:0x400
                0x00000400                __LOCK_REGION_LENGTH__ = DEFINED (__LOCK_REGION_LENGTH__)?__LOCK_REGION_LENGTH__:0x400
                0x00000400                __SIGNATURE_REGION_LENGTH__ = DEFINED (__SIGNATURE_REGION_LENGTH__)?__SIGNATURE_REGION_LENGTH__:0x400
                0x00000400                __USER_SIGNATURE_REGION_LENGTH__ = DEFINED (__USER_SIGNATURE_REGION_LENGTH__)?__USER_SIGNATURE_REGION_LENGTH__:0x400

.hash
 *(.hash)

.dynsym
 *(.dynsym)

.dynstr
 *(.dynstr)

.gnu.version
 *(.gnu.version)

.gnu.version_d
 *(.gnu.version_d)

.gnu.version_r
 *(.gnu.version_r)

.rel.init
 *(.rel.init)

.rela.init
 *(.rela.init)

.rel.text
 *(.rel.text)
 *(.rel.text.*)
 *(.rel.gnu.linkonce.t*)

.rela.text
 *(.rela.text)
 *(.rela.text.*)
 *(.rela.gnu.linkonce.t*)

.rel.fini
 *(.rel.fini)

.rela.fini
 *(.rela.fini)

.rel.rodata
 *(.rel.rodata)
 *(.rel.rodata.*)
 *(.rel.gnu.linkonce.r*)

.rela.rodata
 *(.rela.rodata)
 *(.rela.rodata.*)
 *(.rela.gnu.linkonce.r*)

.rel.data
 *(.rel.data)
 *(.rel.data.*)
 *(.rel.gnu.linkonce.d*)

.rela.data
 *(.rela.data)
 *(.rela.data.*)
 *(.rela.gnu.linkonce.d*)

.rel.ctors
 *(.rel.ctors)

.rela.ctors
 *(.rela.ctors)

.rel.dtors
 *(.rel.dtors)

.rela.dtors
 *(.rela.dtors)

.rel.got
 *(.rel.got)

.rela.got
 *(.rela.got)

.rel.bss
 *(.rel.bss)

.rela.bss
 *(.rela.bss)

.rel.plt
 *(.rel.plt)

.rela.plt
 *(.rela.plt)

.text           0x00000000      0xbae
 *(.vectors)
 .vectors       0x00000000       0x68 C:/Program Files (x86)/Atmel/Studio/7.0/Packs/atmel/ATmega_DFP/1.2.150/gcc/dev/atmega328p/avr5/crtatmega328p.o
                0x00000000                __vector_default
                0x00000000                __vectors
 *(.vectors)
 *(.progmem.gcc*)
                0x00000068                . = ALIGN (0x2)
                0x00000068                __trampolines_start = .
 *(.trampolines)
 .trampolines   0x00000068        0x0 linker stubs
 *(.trampolines*)
                0x00000068                __trampolines_end = .
 *libprintf_flt.a:*(.progmem.data)
 *libc.a:*(.progmem.data)
 *(.progmem*)
 .progmem.data._ZN5Clock12MinutesTableE
                0x00000068       0xf0 src/Clock/Clock.o
                0x00000068                _ZN5Clock12MinutesTableE
 .progmem.data._ZN5Clock10HoursTableE
                0x00000158       0x30 src/Clock/Clock.o
                0x00000158                _ZN5Clock10HoursTableE
 .progmem.data._ZN7Display21WordIlluminationTableE
                0x00000188       0x51 src/Display/Display.o
                0x00000188                _ZN7Display21WordIlluminationTableE
 .progmem.data.digital_pin_to_bit_mask_PGM
                0x000001d9       0x14 C:\Users\virskl\Documents\GitHub\Wordclock\Wordclock\Wordclock\ArduinoCore\Debug\libArduinoCore.a(wiring_digital.o)
                0x000001d9                digital_pin_to_bit_mask_PGM
 .progmem.data.digital_pin_to_port_PGM
                0x000001ed       0x14 C:\Users\virskl\Documents\GitHub\Wordclock\Wordclock\Wordclock\ArduinoCore\Debug\libArduinoCore.a(wiring_digital.o)
                0x000001ed                digital_pin_to_port_PGM
 .progmem.data.port_to_output_PGM
                0x00000201        0xa C:\Users\virskl\Documents\GitHub\Wordclock\Wordclock\Wordclock\ArduinoCore\Debug\libArduinoCore.a(wiring_digital.o)
                0x00000201                port_to_output_PGM
 .progmem.data.port_to_mode_PGM
                0x0000020b        0xa C:\Users\virskl\Documents\GitHub\Wordclock\Wordclock\Wordclock\ArduinoCore\Debug\libArduinoCore.a(wiring_digital.o)
                0x0000020b                port_to_mode_PGM
                0x00000216                . = ALIGN (0x2)
 *fill*         0x00000215        0x1 
 *(.jumptables)
 *(.jumptables*)
 *(.lowtext)
 *(.lowtext*)
                0x00000216                __ctors_start = .
 *(.ctors)
 .ctors         0x00000216        0x2 Sketch.o
                0x00000218                __ctors_end = .
                0x00000218                __dtors_start = .
 *(.dtors)
 .dtors         0x00000218        0x2 Sketch.o
                0x0000021a                __dtors_end = .
 SORT(*)(.ctors)
 SORT(*)(.dtors)
 *(.init0)
 .init0         0x0000021a        0x0 C:/Program Files (x86)/Atmel/Studio/7.0/Packs/atmel/ATmega_DFP/1.2.150/gcc/dev/atmega328p/avr5/crtatmega328p.o
                0x0000021a                __init
 *(.init0)
 *(.init1)
 *(.init1)
 *(.init2)
 .init2         0x0000021a        0xc C:/Program Files (x86)/Atmel/Studio/7.0/Packs/atmel/ATmega_DFP/1.2.150/gcc/dev/atmega328p/avr5/crtatmega328p.o
 *(.init2)
 *(.init3)
 *(.init3)
 *(.init4)
 .init4         0x00000226       0x10 c:/program files (x86)/atmel/studio/7.0/toolchain/avr8/avr8-gnu-toolchain/bin/../lib/gcc/avr/5.4.0/avr5\libgcc.a(_clear_bss.o)
                0x00000226                __do_clear_bss
 *(.init4)
 *(.init5)
 *(.init5)
 *(.init6)
 .init6         0x00000236       0x16 c:/program files (x86)/atmel/studio/7.0/toolchain/avr8/avr8-gnu-toolchain/bin/../lib/gcc/avr/5.4.0/avr5\libgcc.a(_ctors.o)
                0x00000236                __do_global_ctors
 *(.init6)
 *(.init7)
 *(.init7)
 *(.init8)
 *(.init8)
 *(.init9)
 .init9         0x0000024c        0x8 C:/Program Files (x86)/Atmel/Studio/7.0/Packs/atmel/ATmega_DFP/1.2.150/gcc/dev/atmega328p/avr5/crtatmega328p.o
 *(.init9)
 *(.text)
 .text          0x00000254        0x4 C:/Program Files (x86)/Atmel/Studio/7.0/Packs/atmel/ATmega_DFP/1.2.150/gcc/dev/atmega328p/avr5/crtatmega328p.o
                0x00000254                __vector_22
                0x00000254                __vector_1
                0x00000254                __vector_24
                0x00000254                __vector_12
                0x00000254                __bad_interrupt
                0x00000254                __vector_6
                0x00000254                __vector_3
                0x00000254                __vector_23
                0x00000254                __vector_25
                0x00000254                __vector_11
                0x00000254                __vector_13
                0x00000254                __vector_17
                0x00000254                __vector_19
                0x00000254                __vector_7
                0x00000254                __vector_5
                0x00000254                __vector_4
                0x00000254                __vector_9
                0x00000254                __vector_2
                0x00000254                __vector_21
                0x00000254                __vector_15
                0x00000254                __vector_8
                0x00000254                __vector_14
                0x00000254                __vector_10
                0x00000254                __vector_18
                0x00000254                __vector_20
                0x00000258                . = ALIGN (0x2)
 *(.text.*)
 .text.setup    0x00000258       0x16 Sketch.o
                0x00000258                setup
 .text.loop     0x0000026e       0x16 Sketch.o
                0x0000026e                loop
 .text.startup._GLOBAL__sub_I_flag
                0x00000284       0x2c Sketch.o
 .text.exit._GLOBAL__sub_D_flag
                0x000002b0       0x18 Sketch.o
 .text._ZN9AnimationC2EP7DisplayP5Clock
                0x000002c8       0x5e src/Animation/Animation.o
                0x000002c8                _ZN9AnimationC2EP7DisplayP5Clock
                0x000002c8                _ZN9AnimationC1EP7DisplayP5Clock
 .text._ZN9AnimationD2Ev
                0x00000326        0x2 src/Animation/Animation.o
                0x00000326                _ZN9AnimationD1Ev
                0x00000326                _ZN9AnimationD2Ev
 .text._ZN9Animation12setAnimationENS_13AnimationTypeE
                0x00000328       0x18 src/Animation/Animation.o
                0x00000328                _ZN9Animation12setAnimationENS_13AnimationTypeE
 .text._ZN9Animation8setClockEhh
                0x00000340       0x12 src/Animation/Animation.o
                0x00000340                _ZN9Animation8setClockEhh
 .text._ZN9Animation4taskEv
                0x00000352       0x10 src/Animation/Animation.o
                0x00000352                _ZN9Animation4taskEv
 .text._ZN17AnimationTeletypeC2Ev
                0x00000362       0x10 src/Animation/AnimationTeletype.o
                0x00000362                _ZN17AnimationTeletypeC1Ev
                0x00000362                _ZN17AnimationTeletypeC2Ev
 .text._ZN17AnimationTeletypeD2Ev
                0x00000372        0x2 src/Animation/AnimationTeletype.o
                0x00000372                _ZN17AnimationTeletypeD1Ev
                0x00000372                _ZN17AnimationTeletypeD2Ev
 .text._ZN17AnimationTeletype4initEP7DisplayP5Clock
                0x00000374       0x10 src/Animation/AnimationTeletype.o
                0x00000374                _ZN17AnimationTeletype4initEP7DisplayP5Clock
 .text._ZN17AnimationTeletype8setClockEhh
                0x00000384       0x72 src/Animation/AnimationTeletype.o
                0x00000384                _ZN17AnimationTeletype8setClockEhh
 .text._ZN17AnimationTeletype16setNextWordIndexEv
                0x000003f6       0x22 src/Animation/AnimationTeletype.o
                0x000003f6                _ZN17AnimationTeletype16setNextWordIndexEv
 .text._ZN17AnimationTeletype4taskEv
                0x00000418       0x8c src/Animation/AnimationTeletype.o
                0x00000418                _ZN17AnimationTeletype4taskEv
 .text._ZN5ClockC2EP7DisplayNS_9ModesTypeE
                0x000004a4        0xa src/Clock/Clock.o
                0x000004a4                _ZN5ClockC2EP7DisplayNS_9ModesTypeE
                0x000004a4                _ZN5ClockC1EP7DisplayNS_9ModesTypeE
 .text._ZN5ClockD2Ev
                0x000004ae        0x2 src/Clock/Clock.o
                0x000004ae                _ZN5ClockD2Ev
                0x000004ae                _ZN5ClockD1Ev
 .text._ZN5Clock13getClockWordsEhhPNS_14ClockWordsTypeE
                0x000004b0       0xe2 src/Clock/Clock.o
                0x000004b0                _ZN5Clock13getClockWordsEhhPNS_14ClockWordsTypeE
 .text._ZN5Clock13getClockWordsEhhPN7Display8WordTypeE
                0x00000592       0x6c src/Clock/Clock.o
                0x00000592                _ZN5Clock13getClockWordsEhhPN7Display8WordTypeE
 .text._ZNK7Display23getWordIlluminationFastENS_8WordTypeE.isra.1
                0x000005fe       0x3c src/Display/Display.o
 .text._ZN7DisplayC2Ehhh
                0x0000063a       0x3a src/Display/Display.o
                0x0000063a                _ZN7DisplayC1Ehhh
                0x0000063a                _ZN7DisplayC2Ehhh
 .text._ZN7DisplayD2Ev
                0x00000674        0x6 src/Display/Display.o
                0x00000674                _ZN7DisplayD2Ev
                0x00000674                _ZN7DisplayD1Ev
 .text._ZNK7Display21transformToSerpentineEhh
                0x0000067a       0x16 src/Display/Display.o
                0x0000067a                _ZNK7Display21transformToSerpentineEhh
 .text._ZN7Display12setPixelFastEhh
                0x00000690       0x24 src/Display/Display.o
                0x00000690                _ZN7Display12setPixelFastEhh
 .text._ZN7Display11setWordFastENS_8WordTypeEh
                0x000006b4       0x44 src/Display/Display.o
                0x000006b4                _ZN7Display11setWordFastENS_8WordTypeEh
 .text._ZN6WS2812D2Ev
                0x000006f8        0x2 src/WS2812/WS2812.o
                0x000006f8                _ZN6WS2812D2Ev
                0x000006f8                _ZN6WS2812D1Ev
 .text._ZN6WS28126setPinEh
                0x000006fa       0x42 src/WS2812/WS2812.o
                0x000006fa                _ZN6WS28126setPinEh
 .text._ZN6WS2812C2Eh
                0x0000073c       0x4c src/WS2812/WS2812.o
                0x0000073c                _ZN6WS2812C2Eh
                0x0000073c                _ZN6WS2812C1Eh
 .text._ZN6WS281212setPixelFastEh15WS2812PixelType
                0x00000788       0x38 src/WS2812/WS2812.o
                0x00000788                _ZN6WS281212setPixelFastEh15WS2812PixelType
 .text._ZN6WS28128sendDataEPKhj
                0x000007c0       0x48 src/WS2812/WS2812.o
                0x000007c0                _ZN6WS28128sendDataEPKhj
 .text._ZN6WS28124showEv.part.4
                0x00000808      0x118 src/WS2812/WS2812.o
 .text._ZN6WS28124showEv
                0x00000920       0x52 src/WS2812/WS2812.o
                0x00000920                _ZN6WS28124showEv
 .text.initVariant
                0x00000972        0x2 C:\Users\virskl\Documents\GitHub\Wordclock\Wordclock\Wordclock\ArduinoCore\Debug\libArduinoCore.a(main.o)
                0x00000972                initVariant
 .text.startup.main
                0x00000974       0x1e C:\Users\virskl\Documents\GitHub\Wordclock\Wordclock\Wordclock\ArduinoCore\Debug\libArduinoCore.a(main.o)
                0x00000974                main
 .text.__vector_16
                0x00000992       0x94 C:\Users\virskl\Documents\GitHub\Wordclock\Wordclock\Wordclock\ArduinoCore\Debug\libArduinoCore.a(wiring.o)
                0x00000992                __vector_16
 .text.micros   0x00000a26       0x4a C:\Users\virskl\Documents\GitHub\Wordclock\Wordclock\Wordclock\ArduinoCore\Debug\libArduinoCore.a(wiring.o)
                0x00000a26                micros
 .text.init     0x00000a70       0x76 C:\Users\virskl\Documents\GitHub\Wordclock\Wordclock\Wordclock\ArduinoCore\Debug\libArduinoCore.a(wiring.o)
                0x00000a70                init
 .text.pinMode  0x00000ae6       0x78 C:\Users\virskl\Documents\GitHub\Wordclock\Wordclock\Wordclock\ArduinoCore\Debug\libArduinoCore.a(wiring_digital.o)
                0x00000ae6                pinMode
 .text.libgcc.div
                0x00000b5e       0x18 c:/program files (x86)/atmel/studio/7.0/toolchain/avr8/avr8-gnu-toolchain/bin/../lib/gcc/avr/5.4.0/avr5\libgcc.a(_udivmodqi4.o)
                0x00000b5e                __udivmodqi4
 .text.libgcc   0x00000b76        0xc c:/program files (x86)/atmel/studio/7.0/toolchain/avr8/avr8-gnu-toolchain/bin/../lib/gcc/avr/5.4.0/avr5\libgcc.a(_tablejump2.o)
                0x00000b76                __tablejump2__
 .text.avr-libc
                0x00000b82       0x12 c:/program files (x86)/atmel/studio/7.0/toolchain/avr8/avr8-gnu-toolchain/bin/../lib/gcc/avr/5.4.0/../../../../avr/lib/avr5\libc.a(memcpy_P.o)
                0x00000b82                memcpy_P
                0x00000b94                . = ALIGN (0x2)
 *(.fini9)
 .fini9         0x00000b94        0x0 c:/program files (x86)/atmel/studio/7.0/toolchain/avr8/avr8-gnu-toolchain/bin/../lib/gcc/avr/5.4.0/avr5\libgcc.a(_exit.o)
                0x00000b94                _exit
                0x00000b94                exit
 *(.fini9)
 *(.fini8)
 *(.fini8)
 *(.fini7)
 *(.fini7)
 *(.fini6)
 .fini6         0x00000b94       0x16 c:/program files (x86)/atmel/studio/7.0/toolchain/avr8/avr8-gnu-toolchain/bin/../lib/gcc/avr/5.4.0/avr5\libgcc.a(_dtors.o)
                0x00000b94                __do_global_dtors
 *(.fini6)
 *(.fini5)
 *(.fini5)
 *(.fini4)
 *(.fini4)
 *(.fini3)
 *(.fini3)
 *(.fini2)
 *(.fini2)
 *(.fini1)
 *(.fini1)
 *(.fini0)
 .fini0         0x00000baa        0x4 c:/program files (x86)/atmel/studio/7.0/toolchain/avr8/avr8-gnu-toolchain/bin/../lib/gcc/avr/5.4.0/avr5\libgcc.a(_exit.o)
 *(.fini0)
                0x00000bae                _etext = .

.data           0x00800100        0x0 load address 0x00000bae
                [!provide]                PROVIDE (__data_start, .)
 *(.data)
 *(.data*)
 *(.gnu.linkonce.d*)
 *(.rodata)
 *(.rodata*)
 *(.gnu.linkonce.r*)
                0x00800100                . = ALIGN (0x2)
                0x00800100                _edata = .
                [!provide]                PROVIDE (__data_end, .)

.bss            0x00800100      0x17a
                0x00800100                PROVIDE (__bss_start, .)
 *(.bss)
 *(.bss*)
 .bss.wcAnimation
                0x00800100       0x15 Sketch.o
                0x00800100                wcAnimation
 .bss.wcClock   0x00800115        0x3 Sketch.o
                0x00800115                wcClock
 .bss.wcDisplay
                0x00800118      0x159 Sketch.o
                0x00800118                wcDisplay
 .bss.timer0_fract
                0x00800271        0x1 C:\Users\virskl\Documents\GitHub\Wordclock\Wordclock\Wordclock\ArduinoCore\Debug\libArduinoCore.a(wiring.o)
 .bss.timer0_millis
                0x00800272        0x4 C:\Users\virskl\Documents\GitHub\Wordclock\Wordclock\Wordclock\ArduinoCore\Debug\libArduinoCore.a(wiring.o)
                0x00800272                timer0_millis
 .bss.timer0_overflow_count
                0x00800276        0x4 C:\Users\virskl\Documents\GitHub\Wordclock\Wordclock\Wordclock\ArduinoCore\Debug\libArduinoCore.a(wiring.o)
                0x00800276                timer0_overflow_count
 *(COMMON)
                0x0080027a                PROVIDE (__bss_end, .)
                0x00000bae                __data_load_start = LOADADDR (.data)
                0x00000bae                __data_load_end = (__data_load_start + SIZEOF (.data))

.noinit         0x0080027a        0x0
                [!provide]                PROVIDE (__noinit_start, .)
 *(.noinit*)
                [!provide]                PROVIDE (__noinit_end, .)
                0x0080027a                _end = .
                [!provide]                PROVIDE (__heap_start, .)

.eeprom         0x00810000        0x0
 *(.eeprom*)
                0x00810000                __eeprom_end = .

.fuse
 *(.fuse)
 *(.lfuse)
 *(.hfuse)
 *(.efuse)

.lock
 *(.lock*)

.signature
 *(.signature*)

.user_signatures
 *(.user_signatures*)

.stab
 *(.stab)

.stabstr
 *(.stabstr)

.stab.excl
 *(.stab.excl)

.stab.exclstr
 *(.stab.exclstr)

.stab.index
 *(.stab.index)

.stab.indexstr
 *(.stab.indexstr)

.comment        0x00000000       0x30
 *(.comment)
 .comment       0x00000000       0x30 Sketch.o
                                 0x31 (size before relaxing)
 .comment       0x00000030       0x31 src/Animation/Animation.o
 .comment       0x00000030       0x31 src/Animation/AnimationTeletype.o
 .comment       0x00000030       0x31 src/Clock/Clock.o
 .comment       0x00000030       0x31 src/Display/Display.o
 .comment       0x00000030       0x31 src/WS2812/WS2812.o
 .comment       0x00000030       0x31 C:\Users\virskl\Documents\GitHub\Wordclock\Wordclock\Wordclock\ArduinoCore\Debug\libArduinoCore.a(main.o)
 .comment       0x00000030       0x31 C:\Users\virskl\Documents\GitHub\Wordclock\Wordclock\Wordclock\ArduinoCore\Debug\libArduinoCore.a(wiring.o)
 .comment       0x00000030       0x31 C:\Users\virskl\Documents\GitHub\Wordclock\Wordclock\Wordclock\ArduinoCore\Debug\libArduinoCore.a(wiring_digital.o)

.note.gnu.avr.deviceinfo
                0x00000000       0x40
 .note.gnu.avr.deviceinfo
                0x00000000       0x40 C:/Program Files (x86)/Atmel/Studio/7.0/Packs/atmel/ATmega_DFP/1.2.150/gcc/dev/atmega328p/avr5/crtatmega328p.o

.note.gnu.build-id
 *(.note.gnu.build-id)

.debug
 *(.debug)

.line
 *(.line)

.debug_srcinfo
 *(.debug_srcinfo)

.debug_sfnames
 *(.debug_sfnames)

.debug_aranges  0x00000000      0x3c0
 *(.debug_aranges)
 .debug_aranges
                0x00000000       0x38 Sketch.o
 .debug_aranges
                0x00000038       0x68 src/Animation/Animation.o
 .debug_aranges
                0x000000a0       0x50 src/Animation/AnimationTeletype.o
 .debug_aranges
                0x000000f0       0x48 src/Clock/Clock.o
 .debug_aranges
                0x00000138      0x130 src/Display/Display.o
 .debug_aranges
                0x00000268       0xa8 src/WS2812/WS2812.o
 .debug_aranges
                0x00000310       0x30 C:\Users\virskl\Documents\GitHub\Wordclock\Wordclock\Wordclock\ArduinoCore\Debug\libArduinoCore.a(main.o)
 .debug_aranges
                0x00000340       0x48 C:\Users\virskl\Documents\GitHub\Wordclock\Wordclock\Wordclock\ArduinoCore\Debug\libArduinoCore.a(wiring.o)
 .debug_aranges
                0x00000388       0x38 C:\Users\virskl\Documents\GitHub\Wordclock\Wordclock\Wordclock\ArduinoCore\Debug\libArduinoCore.a(wiring_digital.o)

.debug_pubnames
 *(.debug_pubnames)

.debug_info     0x00000000     0xc8de
 *(.debug_info .gnu.linkonce.wi.*)
 .debug_info    0x00000000      0x5f4 C:/Program Files (x86)/Atmel/Studio/7.0/Packs/atmel/ATmega_DFP/1.2.150/gcc/dev/atmega328p/avr5/crtatmega328p.o
 .debug_info    0x000005f4     0x1f2f Sketch.o
 .debug_info    0x00002523     0x2313 src/Animation/Animation.o
 .debug_info    0x00004836     0x1cca src/Animation/AnimationTeletype.o
 .debug_info    0x00006500     0x1cb6 src/Clock/Clock.o
 .debug_info    0x000081b6     0x2aa4 src/Display/Display.o
 .debug_info    0x0000ac5a     0x1184 src/WS2812/WS2812.o
 .debug_info    0x0000bdde      0x237 C:\Users\virskl\Documents\GitHub\Wordclock\Wordclock\Wordclock\ArduinoCore\Debug\libArduinoCore.a(main.o)
 .debug_info    0x0000c015      0x2cb C:\Users\virskl\Documents\GitHub\Wordclock\Wordclock\Wordclock\ArduinoCore\Debug\libArduinoCore.a(wiring.o)
 .debug_info    0x0000c2e0      0x5fe C:\Users\virskl\Documents\GitHub\Wordclock\Wordclock\Wordclock\ArduinoCore\Debug\libArduinoCore.a(wiring_digital.o)

.debug_abbrev   0x00000000     0x1f77
 *(.debug_abbrev)
 .debug_abbrev  0x00000000      0x5a2 C:/Program Files (x86)/Atmel/Studio/7.0/Packs/atmel/ATmega_DFP/1.2.150/gcc/dev/atmega328p/avr5/crtatmega328p.o
 .debug_abbrev  0x000005a2      0x2d4 Sketch.o
 .debug_abbrev  0x00000876      0x3ce src/Animation/Animation.o
 .debug_abbrev  0x00000c44      0x327 src/Animation/AnimationTeletype.o
 .debug_abbrev  0x00000f6b      0x36f src/Clock/Clock.o
 .debug_abbrev  0x000012da      0x46d src/Display/Display.o
 .debug_abbrev  0x00001747      0x462 src/WS2812/WS2812.o
 .debug_abbrev  0x00001ba9      0x12d C:\Users\virskl\Documents\GitHub\Wordclock\Wordclock\Wordclock\ArduinoCore\Debug\libArduinoCore.a(main.o)
 .debug_abbrev  0x00001cd6      0x146 C:\Users\virskl\Documents\GitHub\Wordclock\Wordclock\Wordclock\ArduinoCore\Debug\libArduinoCore.a(wiring.o)
 .debug_abbrev  0x00001e1c      0x15b C:\Users\virskl\Documents\GitHub\Wordclock\Wordclock\Wordclock\ArduinoCore\Debug\libArduinoCore.a(wiring_digital.o)

.debug_line     0x00000000     0x345b
 *(.debug_line .debug_line.* .debug_line_end)
 .debug_line    0x00000000      0x133 C:/Program Files (x86)/Atmel/Studio/7.0/Packs/atmel/ATmega_DFP/1.2.150/gcc/dev/atmega328p/avr5/crtatmega328p.o
 .debug_line    0x00000133      0x545 Sketch.o
 .debug_line    0x00000678      0x704 src/Animation/Animation.o
 .debug_line    0x00000d7c      0x658 src/Animation/AnimationTeletype.o
 .debug_line    0x000013d4      0x64c src/Clock/Clock.o
 .debug_line    0x00001a20      0xb69 src/Display/Display.o
 .debug_line    0x00002589      0x882 src/WS2812/WS2812.o
 .debug_line    0x00002e0b      0x165 C:\Users\virskl\Documents\GitHub\Wordclock\Wordclock\Wordclock\ArduinoCore\Debug\libArduinoCore.a(main.o)
 .debug_line    0x00002f70      0x299 C:\Users\virskl\Documents\GitHub\Wordclock\Wordclock\Wordclock\ArduinoCore\Debug\libArduinoCore.a(wiring.o)
 .debug_line    0x00003209      0x252 C:\Users\virskl\Documents\GitHub\Wordclock\Wordclock\Wordclock\ArduinoCore\Debug\libArduinoCore.a(wiring_digital.o)

.debug_frame    0x00000000      0xd10
 *(.debug_frame)
 .debug_frame   0x00000000       0x54 Sketch.o
 .debug_frame   0x00000054      0x190 src/Animation/Animation.o
 .debug_frame   0x000001e4       0xbc src/Animation/AnimationTeletype.o
 .debug_frame   0x000002a0       0xe8 src/Clock/Clock.o
 .debug_frame   0x00000388      0x634 src/Display/Display.o
 .debug_frame   0x000009bc      0x1c0 src/WS2812/WS2812.o
 .debug_frame   0x00000b7c       0x54 C:\Users\virskl\Documents\GitHub\Wordclock\Wordclock\Wordclock\ArduinoCore\Debug\libArduinoCore.a(main.o)
 .debug_frame   0x00000bd0       0xc4 C:\Users\virskl\Documents\GitHub\Wordclock\Wordclock\Wordclock\ArduinoCore\Debug\libArduinoCore.a(wiring.o)
 .debug_frame   0x00000c94       0x7c C:\Users\virskl\Documents\GitHub\Wordclock\Wordclock\Wordclock\ArduinoCore\Debug\libArduinoCore.a(wiring_digital.o)

.debug_str      0x00000000     0xf006
 *(.debug_str)
 .debug_str     0x00000000      0x208 C:/Program Files (x86)/Atmel/Studio/7.0/Packs/atmel/ATmega_DFP/1.2.150/gcc/dev/atmega328p/avr5/crtatmega328p.o
 .debug_str     0x00000208     0xe110 Sketch.o
                               0xe3c2 (size before relaxing)
 .debug_str     0x0000e318       0xf1 src/Animation/Animation.o
                               0xe424 (size before relaxing)
 .debug_str     0x0000e409       0xae src/Animation/AnimationTeletype.o
                               0xdeb6 (size before relaxing)
 .debug_str     0x0000e4b7       0xa7 src/Clock/Clock.o
                               0xdd27 (size before relaxing)
 .debug_str     0x0000e55e       0xc4 src/Display/Display.o
                               0xd86b (size before relaxing)
 .debug_str     0x0000e622      0x64e src/WS2812/WS2812.o
                               0xcae3 (size before relaxing)
 .debug_str     0x0000ec70      0x1ae C:\Users\virskl\Documents\GitHub\Wordclock\Wordclock\Wordclock\ArduinoCore\Debug\libArduinoCore.a(main.o)
                                0x2b0 (size before relaxing)
 .debug_str     0x0000ee1e      0x15b C:\Users\virskl\Documents\GitHub\Wordclock\Wordclock\Wordclock\ArduinoCore\Debug\libArduinoCore.a(wiring.o)
                                0x246 (size before relaxing)
 .debug_str     0x0000ef79       0x8d C:\Users\virskl\Documents\GitHub\Wordclock\Wordclock\Wordclock\ArduinoCore\Debug\libArduinoCore.a(wiring_digital.o)
                                0x2ab (size before relaxing)

.debug_loc      0x00000000     0x598f
 *(.debug_loc)
 .debug_loc     0x00000000       0x17 Sketch.o
 .debug_loc     0x00000017      0xdbe src/Animation/Animation.o
 .debug_loc     0x00000dd5      0x30c src/Animation/AnimationTeletype.o
 .debug_loc     0x000010e1      0x6e8 src/Clock/Clock.o
 .debug_loc     0x000017c9     0x2a24 src/Display/Display.o
 .debug_loc     0x000041ed      0xf19 src/WS2812/WS2812.o
 .debug_loc     0x00005106      0x28d C:\Users\virskl\Documents\GitHub\Wordclock\Wordclock\Wordclock\ArduinoCore\Debug\libArduinoCore.a(wiring.o)
 .debug_loc     0x00005393      0x5fc C:\Users\virskl\Documents\GitHub\Wordclock\Wordclock\Wordclock\ArduinoCore\Debug\libArduinoCore.a(wiring_digital.o)

.debug_macinfo
 *(.debug_macinfo)

.debug_weaknames
 *(.debug_weaknames)

.debug_funcnames
 *(.debug_funcnames)

.debug_typenames
 *(.debug_typenames)

.debug_varnames
 *(.debug_varnames)

.debug_pubtypes
 *(.debug_pubtypes)

.debug_ranges   0x00000000      0x438
 *(.debug_ranges)
 .debug_ranges  0x00000000       0x28 Sketch.o
 .debug_ranges  0x00000028      0x118 src/Animation/Animation.o
 .debug_ranges  0x00000140       0x40 src/Animation/AnimationTeletype.o
 .debug_ranges  0x00000180       0x38 src/Clock/Clock.o
 .debug_ranges  0x000001b8      0x168 src/Display/Display.o
 .debug_ranges  0x00000320       0x98 src/WS2812/WS2812.o
 .debug_ranges  0x000003b8       0x20 C:\Users\virskl\Documents\GitHub\Wordclock\Wordclock\Wordclock\ArduinoCore\Debug\libArduinoCore.a(main.o)
 .debug_ranges  0x000003d8       0x38 C:\Users\virskl\Documents\GitHub\Wordclock\Wordclock\Wordclock\ArduinoCore\Debug\libArduinoCore.a(wiring.o)
 .debug_ranges  0x00000410       0x28 C:\Users\virskl\Documents\GitHub\Wordclock\Wordclock\Wordclock\ArduinoCore\Debug\libArduinoCore.a(wiring_digital.o)

.debug_macro    0x00000000     0x9025
 *(.debug_macro)
 .debug_macro   0x00000000      0xe54 Sketch.o
 .debug_macro   0x00000e54       0x1c Sketch.o
 .debug_macro   0x00000e70      0x10e Sketch.o
 .debug_macro   0x00000f7e       0x66 Sketch.o
 .debug_macro   0x00000fe4       0x16 Sketch.o
 .debug_macro   0x00000ffa       0x16 Sketch.o
 .debug_macro   0x00001010       0x20 Sketch.o
 .debug_macro   0x00001030      0x160 Sketch.o
 .debug_macro   0x00001190       0x10 Sketch.o
 .debug_macro   0x000011a0       0x1c Sketch.o
 .debug_macro   0x000011bc      0x1c9 Sketch.o
 .debug_macro   0x00001385      0x2fc Sketch.o
 .debug_macro   0x00001681       0x12 Sketch.o
 .debug_macro   0x00001693       0xaa Sketch.o
 .debug_macro   0x0000173d     0x1410 Sketch.o
 .debug_macro   0x00002b4d      0x13a Sketch.o
 .debug_macro   0x00002c87       0xbd Sketch.o
 .debug_macro   0x00002d44       0x34 Sketch.o
 .debug_macro   0x00002d78       0x18 Sketch.o
 .debug_macro   0x00002d90       0x6c Sketch.o
 .debug_macro   0x00002dfc       0xe2 Sketch.o
 .debug_macro   0x00002ede       0x69 Sketch.o
 .debug_macro   0x00002f47      0xd93 Sketch.o
 .debug_macro   0x00003cda      0x1d8 Sketch.o
 .debug_macro   0x00003eb2       0x10 Sketch.o
 .debug_macro   0x00003ec2       0x58 Sketch.o
 .debug_macro   0x00003f1a       0x10 Sketch.o
 .debug_macro   0x00003f2a       0xf2 Sketch.o
 .debug_macro   0x0000401c       0x1c Sketch.o
 .debug_macro   0x00004038       0x11 Sketch.o
 .debug_macro   0x00004049       0xa7 Sketch.o
 .debug_macro   0x000040f0       0x94 Sketch.o
 .debug_macro   0x00004184       0x33 Sketch.o
 .debug_macro   0x000041b7       0x10 Sketch.o
 .debug_macro   0x000041c7       0xa8 Sketch.o
 .debug_macro   0x0000426f       0x7c Sketch.o
 .debug_macro   0x000042eb       0x70 Sketch.o
 .debug_macro   0x0000435b       0x28 Sketch.o
 .debug_macro   0x00004383       0x4c Sketch.o
 .debug_macro   0x000043cf       0x5e Sketch.o
 .debug_macro   0x0000442d      0xe5a src/Animation/Animation.o
 .debug_macro   0x00005287      0x302 src/Animation/Animation.o
 .debug_macro   0x00005589       0x76 src/Animation/Animation.o
 .debug_macro   0x000055ff      0xe51 src/Animation/AnimationTeletype.o
 .debug_macro   0x00006450       0x46 src/Animation/AnimationTeletype.o
 .debug_macro   0x00006496      0xe47 src/Clock/Clock.o
 .debug_macro   0x000072dd      0xe38 src/Display/Display.o
 .debug_macro   0x00008115      0xe72 src/WS2812/WS2812.o
 .debug_macro   0x00008f87       0x6a src/WS2812/WS2812.o
 .debug_macro   0x00008ff1       0x34 src/WS2812/WS2812.o
OUTPUT(Wordclock.elf elf32-avr)
LOAD linker stubs
