Archive member included to satisfy reference by file (symbol)

C:\Users\virskl\Documents\GitHub\Wordclock\Wordclock\Wordclock\ArduinoCore\Debug\libArduinoCore.a(main.o)
                              C:/Program Files (x86)/Atmel/Studio/7.0/Packs/atmel/ATmega_DFP/1.0.106/gcc/dev/atmega328p/avr5/crtatmega328p.o (main)
C:\Users\virskl\Documents\GitHub\Wordclock\Wordclock\Wordclock\ArduinoCore\Debug\libArduinoCore.a(wiring.o)
                              src/WS2812/WS2812.o (micros)
C:\Users\virskl\Documents\GitHub\Wordclock\Wordclock\Wordclock\ArduinoCore\Debug\libArduinoCore.a(wiring_digital.o)
                              src/WS2812/WS2812.o (pinMode)
C:\Users\virskl\Documents\GitHub\Wordclock\Wordclock\Wordclock\ArduinoCore\Debug\libArduinoCore.a(hooks.o)
                              C:\Users\virskl\Documents\GitHub\Wordclock\Wordclock\Wordclock\ArduinoCore\Debug\libArduinoCore.a(wiring.o) (yield)
c:/program files (x86)/atmel/studio/7.0/toolchain/avr8/avr8-gnu-toolchain/bin/../lib/gcc/avr/4.9.2/avr5\libgcc.a(_udivmodqi4.o)
                              src/Clock/Clock.o (__udivmodqi4)
c:/program files (x86)/atmel/studio/7.0/toolchain/avr8/avr8-gnu-toolchain/bin/../lib/gcc/avr/4.9.2/avr5\libgcc.a(_exit.o)
                              C:/Program Files (x86)/Atmel/Studio/7.0/Packs/atmel/ATmega_DFP/1.0.106/gcc/dev/atmega328p/avr5/crtatmega328p.o (exit)
c:/program files (x86)/atmel/studio/7.0/toolchain/avr8/avr8-gnu-toolchain/bin/../lib/gcc/avr/4.9.2/avr5\libgcc.a(_clear_bss.o)
                              Sketch.o (__do_clear_bss)
c:/program files (x86)/atmel/studio/7.0/toolchain/avr8/avr8-gnu-toolchain/bin/../lib/gcc/avr/4.9.2/avr5\libgcc.a(_ctors.o)
                              Sketch.o (__do_global_ctors)
c:/program files (x86)/atmel/studio/7.0/toolchain/avr8/avr8-gnu-toolchain/bin/../lib/gcc/avr/4.9.2/avr5\libgcc.a(_dtors.o)
                              Sketch.o (__do_global_dtors)
c:/program files (x86)/atmel/studio/7.0/toolchain/avr8/avr8-gnu-toolchain/bin/../lib/gcc/avr/4.9.2/avr5\libgcc.a(_tablejump2.o)
                              c:/program files (x86)/atmel/studio/7.0/toolchain/avr8/avr8-gnu-toolchain/bin/../lib/gcc/avr/4.9.2/avr5\libgcc.a(_ctors.o) (__tablejump2__)
c:/program files (x86)/atmel/studio/7.0/toolchain/avr8/avr8-gnu-toolchain/bin/../lib/gcc/avr/4.9.2/../../../../avr/lib/avr5\libc.a(memcpy_P.o)
                              src/Clock/Clock.o (memcpy_P)

Discarded input sections

 .data          0x00000000        0x0 C:/Program Files (x86)/Atmel/Studio/7.0/Packs/atmel/ATmega_DFP/1.0.106/gcc/dev/atmega328p/avr5/crtatmega328p.o
 .bss           0x00000000        0x0 C:/Program Files (x86)/Atmel/Studio/7.0/Packs/atmel/ATmega_DFP/1.0.106/gcc/dev/atmega328p/avr5/crtatmega328p.o
 .text          0x00000000        0x0 Sketch.o
 .data          0x00000000        0x0 Sketch.o
 .bss           0x00000000        0x0 Sketch.o
 .bss.flag      0x00000000        0x2 Sketch.o
 .group         0x00000000        0x8 src/Animation/Animation.o
 .text          0x00000000        0x0 src/Animation/Animation.o
 .data          0x00000000        0x0 src/Animation/Animation.o
 .bss           0x00000000        0x0 src/Animation/Animation.o
 .text._ZN7Display10writePixelEhhb
                0x00000000        0xa src/Animation/Animation.o
 .text._ZN9AnimationC2EP7Display
                0x00000000        0x8 src/Animation/Animation.o
 .text._ZN9AnimationD2Ev
                0x00000000        0x2 src/Animation/Animation.o
 .text._ZN9Animation4initEv
                0x00000000        0x2 src/Animation/Animation.o
 .text._ZN9Animation7setCharEhhc17AnimationFontType
                0x00000000      0x272 src/Animation/Animation.o
 .text._ZN9Animation22convertCharToFontIndexEcPh
                0x00000000       0x3a src/Animation/Animation.o
 .debug_info    0x00000000     0x1619 src/Animation/Animation.o
 .debug_abbrev  0x00000000      0x2f0 src/Animation/Animation.o
 .debug_loc     0x00000000      0xa6a src/Animation/Animation.o
 .debug_aranges
                0x00000000       0x48 src/Animation/Animation.o
 .debug_ranges  0x00000000       0x38 src/Animation/Animation.o
 .debug_line    0x00000000      0x395 src/Animation/Animation.o
 .debug_str     0x00000000     0x1af8 src/Animation/Animation.o
 .comment       0x00000000       0x31 src/Animation/Animation.o
 .debug_frame   0x00000000       0xbc src/Animation/Animation.o
 .text          0x00000000        0x0 src/Animation/Font.o
 .data          0x00000000        0x0 src/Animation/Font.o
 .bss           0x00000000        0x0 src/Animation/Font.o
 .progmem.data._ZN9Animation8Font_8x8E
                0x00000000      0x800 src/Animation/Font.o
 .progmem.data._ZN9Animation9Font_6x10E
                0x00000000      0xa00 src/Animation/Font.o
 .progmem.data._ZN9Animation8Font_6x8E
                0x00000000      0x600 src/Animation/Font.o
 .progmem.data._ZN9Animation8Font_5x8E
                0x00000000      0x500 src/Animation/Font.o
 .progmem.data._ZN9Animation8Font_4x6E
                0x00000000      0x400 src/Animation/Font.o
 .debug_info    0x00000000     0x1103 src/Animation/Font.o
 .debug_abbrev  0x00000000      0x1de src/Animation/Font.o
 .debug_aranges
                0x00000000       0x18 src/Animation/Font.o
 .debug_line    0x00000000      0x1b8 src/Animation/Font.o
 .debug_str     0x00000000     0x1a6f src/Animation/Font.o
 .comment       0x00000000       0x31 src/Animation/Font.o
 .text          0x00000000        0x0 src/Clock/Clock.o
 .data          0x00000000        0x0 src/Clock/Clock.o
 .bss           0x00000000        0x0 src/Clock/Clock.o
 .text          0x00000000        0x0 src/Display/Display.o
 .data          0x00000000        0x0 src/Display/Display.o
 .bss           0x00000000        0x0 src/Display/Display.o
 .text._ZN7DisplayC2E15WS2812PixelType
                0x00000000       0x34 src/Display/Display.o
 .text._ZN7Display4initEv
                0x00000000       0x1c src/Display/Display.o
 .text._ZN7Display12getCharacterE20DisplayCharacterTypePb
                0x00000000       0x5e src/Display/Display.o
 .text._ZN7Display12getCharacterEhhPc
                0x00000000       0x26 src/Display/Display.o
 .text._ZN7Display12getCharacterEhPc
                0x00000000       0x2a src/Display/Display.o
 .text._ZN7Display19getWordIlluminationE15DisplayWordTypeP27DisplayWordIlluminationType
                0x00000000       0x56 src/Display/Display.o
 .text._ZN7Display8setPixelEh
                0x00000000       0x14 src/Display/Display.o
 .text._ZN7Display10clearPixelEhh
                0x00000000       0x30 src/Display/Display.o
 .text._ZN7Display9clearWordE15DisplayWordType
                0x00000000       0x7e src/Display/Display.o
 .text._ZN7Display13clearAllWordsEv
                0x00000000       0x2e src/Display/Display.o
 .text._ZN7Display10clearPixelEh
                0x00000000       0x14 src/Display/Display.o
 .progmem.data._ZN7Display17DisplayCharactersE
                0x00000000       0x78 src/Display/Display.o
 .text          0x00000000        0x0 src/WS2812/WS2812.o
 .data          0x00000000        0x0 src/WS2812/WS2812.o
 .bss           0x00000000        0x0 src/WS2812/WS2812.o
 .text._ZN6WS28124initEv
                0x00000000        0x2 src/WS2812/WS2812.o
 .text._ZN6WS28128getPixelEhP15WS2812PixelType
                0x00000000       0x50 src/WS2812/WS2812.o
 .text._ZN6WS281214getPixelDimmedEhP15WS2812PixelType
                0x00000000       0x7c src/WS2812/WS2812.o
 .text._ZN6WS28128setPixelEhhhh
                0x00000000       0x46 src/WS2812/WS2812.o
 .text._ZN6WS281213setBrightnessEh
                0x00000000        0xc src/WS2812/WS2812.o
 .text._ZN6WS281213setColorOrderE20WS2812ColorOrderType
                0x00000000       0x44 src/WS2812/WS2812.o
 .text._ZN6WS28128sendDataEPKhj
                0x00000000       0x48 src/WS2812/WS2812.o
 .text._ZN6WS28124showEv
                0x00000000      0x160 src/WS2812/WS2812.o
 .text          0x00000000        0x0 C:\Users\virskl\Documents\GitHub\Wordclock\Wordclock\Wordclock\ArduinoCore\Debug\libArduinoCore.a(main.o)
 .data          0x00000000        0x0 C:\Users\virskl\Documents\GitHub\Wordclock\Wordclock\Wordclock\ArduinoCore\Debug\libArduinoCore.a(main.o)
 .bss           0x00000000        0x0 C:\Users\virskl\Documents\GitHub\Wordclock\Wordclock\Wordclock\ArduinoCore\Debug\libArduinoCore.a(main.o)
 .text.atexit   0x00000000        0x6 C:\Users\virskl\Documents\GitHub\Wordclock\Wordclock\Wordclock\ArduinoCore\Debug\libArduinoCore.a(main.o)
 .text._Z8setupUSBv
                0x00000000        0x2 C:\Users\virskl\Documents\GitHub\Wordclock\Wordclock\Wordclock\ArduinoCore\Debug\libArduinoCore.a(main.o)
 .text          0x00000000        0x0 C:\Users\virskl\Documents\GitHub\Wordclock\Wordclock\Wordclock\ArduinoCore\Debug\libArduinoCore.a(wiring.o)
 .data          0x00000000        0x0 C:\Users\virskl\Documents\GitHub\Wordclock\Wordclock\Wordclock\ArduinoCore\Debug\libArduinoCore.a(wiring.o)
 .bss           0x00000000        0x0 C:\Users\virskl\Documents\GitHub\Wordclock\Wordclock\Wordclock\ArduinoCore\Debug\libArduinoCore.a(wiring.o)
 .text.millis   0x00000000       0x18 C:\Users\virskl\Documents\GitHub\Wordclock\Wordclock\Wordclock\ArduinoCore\Debug\libArduinoCore.a(wiring.o)
 .text.micros   0x00000000       0x4a C:\Users\virskl\Documents\GitHub\Wordclock\Wordclock\Wordclock\ArduinoCore\Debug\libArduinoCore.a(wiring.o)
 .text.delay    0x00000000       0x78 C:\Users\virskl\Documents\GitHub\Wordclock\Wordclock\Wordclock\ArduinoCore\Debug\libArduinoCore.a(wiring.o)
 .text.delayMicroseconds
                0x00000000       0x16 C:\Users\virskl\Documents\GitHub\Wordclock\Wordclock\Wordclock\ArduinoCore\Debug\libArduinoCore.a(wiring.o)
 .text          0x00000000        0x0 C:\Users\virskl\Documents\GitHub\Wordclock\Wordclock\Wordclock\ArduinoCore\Debug\libArduinoCore.a(wiring_digital.o)
 .data          0x00000000        0x0 C:\Users\virskl\Documents\GitHub\Wordclock\Wordclock\Wordclock\ArduinoCore\Debug\libArduinoCore.a(wiring_digital.o)
 .bss           0x00000000        0x0 C:\Users\virskl\Documents\GitHub\Wordclock\Wordclock\Wordclock\ArduinoCore\Debug\libArduinoCore.a(wiring_digital.o)
 .text.turnOffPWM
                0x00000000       0x52 C:\Users\virskl\Documents\GitHub\Wordclock\Wordclock\Wordclock\ArduinoCore\Debug\libArduinoCore.a(wiring_digital.o)
 .text.digitalWrite
                0x00000000       0x60 C:\Users\virskl\Documents\GitHub\Wordclock\Wordclock\Wordclock\ArduinoCore\Debug\libArduinoCore.a(wiring_digital.o)
 .text.digitalRead
                0x00000000       0x52 C:\Users\virskl\Documents\GitHub\Wordclock\Wordclock\Wordclock\ArduinoCore\Debug\libArduinoCore.a(wiring_digital.o)
 .progmem.data.digital_pin_to_timer_PGM
                0x00000000       0x14 C:\Users\virskl\Documents\GitHub\Wordclock\Wordclock\Wordclock\ArduinoCore\Debug\libArduinoCore.a(wiring_digital.o)
 .progmem.data.port_to_input_PGM
                0x00000000        0xa C:\Users\virskl\Documents\GitHub\Wordclock\Wordclock\Wordclock\ArduinoCore\Debug\libArduinoCore.a(wiring_digital.o)
 .text          0x00000000        0x0 C:\Users\virskl\Documents\GitHub\Wordclock\Wordclock\Wordclock\ArduinoCore\Debug\libArduinoCore.a(hooks.o)
 .data          0x00000000        0x0 C:\Users\virskl\Documents\GitHub\Wordclock\Wordclock\Wordclock\ArduinoCore\Debug\libArduinoCore.a(hooks.o)
 .bss           0x00000000        0x0 C:\Users\virskl\Documents\GitHub\Wordclock\Wordclock\Wordclock\ArduinoCore\Debug\libArduinoCore.a(hooks.o)
 .text.__empty  0x00000000        0x2 C:\Users\virskl\Documents\GitHub\Wordclock\Wordclock\Wordclock\ArduinoCore\Debug\libArduinoCore.a(hooks.o)
 .debug_info    0x00000000       0x3e C:\Users\virskl\Documents\GitHub\Wordclock\Wordclock\Wordclock\ArduinoCore\Debug\libArduinoCore.a(hooks.o)
 .debug_abbrev  0x00000000       0x2a C:\Users\virskl\Documents\GitHub\Wordclock\Wordclock\Wordclock\ArduinoCore\Debug\libArduinoCore.a(hooks.o)
 .debug_aranges
                0x00000000       0x20 C:\Users\virskl\Documents\GitHub\Wordclock\Wordclock\Wordclock\ArduinoCore\Debug\libArduinoCore.a(hooks.o)
 .debug_ranges  0x00000000       0x10 C:\Users\virskl\Documents\GitHub\Wordclock\Wordclock\Wordclock\ArduinoCore\Debug\libArduinoCore.a(hooks.o)
 .debug_line    0x00000000       0x41 C:\Users\virskl\Documents\GitHub\Wordclock\Wordclock\Wordclock\ArduinoCore\Debug\libArduinoCore.a(hooks.o)
 .debug_str     0x00000000      0x139 C:\Users\virskl\Documents\GitHub\Wordclock\Wordclock\Wordclock\ArduinoCore\Debug\libArduinoCore.a(hooks.o)
 .comment       0x00000000       0x31 C:\Users\virskl\Documents\GitHub\Wordclock\Wordclock\Wordclock\ArduinoCore\Debug\libArduinoCore.a(hooks.o)
 .debug_frame   0x00000000       0x24 C:\Users\virskl\Documents\GitHub\Wordclock\Wordclock\Wordclock\ArduinoCore\Debug\libArduinoCore.a(hooks.o)
 .text          0x00000000        0x0 c:/program files (x86)/atmel/studio/7.0/toolchain/avr8/avr8-gnu-toolchain/bin/../lib/gcc/avr/4.9.2/avr5\libgcc.a(_udivmodqi4.o)
 .data          0x00000000        0x0 c:/program files (x86)/atmel/studio/7.0/toolchain/avr8/avr8-gnu-toolchain/bin/../lib/gcc/avr/4.9.2/avr5\libgcc.a(_udivmodqi4.o)
 .bss           0x00000000        0x0 c:/program files (x86)/atmel/studio/7.0/toolchain/avr8/avr8-gnu-toolchain/bin/../lib/gcc/avr/4.9.2/avr5\libgcc.a(_udivmodqi4.o)
 .text.libgcc.mul
                0x00000000        0x0 c:/program files (x86)/atmel/studio/7.0/toolchain/avr8/avr8-gnu-toolchain/bin/../lib/gcc/avr/4.9.2/avr5\libgcc.a(_udivmodqi4.o)
 .text.libgcc   0x00000000        0x0 c:/program files (x86)/atmel/studio/7.0/toolchain/avr8/avr8-gnu-toolchain/bin/../lib/gcc/avr/4.9.2/avr5\libgcc.a(_udivmodqi4.o)
 .text.libgcc.prologue
                0x00000000        0x0 c:/program files (x86)/atmel/studio/7.0/toolchain/avr8/avr8-gnu-toolchain/bin/../lib/gcc/avr/4.9.2/avr5\libgcc.a(_udivmodqi4.o)
 .text.libgcc.builtins
                0x00000000        0x0 c:/program files (x86)/atmel/studio/7.0/toolchain/avr8/avr8-gnu-toolchain/bin/../lib/gcc/avr/4.9.2/avr5\libgcc.a(_udivmodqi4.o)
 .text.libgcc.fmul
                0x00000000        0x0 c:/program files (x86)/atmel/studio/7.0/toolchain/avr8/avr8-gnu-toolchain/bin/../lib/gcc/avr/4.9.2/avr5\libgcc.a(_udivmodqi4.o)
 .text.libgcc.fixed
                0x00000000        0x0 c:/program files (x86)/atmel/studio/7.0/toolchain/avr8/avr8-gnu-toolchain/bin/../lib/gcc/avr/4.9.2/avr5\libgcc.a(_udivmodqi4.o)
 .text          0x00000000        0x0 c:/program files (x86)/atmel/studio/7.0/toolchain/avr8/avr8-gnu-toolchain/bin/../lib/gcc/avr/4.9.2/avr5\libgcc.a(_exit.o)
 .data          0x00000000        0x0 c:/program files (x86)/atmel/studio/7.0/toolchain/avr8/avr8-gnu-toolchain/bin/../lib/gcc/avr/4.9.2/avr5\libgcc.a(_exit.o)
 .bss           0x00000000        0x0 c:/program files (x86)/atmel/studio/7.0/toolchain/avr8/avr8-gnu-toolchain/bin/../lib/gcc/avr/4.9.2/avr5\libgcc.a(_exit.o)
 .text.libgcc.mul
                0x00000000        0x0 c:/program files (x86)/atmel/studio/7.0/toolchain/avr8/avr8-gnu-toolchain/bin/../lib/gcc/avr/4.9.2/avr5\libgcc.a(_exit.o)
 .text.libgcc.div
                0x00000000        0x0 c:/program files (x86)/atmel/studio/7.0/toolchain/avr8/avr8-gnu-toolchain/bin/../lib/gcc/avr/4.9.2/avr5\libgcc.a(_exit.o)
 .text.libgcc   0x00000000        0x0 c:/program files (x86)/atmel/studio/7.0/toolchain/avr8/avr8-gnu-toolchain/bin/../lib/gcc/avr/4.9.2/avr5\libgcc.a(_exit.o)
 .text.libgcc.prologue
                0x00000000        0x0 c:/program files (x86)/atmel/studio/7.0/toolchain/avr8/avr8-gnu-toolchain/bin/../lib/gcc/avr/4.9.2/avr5\libgcc.a(_exit.o)
 .text.libgcc.builtins
                0x00000000        0x0 c:/program files (x86)/atmel/studio/7.0/toolchain/avr8/avr8-gnu-toolchain/bin/../lib/gcc/avr/4.9.2/avr5\libgcc.a(_exit.o)
 .text.libgcc.fmul
                0x00000000        0x0 c:/program files (x86)/atmel/studio/7.0/toolchain/avr8/avr8-gnu-toolchain/bin/../lib/gcc/avr/4.9.2/avr5\libgcc.a(_exit.o)
 .text.libgcc.fixed
                0x00000000        0x0 c:/program files (x86)/atmel/studio/7.0/toolchain/avr8/avr8-gnu-toolchain/bin/../lib/gcc/avr/4.9.2/avr5\libgcc.a(_exit.o)
 .text          0x00000000        0x0 c:/program files (x86)/atmel/studio/7.0/toolchain/avr8/avr8-gnu-toolchain/bin/../lib/gcc/avr/4.9.2/avr5\libgcc.a(_clear_bss.o)
 .data          0x00000000        0x0 c:/program files (x86)/atmel/studio/7.0/toolchain/avr8/avr8-gnu-toolchain/bin/../lib/gcc/avr/4.9.2/avr5\libgcc.a(_clear_bss.o)
 .bss           0x00000000        0x0 c:/program files (x86)/atmel/studio/7.0/toolchain/avr8/avr8-gnu-toolchain/bin/../lib/gcc/avr/4.9.2/avr5\libgcc.a(_clear_bss.o)
 .text.libgcc.mul
                0x00000000        0x0 c:/program files (x86)/atmel/studio/7.0/toolchain/avr8/avr8-gnu-toolchain/bin/../lib/gcc/avr/4.9.2/avr5\libgcc.a(_clear_bss.o)
 .text.libgcc.div
                0x00000000        0x0 c:/program files (x86)/atmel/studio/7.0/toolchain/avr8/avr8-gnu-toolchain/bin/../lib/gcc/avr/4.9.2/avr5\libgcc.a(_clear_bss.o)
 .text.libgcc   0x00000000        0x0 c:/program files (x86)/atmel/studio/7.0/toolchain/avr8/avr8-gnu-toolchain/bin/../lib/gcc/avr/4.9.2/avr5\libgcc.a(_clear_bss.o)
 .text.libgcc.prologue
                0x00000000        0x0 c:/program files (x86)/atmel/studio/7.0/toolchain/avr8/avr8-gnu-toolchain/bin/../lib/gcc/avr/4.9.2/avr5\libgcc.a(_clear_bss.o)
 .text.libgcc.builtins
                0x00000000        0x0 c:/program files (x86)/atmel/studio/7.0/toolchain/avr8/avr8-gnu-toolchain/bin/../lib/gcc/avr/4.9.2/avr5\libgcc.a(_clear_bss.o)
 .text.libgcc.fmul
                0x00000000        0x0 c:/program files (x86)/atmel/studio/7.0/toolchain/avr8/avr8-gnu-toolchain/bin/../lib/gcc/avr/4.9.2/avr5\libgcc.a(_clear_bss.o)
 .text.libgcc.fixed
                0x00000000        0x0 c:/program files (x86)/atmel/studio/7.0/toolchain/avr8/avr8-gnu-toolchain/bin/../lib/gcc/avr/4.9.2/avr5\libgcc.a(_clear_bss.o)
 .text          0x00000000        0x0 c:/program files (x86)/atmel/studio/7.0/toolchain/avr8/avr8-gnu-toolchain/bin/../lib/gcc/avr/4.9.2/avr5\libgcc.a(_ctors.o)
 .data          0x00000000        0x0 c:/program files (x86)/atmel/studio/7.0/toolchain/avr8/avr8-gnu-toolchain/bin/../lib/gcc/avr/4.9.2/avr5\libgcc.a(_ctors.o)
 .bss           0x00000000        0x0 c:/program files (x86)/atmel/studio/7.0/toolchain/avr8/avr8-gnu-toolchain/bin/../lib/gcc/avr/4.9.2/avr5\libgcc.a(_ctors.o)
 .text.libgcc.mul
                0x00000000        0x0 c:/program files (x86)/atmel/studio/7.0/toolchain/avr8/avr8-gnu-toolchain/bin/../lib/gcc/avr/4.9.2/avr5\libgcc.a(_ctors.o)
 .text.libgcc.div
                0x00000000        0x0 c:/program files (x86)/atmel/studio/7.0/toolchain/avr8/avr8-gnu-toolchain/bin/../lib/gcc/avr/4.9.2/avr5\libgcc.a(_ctors.o)
 .text.libgcc   0x00000000        0x0 c:/program files (x86)/atmel/studio/7.0/toolchain/avr8/avr8-gnu-toolchain/bin/../lib/gcc/avr/4.9.2/avr5\libgcc.a(_ctors.o)
 .text.libgcc.prologue
                0x00000000        0x0 c:/program files (x86)/atmel/studio/7.0/toolchain/avr8/avr8-gnu-toolchain/bin/../lib/gcc/avr/4.9.2/avr5\libgcc.a(_ctors.o)
 .text.libgcc.builtins
                0x00000000        0x0 c:/program files (x86)/atmel/studio/7.0/toolchain/avr8/avr8-gnu-toolchain/bin/../lib/gcc/avr/4.9.2/avr5\libgcc.a(_ctors.o)
 .text.libgcc.fmul
                0x00000000        0x0 c:/program files (x86)/atmel/studio/7.0/toolchain/avr8/avr8-gnu-toolchain/bin/../lib/gcc/avr/4.9.2/avr5\libgcc.a(_ctors.o)
 .text.libgcc.fixed
                0x00000000        0x0 c:/program files (x86)/atmel/studio/7.0/toolchain/avr8/avr8-gnu-toolchain/bin/../lib/gcc/avr/4.9.2/avr5\libgcc.a(_ctors.o)
 .text          0x00000000        0x0 c:/program files (x86)/atmel/studio/7.0/toolchain/avr8/avr8-gnu-toolchain/bin/../lib/gcc/avr/4.9.2/avr5\libgcc.a(_dtors.o)
 .data          0x00000000        0x0 c:/program files (x86)/atmel/studio/7.0/toolchain/avr8/avr8-gnu-toolchain/bin/../lib/gcc/avr/4.9.2/avr5\libgcc.a(_dtors.o)
 .bss           0x00000000        0x0 c:/program files (x86)/atmel/studio/7.0/toolchain/avr8/avr8-gnu-toolchain/bin/../lib/gcc/avr/4.9.2/avr5\libgcc.a(_dtors.o)
 .text.libgcc.mul
                0x00000000        0x0 c:/program files (x86)/atmel/studio/7.0/toolchain/avr8/avr8-gnu-toolchain/bin/../lib/gcc/avr/4.9.2/avr5\libgcc.a(_dtors.o)
 .text.libgcc.div
                0x00000000        0x0 c:/program files (x86)/atmel/studio/7.0/toolchain/avr8/avr8-gnu-toolchain/bin/../lib/gcc/avr/4.9.2/avr5\libgcc.a(_dtors.o)
 .text.libgcc   0x00000000        0x0 c:/program files (x86)/atmel/studio/7.0/toolchain/avr8/avr8-gnu-toolchain/bin/../lib/gcc/avr/4.9.2/avr5\libgcc.a(_dtors.o)
 .text.libgcc.prologue
                0x00000000        0x0 c:/program files (x86)/atmel/studio/7.0/toolchain/avr8/avr8-gnu-toolchain/bin/../lib/gcc/avr/4.9.2/avr5\libgcc.a(_dtors.o)
 .text.libgcc.builtins
                0x00000000        0x0 c:/program files (x86)/atmel/studio/7.0/toolchain/avr8/avr8-gnu-toolchain/bin/../lib/gcc/avr/4.9.2/avr5\libgcc.a(_dtors.o)
 .text.libgcc.fmul
                0x00000000        0x0 c:/program files (x86)/atmel/studio/7.0/toolchain/avr8/avr8-gnu-toolchain/bin/../lib/gcc/avr/4.9.2/avr5\libgcc.a(_dtors.o)
 .text.libgcc.fixed
                0x00000000        0x0 c:/program files (x86)/atmel/studio/7.0/toolchain/avr8/avr8-gnu-toolchain/bin/../lib/gcc/avr/4.9.2/avr5\libgcc.a(_dtors.o)
 .text          0x00000000        0x0 c:/program files (x86)/atmel/studio/7.0/toolchain/avr8/avr8-gnu-toolchain/bin/../lib/gcc/avr/4.9.2/avr5\libgcc.a(_tablejump2.o)
 .data          0x00000000        0x0 c:/program files (x86)/atmel/studio/7.0/toolchain/avr8/avr8-gnu-toolchain/bin/../lib/gcc/avr/4.9.2/avr5\libgcc.a(_tablejump2.o)
 .bss           0x00000000        0x0 c:/program files (x86)/atmel/studio/7.0/toolchain/avr8/avr8-gnu-toolchain/bin/../lib/gcc/avr/4.9.2/avr5\libgcc.a(_tablejump2.o)
 .text.libgcc.mul
                0x00000000        0x0 c:/program files (x86)/atmel/studio/7.0/toolchain/avr8/avr8-gnu-toolchain/bin/../lib/gcc/avr/4.9.2/avr5\libgcc.a(_tablejump2.o)
 .text.libgcc.div
                0x00000000        0x0 c:/program files (x86)/atmel/studio/7.0/toolchain/avr8/avr8-gnu-toolchain/bin/../lib/gcc/avr/4.9.2/avr5\libgcc.a(_tablejump2.o)
 .text.libgcc.prologue
                0x00000000        0x0 c:/program files (x86)/atmel/studio/7.0/toolchain/avr8/avr8-gnu-toolchain/bin/../lib/gcc/avr/4.9.2/avr5\libgcc.a(_tablejump2.o)
 .text.libgcc.builtins
                0x00000000        0x0 c:/program files (x86)/atmel/studio/7.0/toolchain/avr8/avr8-gnu-toolchain/bin/../lib/gcc/avr/4.9.2/avr5\libgcc.a(_tablejump2.o)
 .text.libgcc.fmul
                0x00000000        0x0 c:/program files (x86)/atmel/studio/7.0/toolchain/avr8/avr8-gnu-toolchain/bin/../lib/gcc/avr/4.9.2/avr5\libgcc.a(_tablejump2.o)
 .text.libgcc.fixed
                0x00000000        0x0 c:/program files (x86)/atmel/studio/7.0/toolchain/avr8/avr8-gnu-toolchain/bin/../lib/gcc/avr/4.9.2/avr5\libgcc.a(_tablejump2.o)
 .text          0x00000000        0x0 c:/program files (x86)/atmel/studio/7.0/toolchain/avr8/avr8-gnu-toolchain/bin/../lib/gcc/avr/4.9.2/../../../../avr/lib/avr5\libc.a(memcpy_P.o)
 .data          0x00000000        0x0 c:/program files (x86)/atmel/studio/7.0/toolchain/avr8/avr8-gnu-toolchain/bin/../lib/gcc/avr/4.9.2/../../../../avr/lib/avr5\libc.a(memcpy_P.o)
 .bss           0x00000000        0x0 c:/program files (x86)/atmel/studio/7.0/toolchain/avr8/avr8-gnu-toolchain/bin/../lib/gcc/avr/4.9.2/../../../../avr/lib/avr5\libc.a(memcpy_P.o)

Memory Configuration

Name             Origin             Length             Attributes
text             0x00000000         0x00020000         xr
data             0x00800060         0x0000ffa0         rw !x
eeprom           0x00810000         0x00010000         rw !x
fuse             0x00820000         0x00000400         rw !x
lock             0x00830000         0x00000400         rw !x
signature        0x00840000         0x00000400         rw !x
user_signatures  0x00850000         0x00000400         rw !x
*default*        0x00000000         0xffffffff

Linker script and memory map

Address of section .data set to 0x800100
LOAD C:/Program Files (x86)/Atmel/Studio/7.0/Packs/atmel/ATmega_DFP/1.0.106/gcc/dev/atmega328p/avr5/crtatmega328p.o
LOAD Sketch.o
LOAD src/Animation/Animation.o
LOAD src/Animation/Font.o
LOAD src/Clock/Clock.o
LOAD src/Display/Display.o
LOAD src/WS2812/WS2812.o
START GROUP
LOAD c:/program files (x86)/atmel/studio/7.0/toolchain/avr8/avr8-gnu-toolchain/bin/../lib/gcc/avr/4.9.2/../../../../avr/lib/avr5\libm.a
LOAD C:\Users\virskl\Documents\GitHub\Wordclock\Wordclock\Wordclock\ArduinoCore\Debug\libArduinoCore.a
END GROUP
LOAD c:/program files (x86)/atmel/studio/7.0/toolchain/avr8/avr8-gnu-toolchain/bin/../lib/gcc/avr/4.9.2/avr5\libgcc.a
LOAD c:/program files (x86)/atmel/studio/7.0/toolchain/avr8/avr8-gnu-toolchain/bin/../lib/gcc/avr/4.9.2/../../../../avr/lib/avr5\libm.a
START GROUP
LOAD c:/program files (x86)/atmel/studio/7.0/toolchain/avr8/avr8-gnu-toolchain/bin/../lib/gcc/avr/4.9.2/avr5\libgcc.a
LOAD c:/program files (x86)/atmel/studio/7.0/toolchain/avr8/avr8-gnu-toolchain/bin/../lib/gcc/avr/4.9.2/../../../../avr/lib/avr5\libm.a
LOAD c:/program files (x86)/atmel/studio/7.0/toolchain/avr8/avr8-gnu-toolchain/bin/../lib/gcc/avr/4.9.2/../../../../avr/lib/avr5\libc.a
LOAD C:/Program Files (x86)/Atmel/Studio/7.0/Packs/atmel/ATmega_DFP/1.0.106/gcc/dev/atmega328p/avr5\libatmega328p.a
END GROUP
                0x00020000                __TEXT_REGION_LENGTH__ = DEFINED (__TEXT_REGION_LENGTH__)?__TEXT_REGION_LENGTH__:0x20000
                0x0000ffa0                __DATA_REGION_LENGTH__ = DEFINED (__DATA_REGION_LENGTH__)?__DATA_REGION_LENGTH__:0xffa0
                0x00010000                __EEPROM_REGION_LENGTH__ = DEFINED (__EEPROM_REGION_LENGTH__)?__EEPROM_REGION_LENGTH__:0x10000
                0x00000400                __FUSE_REGION_LENGTH__ = DEFINED (__FUSE_REGION_LENGTH__)?__FUSE_REGION_LENGTH__:0x400
                0x00000400                __LOCK_REGION_LENGTH__ = DEFINED (__LOCK_REGION_LENGTH__)?__LOCK_REGION_LENGTH__:0x400
                0x00000400                __SIGNATURE_REGION_LENGTH__ = DEFINED (__SIGNATURE_REGION_LENGTH__)?__SIGNATURE_REGION_LENGTH__:0x400
                0x00000400                __USER_SIGNATURE_REGION_LENGTH__ = DEFINED (__USER_SIGNATURE_REGION_LENGTH__)?__USER_SIGNATURE_REGION_LENGTH__:0x400

.hash
 *(.hash)

.dynsym
 *(.dynsym)

.dynstr
 *(.dynstr)

.gnu.version
 *(.gnu.version)

.gnu.version_d
 *(.gnu.version_d)

.gnu.version_r
 *(.gnu.version_r)

.rel.init
 *(.rel.init)

.rela.init
 *(.rela.init)

.rel.text
 *(.rel.text)
 *(.rel.text.*)
 *(.rel.gnu.linkonce.t*)

.rela.text
 *(.rela.text)
 *(.rela.text.*)
 *(.rela.gnu.linkonce.t*)

.rel.fini
 *(.rel.fini)

.rela.fini
 *(.rela.fini)

.rel.rodata
 *(.rel.rodata)
 *(.rel.rodata.*)
 *(.rel.gnu.linkonce.r*)

.rela.rodata
 *(.rela.rodata)
 *(.rela.rodata.*)
 *(.rela.gnu.linkonce.r*)

.rel.data
 *(.rel.data)
 *(.rel.data.*)
 *(.rel.gnu.linkonce.d*)

.rela.data
 *(.rela.data)
 *(.rela.data.*)
 *(.rela.gnu.linkonce.d*)

.rel.ctors
 *(.rel.ctors)

.rela.ctors
 *(.rela.ctors)

.rel.dtors
 *(.rel.dtors)

.rela.dtors
 *(.rela.dtors)

.rel.got
 *(.rel.got)

.rela.got
 *(.rela.got)

.rel.bss
 *(.rel.bss)

.rela.bss
 *(.rela.bss)

.rel.plt
 *(.rel.plt)

.rela.plt
 *(.rela.plt)

.text           0x00000000      0x846
 *(.vectors)
 .vectors       0x00000000       0x68 C:/Program Files (x86)/Atmel/Studio/7.0/Packs/atmel/ATmega_DFP/1.0.106/gcc/dev/atmega328p/avr5/crtatmega328p.o
                0x00000000                __vector_default
                0x00000000                __vectors
 *(.vectors)
 *(.progmem.gcc*)
                0x00000068                . = ALIGN (0x2)
                0x00000068                __trampolines_start = .
 *(.trampolines)
 .trampolines   0x00000068        0x0 linker stubs
 *(.trampolines*)
                0x00000068                __trampolines_end = .
 *libprintf_flt.a:*(.progmem.data)
 *libc.a:*(.progmem.data)
 *(.progmem*)
 .progmem.data._ZN5Clock17ClockMinutesTableE
                0x00000068       0xf0 src/Clock/Clock.o
                0x00000068                _ZN5Clock17ClockMinutesTableE
 .progmem.data._ZN5Clock15ClockHoursTableE
                0x00000158       0x30 src/Clock/Clock.o
                0x00000158                _ZN5Clock15ClockHoursTableE
 .progmem.data._ZN7Display21WordIlluminationTableE
                0x00000188       0x51 src/Display/Display.o
                0x00000188                _ZN7Display21WordIlluminationTableE
 .progmem.data.digital_pin_to_bit_mask_PGM
                0x000001d9       0x14 C:\Users\virskl\Documents\GitHub\Wordclock\Wordclock\Wordclock\ArduinoCore\Debug\libArduinoCore.a(wiring_digital.o)
                0x000001d9                digital_pin_to_bit_mask_PGM
 .progmem.data.digital_pin_to_port_PGM
                0x000001ed       0x14 C:\Users\virskl\Documents\GitHub\Wordclock\Wordclock\Wordclock\ArduinoCore\Debug\libArduinoCore.a(wiring_digital.o)
                0x000001ed                digital_pin_to_port_PGM
 .progmem.data.port_to_output_PGM
                0x00000201        0xa C:\Users\virskl\Documents\GitHub\Wordclock\Wordclock\Wordclock\ArduinoCore\Debug\libArduinoCore.a(wiring_digital.o)
                0x00000201                port_to_output_PGM
 .progmem.data.port_to_mode_PGM
                0x0000020b        0xa C:\Users\virskl\Documents\GitHub\Wordclock\Wordclock\Wordclock\ArduinoCore\Debug\libArduinoCore.a(wiring_digital.o)
                0x0000020b                port_to_mode_PGM
                0x00000216                . = ALIGN (0x2)
 *fill*         0x00000215        0x1 
 *(.jumptables)
 *(.jumptables*)
 *(.lowtext)
 *(.lowtext*)
                0x00000216                __ctors_start = .
 *(.ctors)
 .ctors         0x00000216        0x2 Sketch.o
                0x00000218                __ctors_end = .
                0x00000218                __dtors_start = .
 *(.dtors)
 .dtors         0x00000218        0x2 Sketch.o
                0x0000021a                __dtors_end = .
 SORT(*)(.ctors)
 SORT(*)(.dtors)
 *(.init0)
 .init0         0x0000021a        0x0 C:/Program Files (x86)/Atmel/Studio/7.0/Packs/atmel/ATmega_DFP/1.0.106/gcc/dev/atmega328p/avr5/crtatmega328p.o
                0x0000021a                __init
 *(.init0)
 *(.init1)
 *(.init1)
 *(.init2)
 .init2         0x0000021a        0xc C:/Program Files (x86)/Atmel/Studio/7.0/Packs/atmel/ATmega_DFP/1.0.106/gcc/dev/atmega328p/avr5/crtatmega328p.o
 *(.init2)
 *(.init3)
 *(.init3)
 *(.init4)
 .init4         0x00000226       0x10 c:/program files (x86)/atmel/studio/7.0/toolchain/avr8/avr8-gnu-toolchain/bin/../lib/gcc/avr/4.9.2/avr5\libgcc.a(_clear_bss.o)
                0x00000226                __do_clear_bss
 *(.init4)
 *(.init5)
 *(.init5)
 *(.init6)
 .init6         0x00000236       0x16 c:/program files (x86)/atmel/studio/7.0/toolchain/avr8/avr8-gnu-toolchain/bin/../lib/gcc/avr/4.9.2/avr5\libgcc.a(_ctors.o)
                0x00000236                __do_global_ctors
 *(.init6)
 *(.init7)
 *(.init7)
 *(.init8)
 *(.init8)
 *(.init9)
 .init9         0x0000024c        0x8 C:/Program Files (x86)/Atmel/Studio/7.0/Packs/atmel/ATmega_DFP/1.0.106/gcc/dev/atmega328p/avr5/crtatmega328p.o
 *(.init9)
 *(.text)
 .text          0x00000254        0x4 C:/Program Files (x86)/Atmel/Studio/7.0/Packs/atmel/ATmega_DFP/1.0.106/gcc/dev/atmega328p/avr5/crtatmega328p.o
                0x00000254                __vector_22
                0x00000254                __vector_1
                0x00000254                __vector_24
                0x00000254                __vector_12
                0x00000254                __bad_interrupt
                0x00000254                __vector_6
                0x00000254                __vector_3
                0x00000254                __vector_23
                0x00000254                __vector_25
                0x00000254                __vector_11
                0x00000254                __vector_13
                0x00000254                __vector_17
                0x00000254                __vector_19
                0x00000254                __vector_7
                0x00000254                __vector_5
                0x00000254                __vector_4
                0x00000254                __vector_9
                0x00000254                __vector_2
                0x00000254                __vector_21
                0x00000254                __vector_15
                0x00000254                __vector_8
                0x00000254                __vector_14
                0x00000254                __vector_10
                0x00000254                __vector_18
                0x00000254                __vector_20
                0x00000258                . = ALIGN (0x2)
 *(.text.*)
 .text.setup    0x00000258        0xc Sketch.o
                0x00000258                setup
 .text.loop     0x00000264        0x2 Sketch.o
                0x00000264                loop
 .text.startup._GLOBAL__sub_I_flag
                0x00000266       0x1c Sketch.o
 .text.exit._GLOBAL__sub_D_flag
                0x00000282       0x10 Sketch.o
 .text._ZN5ClockC2EP7Display14ClockModesType
                0x00000292       0x12 src/Clock/Clock.o
                0x00000292                _ZN5ClockC2EP7Display14ClockModesType
                0x00000292                _ZN5ClockC1EP7Display14ClockModesType
 .text._ZN5ClockD2Ev
                0x000002a4        0x2 src/Clock/Clock.o
                0x000002a4                _ZN5ClockD2Ev
                0x000002a4                _ZN5ClockD1Ev
 .text._ZN5Clock13getClockWordsEhhP14ClockWordsType
                0x000002a6       0xe8 src/Clock/Clock.o
                0x000002a6                _ZN5Clock13getClockWordsEhhP14ClockWordsType
 .text._ZN5Clock4showEhh
                0x0000038e       0xdc src/Clock/Clock.o
                0x0000038e                _ZN5Clock4showEhh
 .text._ZN7DisplayC2Ehhh
                0x0000046a       0x44 src/Display/Display.o
                0x0000046a                _ZN7DisplayC1Ehhh
                0x0000046a                _ZN7DisplayC2Ehhh
 .text._ZN7DisplayD2Ev
                0x000004ae        0x6 src/Display/Display.o
                0x000004ae                _ZN7DisplayD2Ev
                0x000004ae                _ZN7DisplayD1Ev
 .text._ZN7Display21transformToSerpentineEhh
                0x000004b4       0x16 src/Display/Display.o
                0x000004b4                _ZN7Display21transformToSerpentineEhh
 .text._ZN7Display8setPixelEhh
                0x000004ca       0x34 src/Display/Display.o
                0x000004ca                _ZN7Display8setPixelEhh
 .text._ZN7Display7setWordE15DisplayWordTypeh
                0x000004fe       0x84 src/Display/Display.o
                0x000004fe                _ZN7Display7setWordE15DisplayWordTypeh
 .text._ZN6WS2812D2Ev
                0x00000582        0x2 src/WS2812/WS2812.o
                0x00000582                _ZN6WS2812D2Ev
                0x00000582                _ZN6WS2812D1Ev
 .text._ZN6WS28126setPinEh
                0x00000584       0x42 src/WS2812/WS2812.o
                0x00000584                _ZN6WS28126setPinEh
 .text._ZN6WS2812C2Eh
                0x000005c6       0x4c src/WS2812/WS2812.o
                0x000005c6                _ZN6WS2812C2Eh
                0x000005c6                _ZN6WS2812C1Eh
 .text._ZN6WS28128setPixelEh15WS2812PixelType
                0x00000612       0x42 src/WS2812/WS2812.o
                0x00000612                _ZN6WS28128setPixelEh15WS2812PixelType
 .text.initVariant
                0x00000654        0x2 C:\Users\virskl\Documents\GitHub\Wordclock\Wordclock\Wordclock\ArduinoCore\Debug\libArduinoCore.a(main.o)
                0x00000654                initVariant
 .text.startup.main
                0x00000656       0x1e C:\Users\virskl\Documents\GitHub\Wordclock\Wordclock\Wordclock\ArduinoCore\Debug\libArduinoCore.a(main.o)
                0x00000656                main
 .text.__vector_16
                0x00000674       0x94 C:\Users\virskl\Documents\GitHub\Wordclock\Wordclock\Wordclock\ArduinoCore\Debug\libArduinoCore.a(wiring.o)
                0x00000674                __vector_16
 .text.init     0x00000708       0x76 C:\Users\virskl\Documents\GitHub\Wordclock\Wordclock\Wordclock\ArduinoCore\Debug\libArduinoCore.a(wiring.o)
                0x00000708                init
 .text.pinMode  0x0000077e       0x78 C:\Users\virskl\Documents\GitHub\Wordclock\Wordclock\Wordclock\ArduinoCore\Debug\libArduinoCore.a(wiring_digital.o)
                0x0000077e                pinMode
 .text.libgcc.div
                0x000007f6       0x18 c:/program files (x86)/atmel/studio/7.0/toolchain/avr8/avr8-gnu-toolchain/bin/../lib/gcc/avr/4.9.2/avr5\libgcc.a(_udivmodqi4.o)
                0x000007f6                __udivmodqi4
 .text.libgcc   0x0000080e        0xc c:/program files (x86)/atmel/studio/7.0/toolchain/avr8/avr8-gnu-toolchain/bin/../lib/gcc/avr/4.9.2/avr5\libgcc.a(_tablejump2.o)
                0x0000080e                __tablejump2__
 .text.avr-libc
                0x0000081a       0x12 c:/program files (x86)/atmel/studio/7.0/toolchain/avr8/avr8-gnu-toolchain/bin/../lib/gcc/avr/4.9.2/../../../../avr/lib/avr5\libc.a(memcpy_P.o)
                0x0000081a                memcpy_P
                0x0000082c                . = ALIGN (0x2)
 *(.fini9)
 .fini9         0x0000082c        0x0 c:/program files (x86)/atmel/studio/7.0/toolchain/avr8/avr8-gnu-toolchain/bin/../lib/gcc/avr/4.9.2/avr5\libgcc.a(_exit.o)
                0x0000082c                _exit
                0x0000082c                exit
 *(.fini9)
 *(.fini8)
 *(.fini8)
 *(.fini7)
 *(.fini7)
 *(.fini6)
 .fini6         0x0000082c       0x16 c:/program files (x86)/atmel/studio/7.0/toolchain/avr8/avr8-gnu-toolchain/bin/../lib/gcc/avr/4.9.2/avr5\libgcc.a(_dtors.o)
                0x0000082c                __do_global_dtors
 *(.fini6)
 *(.fini5)
 *(.fini5)
 *(.fini4)
 *(.fini4)
 *(.fini3)
 *(.fini3)
 *(.fini2)
 *(.fini2)
 *(.fini1)
 *(.fini1)
 *(.fini0)
 .fini0         0x00000842        0x4 c:/program files (x86)/atmel/studio/7.0/toolchain/avr8/avr8-gnu-toolchain/bin/../lib/gcc/avr/4.9.2/avr5\libgcc.a(_exit.o)
 *(.fini0)
                0x00000846                _etext = .

.data           0x00800100        0x0 load address 0x00000846
                [!provide]                PROVIDE (__data_start, .)
 *(.data)
 *(.data*)
 *(.rodata)
 *(.rodata*)
 *(.gnu.linkonce.d*)
                0x00800100                . = ALIGN (0x2)
                0x00800100                _edata = .
                [!provide]                PROVIDE (__data_end, .)

.bss            0x00800100      0x165
                0x00800100                PROVIDE (__bss_start, .)
 *(.bss)
 *(.bss*)
 .bss.wcClock   0x00800100        0x3 Sketch.o
                0x00800100                wcClock
 .bss.WordClockDisplay
                0x00800103      0x159 Sketch.o
                0x00800103                WordClockDisplay
 .bss.timer0_fract
                0x0080025c        0x1 C:\Users\virskl\Documents\GitHub\Wordclock\Wordclock\Wordclock\ArduinoCore\Debug\libArduinoCore.a(wiring.o)
 .bss.timer0_millis
                0x0080025d        0x4 C:\Users\virskl\Documents\GitHub\Wordclock\Wordclock\Wordclock\ArduinoCore\Debug\libArduinoCore.a(wiring.o)
                0x0080025d                timer0_millis
 .bss.timer0_overflow_count
                0x00800261        0x4 C:\Users\virskl\Documents\GitHub\Wordclock\Wordclock\Wordclock\ArduinoCore\Debug\libArduinoCore.a(wiring.o)
                0x00800261                timer0_overflow_count
 *(COMMON)
                0x00800265                PROVIDE (__bss_end, .)
                0x00000846                __data_load_start = LOADADDR (.data)
                0x00000846                __data_load_end = (__data_load_start + SIZEOF (.data))

.noinit         0x00800265        0x0
                [!provide]                PROVIDE (__noinit_start, .)
 *(.noinit*)
                [!provide]                PROVIDE (__noinit_end, .)
                0x00800265                _end = .
                [!provide]                PROVIDE (__heap_start, .)

.eeprom         0x00810000        0x0
 *(.eeprom*)
                0x00810000                __eeprom_end = .

.fuse
 *(.fuse)
 *(.lfuse)
 *(.hfuse)
 *(.efuse)

.lock
 *(.lock*)

.signature
 *(.signature*)

.user_signatures
 *(.user_signatures*)

.stab
 *(.stab)

.stabstr
 *(.stabstr)

.stab.excl
 *(.stab.excl)

.stab.exclstr
 *(.stab.exclstr)

.stab.index
 *(.stab.index)

.stab.indexstr
 *(.stab.indexstr)

.comment        0x00000000       0x30
 *(.comment)
 .comment       0x00000000       0x30 Sketch.o
                                 0x31 (size before relaxing)
 .comment       0x00000030       0x31 src/Clock/Clock.o
 .comment       0x00000030       0x31 src/Display/Display.o
 .comment       0x00000030       0x31 src/WS2812/WS2812.o
 .comment       0x00000030       0x31 C:\Users\virskl\Documents\GitHub\Wordclock\Wordclock\Wordclock\ArduinoCore\Debug\libArduinoCore.a(main.o)
 .comment       0x00000030       0x31 C:\Users\virskl\Documents\GitHub\Wordclock\Wordclock\Wordclock\ArduinoCore\Debug\libArduinoCore.a(wiring.o)
 .comment       0x00000030       0x31 C:\Users\virskl\Documents\GitHub\Wordclock\Wordclock\Wordclock\ArduinoCore\Debug\libArduinoCore.a(wiring_digital.o)

.note.gnu.avr.deviceinfo
                0x00000000       0x40
 .note.gnu.avr.deviceinfo
                0x00000000       0x40 C:/Program Files (x86)/Atmel/Studio/7.0/Packs/atmel/ATmega_DFP/1.0.106/gcc/dev/atmega328p/avr5/crtatmega328p.o

.note.gnu.build-id
 *(.note.gnu.build-id)

.debug
 *(.debug)

.line
 *(.line)

.debug_srcinfo
 *(.debug_srcinfo)

.debug_sfnames
 *(.debug_sfnames)

.debug_aranges  0x00000000      0x238
 *(.debug_aranges)
 .debug_aranges
                0x00000000       0x38 Sketch.o
 .debug_aranges
                0x00000038       0x38 src/Clock/Clock.o
 .debug_aranges
                0x00000070       0x98 src/Display/Display.o
 .debug_aranges
                0x00000108       0x78 src/WS2812/WS2812.o
 .debug_aranges
                0x00000180       0x38 C:\Users\virskl\Documents\GitHub\Wordclock\Wordclock\Wordclock\ArduinoCore\Debug\libArduinoCore.a(main.o)
 .debug_aranges
                0x000001b8       0x48 C:\Users\virskl\Documents\GitHub\Wordclock\Wordclock\Wordclock\ArduinoCore\Debug\libArduinoCore.a(wiring.o)
 .debug_aranges
                0x00000200       0x38 C:\Users\virskl\Documents\GitHub\Wordclock\Wordclock\Wordclock\ArduinoCore\Debug\libArduinoCore.a(wiring_digital.o)

.debug_pubnames
 *(.debug_pubnames)

.debug_info     0x00000000     0x5cdd
 *(.debug_info .gnu.linkonce.wi.*)
 .debug_info    0x00000000     0x1350 Sketch.o
 .debug_info    0x00001350     0x168d src/Clock/Clock.o
 .debug_info    0x000029dd     0x1a71 src/Display/Display.o
 .debug_info    0x0000444e      0xd9d src/WS2812/WS2812.o
 .debug_info    0x000051eb      0x231 C:\Users\virskl\Documents\GitHub\Wordclock\Wordclock\Wordclock\ArduinoCore\Debug\libArduinoCore.a(main.o)
 .debug_info    0x0000541c      0x2c8 C:\Users\virskl\Documents\GitHub\Wordclock\Wordclock\Wordclock\ArduinoCore\Debug\libArduinoCore.a(wiring.o)
 .debug_info    0x000056e4      0x5f9 C:\Users\virskl\Documents\GitHub\Wordclock\Wordclock\Wordclock\ArduinoCore\Debug\libArduinoCore.a(wiring_digital.o)

.debug_abbrev   0x00000000     0x123e
 *(.debug_abbrev)
 .debug_abbrev  0x00000000      0x2a2 Sketch.o
 .debug_abbrev  0x000002a2      0x35a src/Clock/Clock.o
 .debug_abbrev  0x000005fc      0x476 src/Display/Display.o
 .debug_abbrev  0x00000a72      0x423 src/WS2812/WS2812.o
 .debug_abbrev  0x00000e95      0x109 C:\Users\virskl\Documents\GitHub\Wordclock\Wordclock\Wordclock\ArduinoCore\Debug\libArduinoCore.a(main.o)
 .debug_abbrev  0x00000f9e      0x145 C:\Users\virskl\Documents\GitHub\Wordclock\Wordclock\Wordclock\ArduinoCore\Debug\libArduinoCore.a(wiring.o)
 .debug_abbrev  0x000010e3      0x15b C:\Users\virskl\Documents\GitHub\Wordclock\Wordclock\Wordclock\ArduinoCore\Debug\libArduinoCore.a(wiring_digital.o)

.debug_line     0x00000000     0x16a7
 *(.debug_line .debug_line.* .debug_line_end)
 .debug_line    0x00000000      0x204 Sketch.o
 .debug_line    0x00000204      0x39f src/Clock/Clock.o
 .debug_line    0x000005a3      0x5d9 src/Display/Display.o
 .debug_line    0x00000b7c      0x4cb src/WS2812/WS2812.o
 .debug_line    0x00001047      0x175 C:\Users\virskl\Documents\GitHub\Wordclock\Wordclock\Wordclock\ArduinoCore\Debug\libArduinoCore.a(main.o)
 .debug_line    0x000011bc      0x299 C:\Users\virskl\Documents\GitHub\Wordclock\Wordclock\Wordclock\ArduinoCore\Debug\libArduinoCore.a(wiring.o)
 .debug_line    0x00001455      0x252 C:\Users\virskl\Documents\GitHub\Wordclock\Wordclock\Wordclock\ArduinoCore\Debug\libArduinoCore.a(wiring_digital.o)

.debug_frame    0x00000000      0x5ec
 *(.debug_frame)
 .debug_frame   0x00000000       0x54 Sketch.o
 .debug_frame   0x00000054       0xac src/Clock/Clock.o
 .debug_frame   0x00000100      0x220 src/Display/Display.o
 .debug_frame   0x00000320      0x138 src/WS2812/WS2812.o
 .debug_frame   0x00000458       0x54 C:\Users\virskl\Documents\GitHub\Wordclock\Wordclock\Wordclock\ArduinoCore\Debug\libArduinoCore.a(main.o)
 .debug_frame   0x000004ac       0xc4 C:\Users\virskl\Documents\GitHub\Wordclock\Wordclock\Wordclock\ArduinoCore\Debug\libArduinoCore.a(wiring.o)
 .debug_frame   0x00000570       0x7c C:\Users\virskl\Documents\GitHub\Wordclock\Wordclock\Wordclock\ArduinoCore\Debug\libArduinoCore.a(wiring_digital.o)

.debug_str      0x00000000     0x1ef3
 *(.debug_str)
 .debug_str     0x00000000     0x19ab Sketch.o
                               0x1bb2 (size before relaxing)
 .debug_str     0x000019ab       0xc8 src/Clock/Clock.o
                               0x1c02 (size before relaxing)
 .debug_str     0x00001a73       0xcd src/Display/Display.o
                               0x1926 (size before relaxing)
 .debug_str     0x00001b40      0x116 src/WS2812/WS2812.o
                                0x793 (size before relaxing)
 .debug_str     0x00001c56       0xb7 C:\Users\virskl\Documents\GitHub\Wordclock\Wordclock\Wordclock\ArduinoCore\Debug\libArduinoCore.a(main.o)
                                0x2ba (size before relaxing)
 .debug_str     0x00001d0d      0x159 C:\Users\virskl\Documents\GitHub\Wordclock\Wordclock\Wordclock\ArduinoCore\Debug\libArduinoCore.a(wiring.o)
                                0x244 (size before relaxing)
 .debug_str     0x00001e66       0x8d C:\Users\virskl\Documents\GitHub\Wordclock\Wordclock\Wordclock\ArduinoCore\Debug\libArduinoCore.a(wiring_digital.o)
                                0x2a9 (size before relaxing)

.debug_loc      0x00000000     0x2a0e
 *(.debug_loc)
 .debug_loc     0x00000000      0x564 src/Clock/Clock.o
 .debug_loc     0x00000564     0x1240 src/Display/Display.o
 .debug_loc     0x000017a4      0xa1e src/WS2812/WS2812.o
 .debug_loc     0x000021c2      0x269 C:\Users\virskl\Documents\GitHub\Wordclock\Wordclock\Wordclock\ArduinoCore\Debug\libArduinoCore.a(wiring.o)
 .debug_loc     0x0000242b      0x5e3 C:\Users\virskl\Documents\GitHub\Wordclock\Wordclock\Wordclock\ArduinoCore\Debug\libArduinoCore.a(wiring_digital.o)

.debug_macinfo
 *(.debug_macinfo)

.debug_weaknames
 *(.debug_weaknames)

.debug_funcnames
 *(.debug_funcnames)

.debug_typenames
 *(.debug_typenames)

.debug_varnames
 *(.debug_varnames)

.debug_pubtypes
 *(.debug_pubtypes)

.debug_ranges   0x00000000      0x270
 *(.debug_ranges)
 .debug_ranges  0x00000000       0x28 Sketch.o
 .debug_ranges  0x00000028       0x58 src/Clock/Clock.o
 .debug_ranges  0x00000080      0x100 src/Display/Display.o
 .debug_ranges  0x00000180       0x68 src/WS2812/WS2812.o
 .debug_ranges  0x000001e8       0x28 C:\Users\virskl\Documents\GitHub\Wordclock\Wordclock\Wordclock\ArduinoCore\Debug\libArduinoCore.a(main.o)
 .debug_ranges  0x00000210       0x38 C:\Users\virskl\Documents\GitHub\Wordclock\Wordclock\Wordclock\ArduinoCore\Debug\libArduinoCore.a(wiring.o)
 .debug_ranges  0x00000248       0x28 C:\Users\virskl\Documents\GitHub\Wordclock\Wordclock\Wordclock\ArduinoCore\Debug\libArduinoCore.a(wiring_digital.o)

.debug_macro
 *(.debug_macro)
OUTPUT(Wordclock.elf elf32-avr)
LOAD linker stubs
